Archive member included because of file (symbol)

C:\Users\nykos\src\cpu-achitecture\examples\lpc_board_nxp_lpcxpresso_1769\Debug\liblpc_board_nxp_lpcxpresso_1769.a(board.o)
                              ./freertos/src/FreeRTOSCommonHooks.o (Board_UARTPutSTR)
C:\Users\nykos\src\cpu-achitecture\examples\lpc_board_nxp_lpcxpresso_1769\Debug\liblpc_board_nxp_lpcxpresso_1769.a(board_sysinit.o)
                              ./example/src/sysinit.o (Board_SystemInit)
C:\Users\nykos\src\cpu-achitecture\examples\lpc_board_nxp_lpcxpresso_1769\Debug\liblpc_board_nxp_lpcxpresso_1769.a(lpc_phy_smsc87x0.o)
                              ./lwip/src/arch/lpc17xx_40xx_emac.o (lpc_phy_init)
C:\Users\nykos\src\cpu-achitecture\examples\lpc_chip_175x_6x\Debug\liblpc_chip_175x_6x.a(chip_17xx_40xx.o)
                              ./freertos/src/port.o (SystemCoreClock)
C:\Users\nykos\src\cpu-achitecture\examples\lpc_chip_175x_6x\Debug\liblpc_chip_175x_6x.a(clock_17xx_40xx.o)
                              C:\Users\nykos\src\cpu-achitecture\examples\lpc_chip_175x_6x\Debug\liblpc_chip_175x_6x.a(chip_17xx_40xx.o) (Chip_Clock_EnablePLL)
C:\Users\nykos\src\cpu-achitecture\examples\lpc_chip_175x_6x\Debug\liblpc_chip_175x_6x.a(enet_17xx_40xx.o)
                              ./lwip/src/arch/lpc17xx_40xx_emac.o (Chip_ENET_Init)
C:\Users\nykos\src\cpu-achitecture\examples\lpc_chip_175x_6x\Debug\liblpc_chip_175x_6x.a(i2s_17xx_40xx.o)
                              C:\Users\nykos\src\cpu-achitecture\examples\lpc_board_nxp_lpcxpresso_1769\Debug\liblpc_board_nxp_lpcxpresso_1769.a(board.o) (Chip_I2S_Init)
C:\Users\nykos\src\cpu-achitecture\examples\lpc_chip_175x_6x\Debug\liblpc_chip_175x_6x.a(iocon_17xx_40xx.o)
                              C:\Users\nykos\src\cpu-achitecture\examples\lpc_board_nxp_lpcxpresso_1769\Debug\liblpc_board_nxp_lpcxpresso_1769.a(board.o) (Chip_IOCON_PinMux)
C:\Users\nykos\src\cpu-achitecture\examples\lpc_chip_175x_6x\Debug\liblpc_chip_175x_6x.a(sysinit_17xx_40xx.o)
                              C:\Users\nykos\src\cpu-achitecture\examples\lpc_board_nxp_lpcxpresso_1769\Debug\liblpc_board_nxp_lpcxpresso_1769.a(board_sysinit.o) (Chip_SetupXtalClocking)
C:\Users\nykos\src\cpu-achitecture\examples\lpc_chip_175x_6x\Debug\liblpc_chip_175x_6x.a(uart_17xx_40xx.o)
                              C:\Users\nykos\src\cpu-achitecture\examples\lpc_board_nxp_lpcxpresso_1769\Debug\liblpc_board_nxp_lpcxpresso_1769.a(board.o) (Chip_UART_Init)
C:\Users\nykos\src\cpu-achitecture\examples\lpc_chip_175x_6x\Debug\liblpc_chip_175x_6x.a(ring_buffer.o)
                              C:\Users\nykos\src\cpu-achitecture\examples\lpc_chip_175x_6x\Debug\liblpc_chip_175x_6x.a(uart_17xx_40xx.o) (RingBuffer_Insert)
c:/nxp/lpcxpresso_7.9.2_493/lpcxpresso/tools/bin/../lib/gcc/arm-none-eabi/4.9.3/../../../../arm-none-eabi/lib/armv7-m\libcr_nohost.a(_cr__main.o)
                              ./example/src/cr_startup_lpc175x_6x.o (__main)
c:/nxp/lpcxpresso_7.9.2_493/lpcxpresso/tools/bin/../lib/gcc/arm-none-eabi/4.9.3/../../../../arm-none-eabi/lib/armv7-m\libcr_c.a(memcpy.o)
                              ./lwip/src/netif/etharp.o (memcpy)
c:/nxp/lpcxpresso_7.9.2_493/lpcxpresso/tools/bin/../lib/gcc/arm-none-eabi/4.9.3/../../../../arm-none-eabi/lib/armv7-m\libcr_c.a(memset.o)
                              ./lwip/src/core/ipv4/ip_frag.o (memset)
c:/nxp/lpcxpresso_7.9.2_493/lpcxpresso/tools/bin/../lib/gcc/arm-none-eabi/4.9.3/../../../../arm-none-eabi/lib/armv7-m\libcr_c.a(alloc.o)
                              ./lwip/src/core/ipv4/ip_frag.o (malloc)
c:/nxp/lpcxpresso_7.9.2_493/lpcxpresso/tools/bin/../lib/gcc/arm-none-eabi/4.9.3/../../../../arm-none-eabi/lib/armv7-m\libcr_c.a(fpprintf.o)
                              ./freertos/src/FreeRTOSCommonHooks.o (printf)
c:/nxp/lpcxpresso_7.9.2_493/lpcxpresso/tools/bin/../lib/gcc/arm-none-eabi/4.9.3/../../../../arm-none-eabi/lib/armv7-m\libcr_c.a(initio.o)
                              c:/nxp/lpcxpresso_7.9.2_493/lpcxpresso/tools/bin/../lib/gcc/arm-none-eabi/4.9.3/../../../../arm-none-eabi/lib/armv7-m\libcr_nohost.a(_cr__main.o) (_initio)
c:/nxp/lpcxpresso_7.9.2_493/lpcxpresso/tools/bin/../lib/gcc/arm-none-eabi/4.9.3/../../../../arm-none-eabi/lib/armv7-m\libcr_c.a(memcmp.o)
                              ./lwip/src/netif/etharp.o (memcmp)
c:/nxp/lpcxpresso_7.9.2_493/lpcxpresso/tools/bin/../lib/gcc/arm-none-eabi/4.9.3/../../../../arm-none-eabi/lib/armv7-m\libcr_c.a(printf.o)
                              c:/nxp/lpcxpresso_7.9.2_493/lpcxpresso/tools/bin/../lib/gcc/arm-none-eabi/4.9.3/../../../../arm-none-eabi/lib/armv7-m\libcr_c.a(fpprintf.o) (__vfprintf)
c:/nxp/lpcxpresso_7.9.2_493/lpcxpresso/tools/bin/../lib/gcc/arm-none-eabi/4.9.3/../../../../arm-none-eabi/lib/armv7-m\libcr_c.a(setvbuf.o)
                              c:/nxp/lpcxpresso_7.9.2_493/lpcxpresso/tools/bin/../lib/gcc/arm-none-eabi/4.9.3/../../../../arm-none-eabi/lib/armv7-m\libcr_c.a(initio.o) (setvbuf)
[...]
Memory Configuration

Name             Origin             Length             Attributes
MFlash512        0x00000000         0x00080000         xr
RamLoc32         0x10000000         0x00008000         xrw
RamAHB32         0x2007c000         0x00008000         xrw
*default*        0x00000000         0xffffffff

Linker script and memory map

LOAD ./lwip/src/netif/etharp.o
LOAD ./lwip/src/netif/ethernetif.o
LOAD ./lwip/src/core/ipv4/autoip.o
LOAD ./lwip/src/core/ipv4/icmp.o
LOAD ./lwip/src/core/ipv4/igmp.o
LOAD ./lwip/src/core/ipv4/inet.o
LOAD ./lwip/src/core/ipv4/inet_chksum.o
LOAD ./lwip/src/core/ipv4/ip.o
LOAD ./lwip/src/core/ipv4/ip_addr.o
LOAD ./lwip/src/core/ipv4/ip_frag.o
LOAD ./lwip/src/core/def.o
LOAD ./lwip/src/core/dhcp.o
LOAD ./lwip/src/core/dns.o
LOAD ./lwip/src/core/init.o
LOAD ./lwip/src/core/mem.o
LOAD ./lwip/src/core/memp.o
LOAD ./lwip/src/core/netif.o
LOAD ./lwip/src/core/pbuf.o
LOAD ./lwip/src/core/raw.o
LOAD ./lwip/src/core/stats.o
LOAD ./lwip/src/core/sys.o
LOAD ./lwip/src/core/tcp.o
LOAD ./lwip/src/core/tcp_in.o
LOAD ./lwip/src/core/tcp_out.o
LOAD ./lwip/src/core/timers.o
LOAD ./lwip/src/core/udp.o
LOAD ./lwip/src/arch/lpc17xx_40xx_emac.o
LOAD ./lwip/src/arch/lpc_debug.o
LOAD ./lwip/src/arch/sys_arch_freertos.o
LOAD ./lwip/src/api/api_lib.o
LOAD ./lwip/src/api/api_msg.o
LOAD ./lwip/src/api/err.o
LOAD ./lwip/src/api/netbuf.o
LOAD ./lwip/src/api/netdb.o
LOAD ./lwip/src/api/netifapi.o
LOAD ./lwip/src/api/sockets.o
LOAD ./lwip/src/api/tcpip.o
LOAD ./freertos/src/FreeRTOSCommonHooks.o
LOAD ./freertos/src/heap_3.o
LOAD ./freertos/src/list.o
LOAD ./freertos/src/port.o
LOAD ./freertos/src/queue.o
LOAD ./freertos/src/tasks.o
LOAD ./example/src/cr_redlib_heap_fix.o
LOAD ./example/src/cr_startup_lpc175x_6x.o
LOAD ./example/src/lwip_tcpecho_freertos.o
LOAD ./example/src/sysinit.o
LOAD ./example/src/tcpecho.o
LOAD C:\Users\nykos\src\cpu-achitecture\examples\lpc_board_nxp_lpcxpresso_1769\Debug\liblpc_board_nxp_lpcxpresso_1769.a
LOAD C:\Users\nykos\src\cpu-achitecture\examples\lpc_chip_175x_6x\Debug\liblpc_chip_175x_6x.a
START GROUP
LOAD c:/nxp/lpcxpresso_7.9.2_493/lpcxpresso/tools/bin/../lib/gcc/arm-none-eabi/4.9.3/../../../../arm-none-eabi/lib/armv7-m\libcr_nohost.a
LOAD c:/nxp/lpcxpresso_7.9.2_493/lpcxpresso/tools/bin/../lib/gcc/arm-none-eabi/4.9.3/../../../../arm-none-eabi/lib/armv7-m\libcr_c.a
LOAD c:/nxp/lpcxpresso_7.9.2_493/lpcxpresso/tools/bin/../lib/gcc/arm-none-eabi/4.9.3/armv7-m\libcr_eabihelpers.a
END GROUP
                0x00000000                __base_MFlash512 = 0x0
                0x00000000                __base_Flash = 0x0
                0x00080000                __top_MFlash512 = 0x80000
                0x00080000                __top_Flash = 0x80000
                0x10000000                __base_RamLoc32 = 0x10000000
                0x10000000                __base_RAM = 0x10000000
                0x10008000                __top_RamLoc32 = 0x10008000
                0x10008000                __top_RAM = 0x10008000
                0x2007c000                __base_RamAHB32 = 0x2007c000
                0x2007c000                __base_RAM2 = 0x2007c000
                0x20084000                __top_RamAHB32 = 0x20084000
                0x20084000                __top_RAM2 = 0x20084000

.text           0x00000000    0x12590
 FILL mask 0xff
                0x00000000                __vectors_start__ = ABSOLUTE (.)
 *(.isr_vector)
 .isr_vector    0x00000000       0xcc ./example/src/cr_startup_lpc175x_6x.o
                0x00000000                g_pfnVectors
                0x000000cc                . = ALIGN (0x4)
                0x000000cc                __section_table_start = .
                0x000000cc                __data_section_table = .
                0x000000cc        0x4 LONG 0x12590 LOADADDR (.data)
                0x000000d0        0x4 LONG 0x10000000 ADDR (.data)
                0x000000d4        0x4 LONG 0x18 SIZEOF (.data)
                0x000000d8        0x4 LONG 0x12590 LOADADDR (.data_RAM2)
                0x000000dc        0x4 LONG 0x2007c000 ADDR (.data_RAM2)
                0x000000e0        0x4 LONG 0x0 SIZEOF (.data_RAM2)
                0x000000e4                __data_section_table_end = .
                0x000000e4                __bss_section_table = .
                0x000000e4        0x4 LONG 0x10000018 ADDR (.bss)
                0x000000e8        0x4 LONG 0x54c SIZEOF (.bss)
                0x000000ec        0x4 LONG 0x2007c000 ADDR (.bss_RAM2)
                0x000000f0        0x4 LONG 0x0 SIZEOF (.bss_RAM2)
                0x000000f4                __bss_section_table_end = .
                0x000000f4                __section_table_end = .
 *(.after_vectors*)
 .after_vectors
                0x000000f4      0x144 ./example/src/cr_startup_lpc175x_6x.o
                0x000000f4                data_init
                0x00000138                bss_init
                0x00000170                ResetISR
                0x000001e8                NMI_Handler
                0x000001f0                HardFault_Handler
                0x000001f8                MemManage_Handler
                0x00000200                BusFault_Handler
                0x00000208                UsageFault_Handler
                0x00000218                DebugMon_Handler
                0x00000230                UART1_IRQHandler
                0x00000230                EINT3_IRQHandler
                0x00000230                I2C1_IRQHandler
                0x00000230                TIMER3_IRQHandler
                0x00000230                UART0_IRQHandler
                0x00000230                USBActivity_IRQHandler
                0x00000230                CANActivity_IRQHandler
                0x00000230                EINT2_IRQHandler
                0x00000230                IntDefaultHandler
                0x00000230                PLL0_IRQHandler
                0x00000230                CAN_IRQHandler
                0x00000230                I2C0_IRQHandler
                0x00000230                SSP0_IRQHandler
                0x00000230                I2S_IRQHandler
                0x00000230                I2C2_IRQHandler
                0x00000230                RTC_IRQHandler
                0x00000230                TIMER0_IRQHandler
                0x00000230                SPI_IRQHandler
                0x00000230                RIT_IRQHandler
                0x00000230                EINT1_IRQHandler
                0x00000230                TIMER1_IRQHandler
                0x00000230                UART2_IRQHandler
                0x00000230                ADC_IRQHandler
                0x00000230                SSP1_IRQHandler
                0x00000230                USB_IRQHandler
                0x00000230                BOD_IRQHandler
                0x00000230                PWM1_IRQHandler
                0x00000230                WDT_IRQHandler
                0x00000230                QEI_IRQHandler
                0x00000230                EINT0_IRQHandler
                0x00000230                PLL1_IRQHandler
                0x00000230                DMA_IRQHandler
                0x00000230                TIMER2_IRQHandler
                0x00000230                UART3_IRQHandler
                0x00000230                MCPWM_IRQHandler
 *(.text*)
 .text.etharp_free_entry
                0x00000238       0x64 ./lwip/src/netif/etharp.o
 .text.etharp_tmr
                0x0000029c       0xdc ./lwip/src/netif/etharp.o
                0x0000029c                etharp_tmr
 .text.etharp_find_entry
                0x00000378      0x23c ./lwip/src/netif/etharp.o
 .text.etharp_send_ip
                0x000005b4       0x60 ./lwip/src/netif/etharp.o
 .text.etharp_update_arp_entry
                0x00000614      0x12c ./lwip/src/netif/etharp.o
 .text.etharp_cleanup_netif
                0x00000740       0x60 ./lwip/src/netif/etharp.o
                0x00000740                etharp_cleanup_netif
 .text.etharp_arp_input
                0x000007a0      0x1a0 ./lwip/src/netif/etharp.o
 .text.etharp_output_to_arp_index
                0x00000940       0xb8 ./lwip/src/netif/etharp.o
 .text.etharp_output
                0x000009f8      0x1b0 ./lwip/src/netif/etharp.o
                0x000009f8                etharp_output
 .text.etharp_query
                0x00000ba8      0x248 ./lwip/src/netif/etharp.o
                0x00000ba8                etharp_query
 .text.etharp_raw
                0x00000df0      0x118 ./lwip/src/netif/etharp.o
 .text.etharp_request
                0x00000f08       0x48 ./lwip/src/netif/etharp.o
                0x00000f08                etharp_request
 .text.ethernet_input
                0x00000f50      0x100 ./lwip/src/netif/etharp.o
                0x00000f50                ethernet_input
 .text.icmp_input
                0x00001050      0x210 ./lwip/src/core/ipv4/icmp.o
                0x00001050                icmp_input
 .text.icmp_dest_unreach
                0x00001260       0x20 ./lwip/src/core/ipv4/icmp.o
                0x00001260                icmp_dest_unreach
 .text.icmp_time_exceeded
                0x00001280       0x20 ./lwip/src/core/ipv4/icmp.o
                0x00001280                icmp_time_exceeded
 .text.icmp_send_response
                0x000012a0       0xb8 ./lwip/src/core/ipv4/icmp.o
 .text.lwip_standard_chksum
                0x00001358       0x9c ./lwip/src/core/ipv4/inet_chksum.o
 .text.inet_chksum_pseudo
                0x000013f4      0x110 ./lwip/src/core/ipv4/inet_chksum.o
                0x000013f4                inet_chksum_pseudo
 .text.inet_chksum_pseudo_partial
                0x00001504      0x13c ./lwip/src/core/ipv4/inet_chksum.o
                0x00001504                inet_chksum_pseudo_partial
 .text.inet_chksum
                0x00001640       0x24 ./lwip/src/core/ipv4/inet_chksum.o
                0x00001640                inet_chksum
 .text.inet_chksum_pbuf
                0x00001664       0x98 ./lwip/src/core/ipv4/inet_chksum.o
                0x00001664                inet_chksum_pbuf
 .text.lwip_chksum_copy
                0x000016fc       0x30 ./lwip/src/core/ipv4/inet_chksum.o
                0x000016fc                lwip_chksum_copy
 .text.ip_route
                0x0000172c       0x78 ./lwip/src/core/ipv4/ip.o
                0x0000172c                ip_route
 .text.ip_input
                0x000017a4      0x250 ./lwip/src/core/ipv4/ip.o
                0x000017a4                ip_input
 .text.ip_output_if
                0x000019f4      0x1c0 ./lwip/src/core/ipv4/ip.o
                0x000019f4                ip_output_if
 .text.ip_output
                0x00001bb4       0x58 ./lwip/src/core/ipv4/ip.o
                0x00001bb4                ip_output
 .text.ip4_addr_isbroadcast
                0x00001c0c       0x78 ./lwip/src/core/ipv4/ip_addr.o
                0x00001c0c                ip4_addr_isbroadcast
 .text.ipaddr_ntoa_r
                0x00001c84      0x104 ./lwip/src/core/ipv4/ip_addr.o
                0x00001c84                ipaddr_ntoa_r
 .text.ip_reass_tmr
                0x00001d88       0x54 ./lwip/src/core/ipv4/ip_frag.o
                0x00001d88                ip_reass_tmr
 .text.ip_reass_free_complete_datagram
                0x00001ddc      0x10c ./lwip/src/core/ipv4/ip_frag.o
 .text.ip_reass_remove_oldest_datagram
                0x00001ee8       0xb8 ./lwip/src/core/ipv4/ip_frag.o
 .text.ip_reass_enqueue_new_datagram
                0x00001fa0       0x80 ./lwip/src/core/ipv4/ip_frag.o
 .text.ip_reass_dequeue_datagram
                0x00002020       0x40 ./lwip/src/core/ipv4/ip_frag.o
 .text.ip_reass_chain_frag_into_datagram_and_validate
                0x00002060      0x250 ./lwip/src/core/ipv4/ip_frag.o
 .text.ip_reass
                0x000022b0      0x244 ./lwip/src/core/ipv4/ip_frag.o
                0x000022b0                ip_reass
 .text.ip_frag_alloc_pbuf_custom_ref
                0x000024f4       0x18 ./lwip/src/core/ipv4/ip_frag.o
 .text.ip_frag_free_pbuf_custom_ref
                0x0000250c       0x20 ./lwip/src/core/ipv4/ip_frag.o
 .text.ipfrag_free_pbuf_custom
                0x0000252c       0x40 ./lwip/src/core/ipv4/ip_frag.o
 .text.ip_frag  0x0000256c      0x208 ./lwip/src/core/ipv4/ip_frag.o
                0x0000256c                ip_frag
 .text.lwip_htons
                0x00002774       0x2c ./lwip/src/core/def.o
                0x00002774                lwip_htons
 .text.lwip_ntohs
                0x000027a0       0x1c ./lwip/src/core/def.o
                0x000027a0                lwip_ntohs
 .text.lwip_htonl
                0x000027bc       0x34 ./lwip/src/core/def.o
                0x000027bc                lwip_htonl
 .text.lwip_ntohl
                0x000027f0       0x18 ./lwip/src/core/def.o
                0x000027f0                lwip_ntohl
 .text.dhcp_handle_nak
                0x00002808       0x44 ./lwip/src/core/dhcp.o
 .text.dhcp_check
                0x0000284c       0x5c ./lwip/src/core/dhcp.o
 .text.dhcp_handle_offer
                0x000028a8       0x44 ./lwip/src/core/dhcp.o
 .text.dhcp_select
                0x000028ec      0x140 ./lwip/src/core/dhcp.o
 .text.dhcp_coarse_tmr
                0x00002a2c       0x5c ./lwip/src/core/dhcp.o
                0x00002a2c                dhcp_coarse_tmr
 .text.dhcp_fine_tmr
                0x00002a88       0x60 ./lwip/src/core/dhcp.o
                0x00002a88                dhcp_fine_tmr
 .text.dhcp_timeout
                0x00002ae8       0xc8 ./lwip/src/core/dhcp.o
 .text.dhcp_t1_timeout
                0x00002bb0       0x34 ./lwip/src/core/dhcp.o
 .text.dhcp_t2_timeout
                0x00002be4       0x34 ./lwip/src/core/dhcp.o
 .text.dhcp_handle_ack
                0x00002c18       0xb8 ./lwip/src/core/dhcp.o
 .text.dhcp_start
                0x00002cd0      0x13c ./lwip/src/core/dhcp.o
                0x00002cd0                dhcp_start
 .text.dhcp_network_changed
                0x00002e0c       0x7c ./lwip/src/core/dhcp.o
                0x00002e0c                dhcp_network_changed
 .text.dhcp_arp_reply
                0x00002e88       0x44 ./lwip/src/core/dhcp.o
                0x00002e88                dhcp_arp_reply
 .text.dhcp_decline
                0x00002ecc       0xc4 ./lwip/src/core/dhcp.o
 .text.dhcp_discover
                0x00002f90      0x104 ./lwip/src/core/dhcp.o
 .text.dhcp_bind
                0x00003094      0x150 ./lwip/src/core/dhcp.o
 .text.dhcp_renew
                0x000031e4       0xdc ./lwip/src/core/dhcp.o
                0x000031e4                dhcp_renew
 .text.dhcp_rebind
                0x000032c0       0xe0 ./lwip/src/core/dhcp.o
 .text.dhcp_reboot
                0x000033a0       0xf4 ./lwip/src/core/dhcp.o
 .text.dhcp_release
                0x00003494      0x10c ./lwip/src/core/dhcp.o
                0x00003494                dhcp_release
 .text.dhcp_stop
                0x000035a0       0x64 ./lwip/src/core/dhcp.o
                0x000035a0                dhcp_stop
 .text.dhcp_set_state
                0x00003604       0x34 ./lwip/src/core/dhcp.o
 .text.dhcp_option
                0x00003638       0x5c ./lwip/src/core/dhcp.o
 .text.dhcp_option_byte
                0x00003694       0x38 ./lwip/src/core/dhcp.o
 .text.dhcp_option_short
                0x000036cc       0x60 ./lwip/src/core/dhcp.o
 .text.dhcp_option_long
                0x0000372c       0xa4 ./lwip/src/core/dhcp.o
 .text.dhcp_option_hostname
                0x000037d0       0x7c ./lwip/src/core/dhcp.o
 .text.dhcp_parse_reply
                0x0000384c      0x474 ./lwip/src/core/dhcp.o
 .text.dhcp_recv
                0x00003cc0      0x150 ./lwip/src/core/dhcp.o
 .text.dhcp_create_msg
                0x00003e10      0x254 ./lwip/src/core/dhcp.o
 .text.dhcp_delete_msg
                0x00004064       0x50 ./lwip/src/core/dhcp.o
 .text.dhcp_option_trailer
                0x000040b4       0x80 ./lwip/src/core/dhcp.o
 .text.lwip_init
                0x00004134       0x1c ./lwip/src/core/init.o
                0x00004134                lwip_init
 .text.netif_init
                0x00004150        0xc ./lwip/src/core/netif.o
                0x00004150                netif_init
 .text.netif_add
                0x0000415c       0x94 ./lwip/src/core/netif.o
                0x0000415c                netif_add
 .text.netif_set_addr
                0x000041f0       0x2c ./lwip/src/core/netif.o
                0x000041f0                netif_set_addr
 .text.netif_set_ipaddr
                0x0000421c       0xb0 ./lwip/src/core/netif.o
                0x0000421c                netif_set_ipaddr
 .text.netif_set_gw
                0x000042cc       0x28 ./lwip/src/core/netif.o
                0x000042cc                netif_set_gw
 .text.netif_set_netmask
                0x000042f4       0x28 ./lwip/src/core/netif.o
                0x000042f4                netif_set_netmask
 .text.netif_set_default
                0x0000431c       0x1c ./lwip/src/core/netif.o
                0x0000431c                netif_set_default
 .text.netif_set_up
                0x00004338       0x58 ./lwip/src/core/netif.o
                0x00004338                netif_set_up
 .text.netif_set_down
                0x00004390       0x44 ./lwip/src/core/netif.o
                0x00004390                netif_set_down
 .text.netif_set_link_up
                0x000043d4       0x64 ./lwip/src/core/netif.o
                0x000043d4                netif_set_link_up
 .text.netif_set_link_down
                0x00004438       0x34 ./lwip/src/core/netif.o
                0x00004438                netif_set_link_down
 .text.pbuf_free_ooseq
                0x0000446c       0x54 ./lwip/src/core/pbuf.o
 .text.pbuf_free_ooseq_callback
                0x000044c0       0x14 ./lwip/src/core/pbuf.o
 .text.pbuf_pool_is_empty
                0x000044d4       0x54 ./lwip/src/core/pbuf.o
 .text.pbuf_alloc
                0x00004528      0x294 ./lwip/src/core/pbuf.o
                0x00004528                pbuf_alloc
 .text.pbuf_alloced_custom
                0x000047bc       0xb4 ./lwip/src/core/pbuf.o
                0x000047bc                pbuf_alloced_custom
 .text.pbuf_realloc
                0x00004870       0xe4 ./lwip/src/core/pbuf.o
                0x00004870                pbuf_realloc
 .text.pbuf_header
                0x00004954       0xf0 ./lwip/src/core/pbuf.o
                0x00004954                pbuf_header
 .text.pbuf_free
                0x00004a44       0xf0 ./lwip/src/core/pbuf.o
                0x00004a44                pbuf_free
 .text.pbuf_clen
                0x00004b34       0x30 ./lwip/src/core/pbuf.o
                0x00004b34                pbuf_clen
 .text.pbuf_ref
                0x00004b64       0x2c ./lwip/src/core/pbuf.o
                0x00004b64                pbuf_ref
 .text.pbuf_cat
                0x00004b90       0x78 ./lwip/src/core/pbuf.o
                0x00004b90                pbuf_cat
 .text.pbuf_chain
                0x00004c08       0x20 ./lwip/src/core/pbuf.o
                0x00004c08                pbuf_chain
 .text.pbuf_copy
                0x00004c28      0x13c ./lwip/src/core/pbuf.o
                0x00004c28                pbuf_copy
 .text.pbuf_copy_partial
                0x00004d64       0xd4 ./lwip/src/core/pbuf.o
                0x00004d64                pbuf_copy_partial
 .text.tcp_init
                0x00004e38        0xc ./lwip/src/core/tcp.o
                0x00004e38                tcp_init
 .text.tcp_tmr  0x00004e44       0x2c ./lwip/src/core/tcp.o
                0x00004e44                tcp_tmr
 .text.tcp_close_shutdown
                0x00004e70      0x254 ./lwip/src/core/tcp.o
 .text.tcp_close
                0x000050c4       0x30 ./lwip/src/core/tcp.o
                0x000050c4                tcp_close
 .text.tcp_shutdown
                0x000050f4       0x8c ./lwip/src/core/tcp.o
                0x000050f4                tcp_shutdown
 .text.tcp_abandon
                0x00005180       0xd8 ./lwip/src/core/tcp.o
                0x00005180                tcp_abandon
 .text.tcp_abort
                0x00005258       0x18 ./lwip/src/core/tcp.o
                0x00005258                tcp_abort
 .text.tcp_bind
                0x00005270       0xe0 ./lwip/src/core/tcp.o
                0x00005270                tcp_bind
 .text.tcp_accept_null
                0x00005350       0x20 ./lwip/src/core/tcp.o
 .text.tcp_listen_with_backlog
                0x00005370      0x120 ./lwip/src/core/tcp.o
                0x00005370                tcp_listen_with_backlog
 .text.tcp_update_rcv_ann_wnd
                0x00005490       0x8c ./lwip/src/core/tcp.o
                0x00005490                tcp_update_rcv_ann_wnd
 .text.tcp_recved
                0x0000551c       0x7c ./lwip/src/core/tcp.o
                0x0000551c                tcp_recved
 .text.tcp_new_port
                0x00005598       0x8c ./lwip/src/core/tcp.o
 .text.tcp_slowtmr
                0x00005624      0x4c8 ./lwip/src/core/tcp.o
                0x00005624                tcp_slowtmr
 .text.tcp_fasttmr
                0x00005aec       0xa0 ./lwip/src/core/tcp.o
                0x00005aec                tcp_fasttmr
 .text.tcp_process_refused_data
                0x00005b8c       0xd0 ./lwip/src/core/tcp.o
                0x00005b8c                tcp_process_refused_data
 .text.tcp_segs_free
                0x00005c5c       0x28 ./lwip/src/core/tcp.o
                0x00005c5c                tcp_segs_free
 .text.tcp_seg_free
                0x00005c84       0x2c ./lwip/src/core/tcp.o
                0x00005c84                tcp_seg_free
 .text.tcp_seg_copy
                0x00005cb0       0x40 ./lwip/src/core/tcp.o
                0x00005cb0                tcp_seg_copy
 .text.tcp_recv_null
                0x00005cf0       0x48 ./lwip/src/core/tcp.o
                0x00005cf0                tcp_recv_null
 .text.tcp_kill_prio
                0x00005d38       0x80 ./lwip/src/core/tcp.o
 .text.tcp_kill_timewait
                0x00005db8       0x5c ./lwip/src/core/tcp.o
 .text.tcp_alloc
                0x00005e14      0x128 ./lwip/src/core/tcp.o
                0x00005e14                tcp_alloc
 .text.tcp_new  0x00005f3c       0x10 ./lwip/src/core/tcp.o
                0x00005f3c                tcp_new
 .text.tcp_arg  0x00005f4c       0x1c ./lwip/src/core/tcp.o
                0x00005f4c                tcp_arg
 .text.tcp_recv
                0x00005f68       0x24 ./lwip/src/core/tcp.o
                0x00005f68                tcp_recv
 .text.tcp_sent
                0x00005f8c       0x24 ./lwip/src/core/tcp.o
                0x00005f8c                tcp_sent
 .text.tcp_err  0x00005fb0       0x24 ./lwip/src/core/tcp.o
                0x00005fb0                tcp_err
 .text.tcp_accept
                0x00005fd4       0x1c ./lwip/src/core/tcp.o
                0x00005fd4                tcp_accept
 .text.tcp_poll
                0x00005ff0       0x30 ./lwip/src/core/tcp.o
                0x00005ff0                tcp_poll
 .text.tcp_pcb_purge
                0x00006020       0x80 ./lwip/src/core/tcp.o
                0x00006020                tcp_pcb_purge
 .text.tcp_pcb_remove
                0x000060a0       0xcc ./lwip/src/core/tcp.o
                0x000060a0                tcp_pcb_remove
 .text.tcp_next_iss
                0x0000616c       0x28 ./lwip/src/core/tcp.o
                0x0000616c                tcp_next_iss
 .text.tcp_eff_send_mss
                0x00006194       0x40 ./lwip/src/core/tcp.o
                0x00006194                tcp_eff_send_mss
 .text.tcp_input
                0x000061d4      0x670 ./lwip/src/core/tcp_in.o
                0x000061d4                tcp_input
 .text.tcp_listen_input
                0x00006844      0x194 ./lwip/src/core/tcp_in.o
 .text.tcp_timewait_input
                0x000069d8       0xd8 ./lwip/src/core/tcp_in.o
 .text.tcp_process
                0x00006ab0      0x6d8 ./lwip/src/core/tcp_in.o
 .text.tcp_oos_insert_segment
                0x00007188       0xec ./lwip/src/core/tcp_in.o
 .text.tcp_receive
                0x00007274      0xf70 ./lwip/src/core/tcp_in.o
 .text.tcp_parseopt
                0x000081e4      0x104 ./lwip/src/core/tcp_in.o
 .text.tcp_output_alloc_header
                0x000082e8       0xe4 ./lwip/src/core/tcp_out.o
 .text.tcp_send_fin
                0x000083cc       0x80 ./lwip/src/core/tcp_out.o
                0x000083cc                tcp_send_fin
 .text.tcp_create_segment
                0x0000844c      0x128 ./lwip/src/core/tcp_out.o
 .text.tcp_pbuf_prealloc
                0x00008574       0xb0 ./lwip/src/core/tcp_out.o
 .text.tcp_seg_add_chksum
                0x00008624       0x68 ./lwip/src/core/tcp_out.o
 .text.tcp_write_checks
                0x0000868c       0xc4 ./lwip/src/core/tcp_out.o
 .text.tcp_write
                0x00008750      0x5ec ./lwip/src/core/tcp_out.o
                0x00008750                tcp_write
 .text.tcp_enqueue_flags
                0x00008d3c      0x1d4 ./lwip/src/core/tcp_out.o
                0x00008d3c                tcp_enqueue_flags
 .text.tcp_send_empty_ack
                0x00008f10       0x90 ./lwip/src/core/tcp_out.o
                0x00008f10                tcp_send_empty_ack
 .text.tcp_output
                0x00008fa0      0x2c0 ./lwip/src/core/tcp_out.o
                0x00008fa0                tcp_output
 .text.tcp_output_segment
                0x00009260      0x20c ./lwip/src/core/tcp_out.o
 .text.tcp_rst  0x0000946c       0xdc ./lwip/src/core/tcp_out.o
                0x0000946c                tcp_rst
 .text.tcp_rexmit_rto
                0x00009548       0x60 ./lwip/src/core/tcp_out.o
                0x00009548                tcp_rexmit_rto
 .text.tcp_rexmit
                0x000095a8       0x94 ./lwip/src/core/tcp_out.o
                0x000095a8                tcp_rexmit
 .text.tcp_rexmit_fast
                0x0000963c       0xa4 ./lwip/src/core/tcp_out.o
                0x0000963c                tcp_rexmit_fast
 .text.tcp_keepalive
                0x000096e0       0x74 ./lwip/src/core/tcp_out.o
                0x000096e0                tcp_keepalive
 .text.tcp_zero_window_probe
                0x00009754      0x10c ./lwip/src/core/tcp_out.o
                0x00009754                tcp_zero_window_probe
 .text.tcpip_tcp_timer
                0x00009860       0x44 ./lwip/src/core/timers.o
 .text.tcp_timer_needed
                0x000098a4       0x40 ./lwip/src/core/timers.o
                0x000098a4                tcp_timer_needed
 .text.ip_reass_timer
                0x000098e4       0x24 ./lwip/src/core/timers.o
 .text.arp_timer
                0x00009908       0x24 ./lwip/src/core/timers.o
 .text.dhcp_timer_coarse
                0x0000992c       0x24 ./lwip/src/core/timers.o
 .text.dhcp_timer_fine
                0x00009950       0x24 ./lwip/src/core/timers.o
 .text.sys_timeouts_init
                0x00009974       0x48 ./lwip/src/core/timers.o
                0x00009974                sys_timeouts_init
 .text.sys_timeout
                0x000099bc       0xf0 ./lwip/src/core/timers.o
                0x000099bc                sys_timeout
 .text.sys_untimeout
                0x00009aac       0x8c ./lwip/src/core/timers.o
                0x00009aac                sys_untimeout
 .text.sys_timeouts_mbox_fetch
                0x00009b38       0xac ./lwip/src/core/timers.o
                0x00009b38                sys_timeouts_mbox_fetch
 .text.udp_init
                0x00009be4        0xc ./lwip/src/core/udp.o
                0x00009be4                udp_init
 .text.udp_new_port
                0x00009bf0       0x74 ./lwip/src/core/udp.o
 .text.udp_input
                0x00009c64      0x2c4 ./lwip/src/core/udp.o
                0x00009c64                udp_input
 .text.udp_sendto_if
                0x00009f28       0x34 ./lwip/src/core/udp.o
                0x00009f28                udp_sendto_if
 .text.udp_sendto_if_chksum
                0x00009f5c      0x1d4 ./lwip/src/core/udp.o
                0x00009f5c                udp_sendto_if_chksum
 .text.udp_bind
                0x0000a130       0xc8 ./lwip/src/core/udp.o
                0x0000a130                udp_bind
 .text.udp_connect
                0x0000a1f8       0x9c ./lwip/src/core/udp.o
                0x0000a1f8                udp_connect
 .text.udp_recv
                0x0000a294       0x24 ./lwip/src/core/udp.o
                0x0000a294                udp_recv
 .text.udp_remove
                0x0000a2b8       0x5c ./lwip/src/core/udp.o
                0x0000a2b8                udp_remove
 .text.udp_new  0x0000a314       0x38 ./lwip/src/core/udp.o
                0x0000a314                udp_new
 .text.Chip_ENET_SetADDR
                0x0000a34c       0x50 ./lwip/src/arch/lpc17xx_40xx_emac.o
 .text.Chip_ENET_TXEnable
                0x0000a39c       0x24 ./lwip/src/arch/lpc17xx_40xx_emac.o
 .text.Chip_ENET_RXEnable
                0x0000a3c0       0x30 ./lwip/src/arch/lpc17xx_40xx_emac.o
 .text.Chip_ENET_RXDisable
                0x0000a3f0       0x30 ./lwip/src/arch/lpc17xx_40xx_emac.o
 .text.Chip_ENET_ResetTXLogic
                0x0000a420       0x20 ./lwip/src/arch/lpc17xx_40xx_emac.o
 .text.Chip_ENET_ResetRXLogic
                0x0000a440       0x20 ./lwip/src/arch/lpc17xx_40xx_emac.o
 .text.Chip_ENET_EnableRXFilter
                0x0000a460       0x34 ./lwip/src/arch/lpc17xx_40xx_emac.o
 .text.Chip_ENET_GetTXProduceIndex
                0x0000a494       0x1c ./lwip/src/arch/lpc17xx_40xx_emac.o
 .text.Chip_ENET_GetTXConsumeIndex
                0x0000a4b0       0x1c ./lwip/src/arch/lpc17xx_40xx_emac.o
 .text.Chip_ENET_GetRXConsumeIndex
                0x0000a4cc       0x1c ./lwip/src/arch/lpc17xx_40xx_emac.o
 .text.Chip_ENET_GetFreeDescNum
                0x0000a4e8       0x38 ./lwip/src/arch/lpc17xx_40xx_emac.o
 .text.Chip_ENET_IsRxEmpty
                0x0000a520       0x30 ./lwip/src/arch/lpc17xx_40xx_emac.o
 .text.Chip_ENET_EnableInt
                0x0000a550       0x24 ./lwip/src/arch/lpc17xx_40xx_emac.o
 .text.Chip_ENET_GetIntStatus
                0x0000a574       0x1c ./lwip/src/arch/lpc17xx_40xx_emac.o
 .text.Chip_ENET_ClearIntStatus
                0x0000a590       0x1c ./lwip/src/arch/lpc17xx_40xx_emac.o
 .text.lpc_rxqueue_pbuf
                0x0000a5ac       0x94 ./lwip/src/arch/lpc17xx_40xx_emac.o
 .text.lpc_rx_setup
                0x0000a640       0x44 ./lwip/src/arch/lpc17xx_40xx_emac.o
 .text.lpc_low_level_input
                0x0000a684      0x178 ./lwip/src/arch/lpc17xx_40xx_emac.o
 .text.lpc_packet_addr_notsafe
                0x0000a7fc       0x5c ./lwip/src/arch/lpc17xx_40xx_emac.o
 .text.lpc_tx_setup
                0x0000a858       0x64 ./lwip/src/arch/lpc17xx_40xx_emac.o
 .text.lpc_tx_reclaim_st
                0x0000a8bc       0xa0 ./lwip/src/arch/lpc17xx_40xx_emac.o
 .text.lpc_low_level_output
                0x0000a95c      0x13c ./lwip/src/arch/lpc17xx_40xx_emac.o
 .text.vPacketReceiveTask
                0x0000aa98       0x3c ./lwip/src/arch/lpc17xx_40xx_emac.o
 .text.vTransmitCleanupTask
                0x0000aad4       0xac ./lwip/src/arch/lpc17xx_40xx_emac.o
 .text.low_level_init
                0x0000ab80       0xac ./lwip/src/arch/lpc17xx_40xx_emac.o
 .text.lpc_etharp_output
                0x0000ac2c       0x34 ./lwip/src/arch/lpc17xx_40xx_emac.o
 .text.lpc_rx_queue
                0x0000ac60       0x60 ./lwip/src/arch/lpc17xx_40xx_emac.o
                0x0000ac60                lpc_rx_queue
 .text.lpc_enetif_input
                0x0000acc0       0x64 ./lwip/src/arch/lpc17xx_40xx_emac.o
                0x0000acc0                lpc_enetif_input
 .text.lpc_tx_reclaim
                0x0000ad24       0x24 ./lwip/src/arch/lpc17xx_40xx_emac.o
                0x0000ad24                lpc_tx_reclaim
 .text.lpc_tx_ready
                0x0000ad48       0x40 ./lwip/src/arch/lpc17xx_40xx_emac.o
                0x0000ad48                lpc_tx_ready
 .text.ETH_IRQHandler
                0x0000ad88       0x84 ./lwip/src/arch/lpc17xx_40xx_emac.o
                0x0000ad88                ETH_IRQHandler
 .text.lpc_enetif_init
                0x0000ae0c      0x158 ./lwip/src/arch/lpc17xx_40xx_emac.o
                0x0000ae0c                lpc_enetif_init
 .text.assert_loop
                0x0000af64        0x8 ./lwip/src/arch/lpc_debug.o
                0x0000af64                assert_loop
 .text.sys_mbox_new
                0x0000af6c       0x38 ./lwip/src/arch/sys_arch_freertos.o
                0x0000af6c                sys_mbox_new
 .text.sys_mbox_free
                0x0000afa4       0x24 ./lwip/src/arch/sys_arch_freertos.o
                0x0000afa4                sys_mbox_free
 .text.sys_mbox_post
                0x0000afc8       0x2c ./lwip/src/arch/sys_arch_freertos.o
                0x0000afc8                sys_mbox_post
 .text.sys_mbox_trypost
                0x0000aff4       0x38 ./lwip/src/arch/sys_arch_freertos.o
                0x0000aff4                sys_mbox_trypost
 .text.sys_arch_mbox_fetch
                0x0000b02c       0x9c ./lwip/src/arch/sys_arch_freertos.o
                0x0000b02c                sys_arch_mbox_fetch
 .text.sys_arch_mbox_tryfetch
                0x0000b0c8       0x44 ./lwip/src/arch/sys_arch_freertos.o
                0x0000b0c8                sys_arch_mbox_tryfetch
 .text.sys_sem_new
                0x0000b10c       0x68 ./lwip/src/arch/sys_arch_freertos.o
                0x0000b10c                sys_sem_new
 .text.sys_arch_sem_wait
                0x0000b174       0x88 ./lwip/src/arch/sys_arch_freertos.o
                0x0000b174                sys_arch_sem_wait
 .text.sys_mutex_new
                0x0000b1fc       0x30 ./lwip/src/arch/sys_arch_freertos.o
                0x0000b1fc                sys_mutex_new
 .text.sys_mutex_lock
                0x0000b22c       0x28 ./lwip/src/arch/sys_arch_freertos.o
                0x0000b22c                sys_mutex_lock
 .text.sys_mutex_unlock
                0x0000b254       0x20 ./lwip/src/arch/sys_arch_freertos.o
                0x0000b254                sys_mutex_unlock
 .text.sys_sem_signal
                0x0000b274       0x20 ./lwip/src/arch/sys_arch_freertos.o
                0x0000b274                sys_sem_signal
 .text.sys_sem_free
                0x0000b294       0x18 ./lwip/src/arch/sys_arch_freertos.o
                0x0000b294                sys_sem_free
 .text.sys_init
                0x0000b2ac        0xc ./lwip/src/arch/sys_arch_freertos.o
                0x0000b2ac                sys_init
 .text.sys_thread_new
                0x0000b2b8       0x4c ./lwip/src/arch/sys_arch_freertos.o
                0x0000b2b8                sys_thread_new
 .text.sys_arch_protect
                0x0000b304       0x10 ./lwip/src/arch/sys_arch_freertos.o
                0x0000b304                sys_arch_protect
 .text.sys_arch_unprotect
                0x0000b314       0x14 ./lwip/src/arch/sys_arch_freertos.o
                0x0000b314                sys_arch_unprotect
 .text.netconn_new_with_proto_and_callback
                0x0000b328       0x9c ./lwip/src/api/api_lib.o
                0x0000b328                netconn_new_with_proto_and_callback
 .text.netconn_delete
                0x0000b3c4       0x3c ./lwip/src/api/api_lib.o
                0x0000b3c4                netconn_delete
 .text.netconn_bind
                0x0000b400       0x70 ./lwip/src/api/api_lib.o
                0x0000b400                netconn_bind
 .text.netconn_listen_with_backlog
                0x0000b470       0x64 ./lwip/src/api/api_lib.o
                0x0000b470                netconn_listen_with_backlog
 .text.netconn_accept
                0x0000b4d4       0xb4 ./lwip/src/api/api_lib.o
                0x0000b4d4                netconn_accept
 .text.netconn_recv_data
                0x0000b588      0x12c ./lwip/src/api/api_lib.o
 .text.netconn_recv
                0x0000b6b4       0xe8 ./lwip/src/api/api_lib.o
                0x0000b6b4                netconn_recv
 .text.netconn_write_partly
                0x0000b79c       0xe4 ./lwip/src/api/api_lib.o
                0x0000b79c                netconn_write_partly
 .text.netconn_close_shutdown
                0x0000b880       0x68 ./lwip/src/api/api_lib.o
 .text.netconn_close
                0x0000b8e8       0x1c ./lwip/src/api/api_lib.o
                0x0000b8e8                netconn_close
 .text.recv_udp
                0x0000b904       0xc8 ./lwip/src/api/api_msg.o
 .text.recv_tcp
                0x0000b9cc       0xc8 ./lwip/src/api/api_msg.o
 .text.poll_tcp
                0x0000ba94       0x94 ./lwip/src/api/api_msg.o
 .text.sent_tcp
                0x0000bb28       0x94 ./lwip/src/api/api_msg.o
 .text.err_tcp  0x0000bbbc      0x118 ./lwip/src/api/api_msg.o
 .text.setup_tcp
                0x0000bcd4       0x50 ./lwip/src/api/api_msg.o
 .text.accept_function
                0x0000bd24       0xd0 ./lwip/src/api/api_msg.o
 .text.pcb_new  0x0000bdf4       0xac ./lwip/src/api/api_msg.o
 .text.do_newconn
                0x0000bea0       0x30 ./lwip/src/api/api_msg.o
                0x0000bea0                do_newconn
 .text.netconn_alloc
                0x0000bed0       0xc4 ./lwip/src/api/api_msg.o
                0x0000bed0                netconn_alloc
 .text.netconn_free
                0x0000bf94       0x48 ./lwip/src/api/api_msg.o
                0x0000bf94                netconn_free
 .text.netconn_drain
                0x0000bfdc       0xf0 ./lwip/src/api/api_msg.o
 .text.do_close_internal
                0x0000c0cc      0x1dc ./lwip/src/api/api_msg.o
 .text.do_delconn
                0x0000c2a8      0x130 ./lwip/src/api/api_msg.o
                0x0000c2a8                do_delconn
 .text.do_bind  0x0000c3d8       0x9c ./lwip/src/api/api_msg.o
                0x0000c3d8                do_bind
 .text.do_listen
                0x0000c474      0x110 ./lwip/src/api/api_msg.o
                0x0000c474                do_listen
 .text.do_recv  0x0000c584       0x6c ./lwip/src/api/api_msg.o
                0x0000c584                do_recv
 .text.do_writemore
                0x0000c5f0      0x220 ./lwip/src/api/api_msg.o
 .text.do_write
                0x0000c810       0xb0 ./lwip/src/api/api_msg.o
                0x0000c810                do_write
 .text.do_close
                0x0000c8c0       0xc4 ./lwip/src/api/api_msg.o
                0x0000c8c0                do_close
 .text.netbuf_delete
                0x0000c984       0x3c ./lwip/src/api/netbuf.o
                0x0000c984                netbuf_delete
 .text.netbuf_data
                0x0000c9c0       0x64 ./lwip/src/api/netbuf.o
                0x0000c9c0                netbuf_data
 .text.netbuf_next
                0x0000ca24       0x48 ./lwip/src/api/netbuf.o
                0x0000ca24                netbuf_next
 .text.tcpip_thread
                0x0000ca6c      0x110 ./lwip/src/api/tcpip.o
 .text.tcpip_input
                0x0000cb7c       0x6c ./lwip/src/api/tcpip.o
                0x0000cb7c                tcpip_input
 .text.tcpip_callback_with_block
                0x0000cbe8       0x80 ./lwip/src/api/tcpip.o
                0x0000cbe8                tcpip_callback_with_block
 .text.tcpip_apimsg
                0x0000cc68       0x48 ./lwip/src/api/tcpip.o
                0x0000cc68                tcpip_apimsg
 .text.tcpip_init
                0x0000ccb0       0x58 ./lwip/src/api/tcpip.o
                0x0000ccb0                tcpip_init
 .text.vApplicationMallocFailedHook
                0x0000cd08       0x14 ./freertos/src/FreeRTOSCommonHooks.o
                0x0000cd08                vApplicationMallocFailedHook
 .text.vApplicationIdleHook
                0x0000cd1c       0x10 ./freertos/src/FreeRTOSCommonHooks.o
                0x0000cd1c                vApplicationIdleHook
 .text.vApplicationStackOverflowHook
                0x0000cd2c       0x1c ./freertos/src/FreeRTOSCommonHooks.o
                0x0000cd2c                vApplicationStackOverflowHook
 .text.pvPortMalloc
                0x0000cd48       0x2c ./freertos/src/heap_3.o
                0x0000cd48                pvPortMalloc
 .text.vPortFree
                0x0000cd74       0x24 ./freertos/src/heap_3.o
                0x0000cd74                vPortFree
 .text.vListInitialise
                0x0000cd98       0x40 ./freertos/src/list.o
                0x0000cd98                vListInitialise
 .text.vListInitialiseItem
                0x0000cdd8       0x18 ./freertos/src/list.o
                0x0000cdd8                vListInitialiseItem
 .text.vListInsertEnd
                0x0000cdf0       0x48 ./freertos/src/list.o
                0x0000cdf0                vListInsertEnd
 .text.vListInsert
                0x0000ce38       0x70 ./freertos/src/list.o
                0x0000ce38                vListInsert
 .text.uxListRemove
                0x0000cea8       0x54 ./freertos/src/list.o
                0x0000cea8                uxListRemove
 .text.pxPortInitialiseStack
                0x0000cefc       0x58 ./freertos/src/port.o
                0x0000cefc                pxPortInitialiseStack
 .text.prvTaskExitError
                0x0000cf54        0xc ./freertos/src/port.o
 .text.SVC_Handler
                0x0000cf60       0x20 ./freertos/src/port.o
                0x0000cf60                SVC_Handler
 .text.prvPortStartFirstTask
                0x0000cf80       0x14 ./freertos/src/port.o
 .text.xPortStartScheduler
                0x0000cf94       0x38 ./freertos/src/port.o
                0x0000cf94                xPortStartScheduler
 .text.vPortYield
                0x0000cfcc       0x20 ./freertos/src/port.o
                0x0000cfcc                vPortYield
 .text.vPortEnterCritical
                0x0000cfec       0x20 ./freertos/src/port.o
                0x0000cfec                vPortEnterCritical
 .text.vPortExitCritical
                0x0000d00c       0x24 ./freertos/src/port.o
                0x0000d00c                vPortExitCritical
 .text.ulPortSetInterruptMask
                0x0000d030       0x14 ./freertos/src/port.o
                0x0000d030                ulPortSetInterruptMask
 .text.vPortClearInterruptMask
                0x0000d044        0x8 ./freertos/src/port.o
                0x0000d044                vPortClearInterruptMask
 .text.PendSV_Handler
                0x0000d04c       0x3c ./freertos/src/port.o
                0x0000d04c                PendSV_Handler
 .text.SysTick_Handler
                0x0000d088       0x28 ./freertos/src/port.o
                0x0000d088                SysTick_Handler
 .text.vPortSetupTimerInterrupt
                0x0000d0b0       0x34 ./freertos/src/port.o
                0x0000d0b0                vPortSetupTimerInterrupt
 .text.xQueueGenericReset
                0x0000d0e4       0xa4 ./freertos/src/queue.o
                0x0000d0e4                xQueueGenericReset
 .text.xQueueGenericCreate
                0x0000d188       0x78 ./freertos/src/queue.o
                0x0000d188                xQueueGenericCreate
 .text.xQueueCreateMutex
                0x0000d200       0x84 ./freertos/src/queue.o
                0x0000d200                xQueueCreateMutex
 .text.xQueueCreateCountingSemaphore
                0x0000d284       0x2c ./freertos/src/queue.o
                0x0000d284                xQueueCreateCountingSemaphore
 .text.xQueueGenericSend
                0x0000d2b0      0x118 ./freertos/src/queue.o
                0x0000d2b0                xQueueGenericSend
 .text.xQueueGenericSendFromISR
                0x0000d3c8       0x88 ./freertos/src/queue.o
                0x0000d3c8                xQueueGenericSendFromISR
 .text.xQueueGenericReceive
                0x0000d450      0x170 ./freertos/src/queue.o
                0x0000d450                xQueueGenericReceive
 .text.uxQueueMessagesWaiting
                0x0000d5c0       0x20 ./freertos/src/queue.o
                0x0000d5c0                uxQueueMessagesWaiting
 .text.vQueueDelete
                0x0000d5e0       0x28 ./freertos/src/queue.o
                0x0000d5e0                vQueueDelete
 .text.prvCopyDataToQueue
                0x0000d608       0xd0 ./freertos/src/queue.o
 .text.prvCopyDataFromQueue
                0x0000d6d8       0x4c ./freertos/src/queue.o
 .text.prvUnlockQueue
                0x0000d724       0x98 ./freertos/src/queue.o
 .text.prvIsQueueEmpty
                0x0000d7bc       0x2c ./freertos/src/queue.o
 .text.prvIsQueueFull
                0x0000d7e8       0x30 ./freertos/src/queue.o
 .text.vQueueUnregisterQueue
                0x0000d818       0x44 ./freertos/src/queue.o
                0x0000d818                vQueueUnregisterQueue
 .text.xTaskGenericCreate
                0x0000d85c      0x140 ./freertos/src/tasks.o
                0x0000d85c                xTaskGenericCreate
 .text.vTaskDelay
                0x0000d99c       0x50 ./freertos/src/tasks.o
                0x0000d99c                vTaskDelay
 .text.vTaskStartScheduler
                0x0000d9ec       0x54 ./freertos/src/tasks.o
                0x0000d9ec                vTaskStartScheduler
 .text.vTaskSuspendAll
                0x0000da40       0x1c ./freertos/src/tasks.o
                0x0000da40                vTaskSuspendAll
 .text.xTaskResumeAll
                0x0000da5c       0xfc ./freertos/src/tasks.o
                0x0000da5c                xTaskResumeAll
 .text.xTaskGetTickCount
                0x0000db58       0x24 ./freertos/src/tasks.o
                0x0000db58                xTaskGetTickCount
 .text.xTaskIncrementTick
                0x0000db7c      0x18c ./freertos/src/tasks.o
                0x0000db7c                xTaskIncrementTick
 .text.vTaskSwitchContext
                0x0000dd08       0xb8 ./freertos/src/tasks.o
                0x0000dd08                vTaskSwitchContext
 .text.vTaskPlaceOnEventList
                0x0000ddc0       0x60 ./freertos/src/tasks.o
                0x0000ddc0                vTaskPlaceOnEventList
 .text.xTaskRemoveFromEventList
                0x0000de20       0xac ./freertos/src/tasks.o
                0x0000de20                xTaskRemoveFromEventList
 .text.vTaskSetTimeOutState
                0x0000decc       0x2c ./freertos/src/tasks.o
                0x0000decc                vTaskSetTimeOutState
 .text.xTaskCheckForTimeOut
                0x0000def8       0x88 ./freertos/src/tasks.o
                0x0000def8                xTaskCheckForTimeOut
 .text.vTaskMissedYield
                0x0000df80       0x18 ./freertos/src/tasks.o
                0x0000df80                vTaskMissedYield
 .text.prvIdleTask
                0x0000df98       0x24 ./freertos/src/tasks.o
 .text.prvInitialiseTCBVariables
                0x0000dfbc       0x90 ./freertos/src/tasks.o
 .text.prvInitialiseTaskLists
                0x0000e04c       0x7c ./freertos/src/tasks.o
 .text.prvCheckTasksWaitingTermination
                0x0000e0c8       0x74 ./freertos/src/tasks.o
 .text.prvAddCurrentTaskToDelayedList
                0x0000e13c       0x6c ./freertos/src/tasks.o
 .text.prvAllocateTCBAndStack
                0x0000e1a8       0x64 ./freertos/src/tasks.o
 .text.prvDeleteTCB
                0x0000e20c       0x20 ./freertos/src/tasks.o
 .text.xTaskGetCurrentTaskHandle
                0x0000e22c       0x20 ./freertos/src/tasks.o
                0x0000e22c                xTaskGetCurrentTaskHandle
 .text.vTaskPriorityInherit
                0x0000e24c       0xb4 ./freertos/src/tasks.o
                0x0000e24c                vTaskPriorityInherit
 .text.vTaskPriorityDisinherit
                0x0000e300       0x7c ./freertos/src/tasks.o
                0x0000e300                vTaskPriorityDisinherit
 .text.__check_heap_overflow
                0x0000e37c       0x30 ./example/src/cr_redlib_heap_fix.o
                0x0000e37c                __check_heap_overflow
 .text.NVIC_EnableIRQ
                0x0000e3ac       0x30 ./example/src/lwip_tcpecho_freertos.o
 .text.NVIC_SetPriority
                0x0000e3dc       0x54 ./example/src/lwip_tcpecho_freertos.o
 .text.Chip_ENET_Set100Mbps
                0x0000e430       0x1c ./example/src/lwip_tcpecho_freertos.o
 .text.Chip_ENET_Set10Mbps
                0x0000e44c       0x18 ./example/src/lwip_tcpecho_freertos.o
 .text.prvSetupHardware
                0x0000e464       0x18 ./example/src/lwip_tcpecho_freertos.o
 .text.tcpip_init_done_signal
                0x0000e47c       0x18 ./example/src/lwip_tcpecho_freertos.o
 .text.vSetupIFTask
                0x0000e494      0x1ac ./example/src/lwip_tcpecho_freertos.o
 .text.msDelay  0x0000e640       0x2c ./example/src/lwip_tcpecho_freertos.o
                0x0000e640                msDelay
 .text.main     0x0000e66c       0x3c ./example/src/lwip_tcpecho_freertos.o
                0x0000e66c                main
 .text.SystemInit
                0x0000e6a8       0x24 ./example/src/sysinit.o
                0x0000e6a8                SystemInit
 .text.tcpecho_thread
                0x0000e6cc       0xb4 ./example/src/tcpecho.o
 .text.tcpecho_init
                0x0000e780       0x24 ./example/src/tcpecho.o
                0x0000e780                tcpecho_init
 .text.Chip_IOCON_Init
                0x0000e7a4       0x14 C:\Users\nykos\src\cpu-achitecture\examples\lpc_board_nxp_lpcxpresso_1769\Debug\liblpc_board_nxp_lpcxpresso_1769.a(board.o)
 .text.Chip_GPIO_Init
                0x0000e7b8       0x14 C:\Users\nykos\src\cpu-achitecture\examples\lpc_board_nxp_lpcxpresso_1769\Debug\liblpc_board_nxp_lpcxpresso_1769.a(board.o)
 .text.Chip_GPIO_SetPinState
                0x0000e7cc       0x68 C:\Users\nykos\src\cpu-achitecture\examples\lpc_board_nxp_lpcxpresso_1769\Debug\liblpc_board_nxp_lpcxpresso_1769.a(board.o)
 .text.Chip_GPIO_WritePortBit
                0x0000e834       0x2c C:\Users\nykos\src\cpu-achitecture\examples\lpc_board_nxp_lpcxpresso_1769\Debug\liblpc_board_nxp_lpcxpresso_1769.a(board.o)
 .text.Chip_GPIO_SetPinDIROutput
                0x0000e860       0x38 C:\Users\nykos\src\cpu-achitecture\examples\lpc_board_nxp_lpcxpresso_1769\Debug\liblpc_board_nxp_lpcxpresso_1769.a(board.o)
 .text.Chip_GPIO_SetPinDIRInput
                0x0000e898       0x3c C:\Users\nykos\src\cpu-achitecture\examples\lpc_board_nxp_lpcxpresso_1769\Debug\liblpc_board_nxp_lpcxpresso_1769.a(board.o)
 .text.Chip_GPIO_SetPinDIR
                0x0000e8d4       0x44 C:\Users\nykos\src\cpu-achitecture\examples\lpc_board_nxp_lpcxpresso_1769\Debug\liblpc_board_nxp_lpcxpresso_1769.a(board.o)
 .text.Chip_GPIO_WriteDirBit
                0x0000e918       0x2c C:\Users\nykos\src\cpu-achitecture\examples\lpc_board_nxp_lpcxpresso_1769\Debug\liblpc_board_nxp_lpcxpresso_1769.a(board.o)
 .text.Chip_UART_SendByte
                0x0000e944       0x1c C:\Users\nykos\src\cpu-achitecture\examples\lpc_board_nxp_lpcxpresso_1769\Debug\liblpc_board_nxp_lpcxpresso_1769.a(board.o)
 .text.Chip_UART_ConfigData
                0x0000e960       0x1c C:\Users\nykos\src\cpu-achitecture\examples\lpc_board_nxp_lpcxpresso_1769\Debug\liblpc_board_nxp_lpcxpresso_1769.a(board.o)
 .text.Chip_UART_ReadLineStatus
                0x0000e97c       0x18 C:\Users\nykos\src\cpu-achitecture\examples\lpc_board_nxp_lpcxpresso_1769\Debug\liblpc_board_nxp_lpcxpresso_1769.a(board.o)
 .text.__sys_write
                0x0000e994       0x38 C:\Users\nykos\src\cpu-achitecture\examples\lpc_board_nxp_lpcxpresso_1769\Debug\liblpc_board_nxp_lpcxpresso_1769.a(board.o)
                0x0000e994                __sys_write
 .text.Board_LED_Init
                0x0000e9cc       0x18 C:\Users\nykos\src\cpu-achitecture\examples\lpc_board_nxp_lpcxpresso_1769\Debug\liblpc_board_nxp_lpcxpresso_1769.a(board.o)
 .text.Board_UART_Init
                0x0000e9e4       0x14 C:\Users\nykos\src\cpu-achitecture\examples\lpc_board_nxp_lpcxpresso_1769\Debug\liblpc_board_nxp_lpcxpresso_1769.a(board.o)
                0x0000e9e4                Board_UART_Init
 .text.Board_Debug_Init
                0x0000e9f8       0x30 C:\Users\nykos\src\cpu-achitecture\examples\lpc_board_nxp_lpcxpresso_1769\Debug\liblpc_board_nxp_lpcxpresso_1769.a(board.o)
                0x0000e9f8                Board_Debug_Init
 .text.Board_UARTPutChar
                0x0000ea28       0x30 C:\Users\nykos\src\cpu-achitecture\examples\lpc_board_nxp_lpcxpresso_1769\Debug\liblpc_board_nxp_lpcxpresso_1769.a(board.o)
                0x0000ea28                Board_UARTPutChar
 .text.Board_UARTPutSTR
                0x0000ea58       0x28 C:\Users\nykos\src\cpu-achitecture\examples\lpc_board_nxp_lpcxpresso_1769\Debug\liblpc_board_nxp_lpcxpresso_1769.a(board.o)
                0x0000ea58                Board_UARTPutSTR
 .text.Board_LED_Set
                0x0000ea80       0x2c C:\Users\nykos\src\cpu-achitecture\examples\lpc_board_nxp_lpcxpresso_1769\Debug\liblpc_board_nxp_lpcxpresso_1769.a(board.o)
                0x0000ea80                Board_LED_Set
 .text.Board_Init
                0x0000eaac       0x24 C:\Users\nykos\src\cpu-achitecture\examples\lpc_board_nxp_lpcxpresso_1769\Debug\liblpc_board_nxp_lpcxpresso_1769.a(board.o)
                0x0000eaac                Board_Init
 .text.Board_ENET_GetMacADDR
                0x0000ead0       0x30 C:\Users\nykos\src\cpu-achitecture\examples\lpc_board_nxp_lpcxpresso_1769\Debug\liblpc_board_nxp_lpcxpresso_1769.a(board.o)
                0x0000ead0                Board_ENET_GetMacADDR
 .text.Chip_SYSCTL_SetFLASHAccess
                0x0000eb00       0x30 C:\Users\nykos\src\cpu-achitecture\examples\lpc_board_nxp_lpcxpresso_1769\Debug\liblpc_board_nxp_lpcxpresso_1769.a(board_sysinit.o)
 .text.Board_SetupMuxing
                0x0000eb30       0x18 C:\Users\nykos\src\cpu-achitecture\examples\lpc_board_nxp_lpcxpresso_1769\Debug\liblpc_board_nxp_lpcxpresso_1769.a(board_sysinit.o)
                0x0000eb30                Board_SetupMuxing
 .text.Board_SetupClocking
                0x0000eb48       0x10 C:\Users\nykos\src\cpu-achitecture\examples\lpc_board_nxp_lpcxpresso_1769\Debug\liblpc_board_nxp_lpcxpresso_1769.a(board_sysinit.o)
                0x0000eb48                Board_SetupClocking
 .text.Board_SystemInit
                0x0000eb58       0x10 C:\Users\nykos\src\cpu-achitecture\examples\lpc_board_nxp_lpcxpresso_1769\Debug\liblpc_board_nxp_lpcxpresso_1769.a(board_sysinit.o)
                0x0000eb58                Board_SystemInit
 .text.Chip_ENET_IsMIIBusy
                0x0000eb68       0x28 C:\Users\nykos\src\cpu-achitecture\examples\lpc_board_nxp_lpcxpresso_1769\Debug\liblpc_board_nxp_lpcxpresso_1769.a(lpc_phy_smsc87x0.o)
 .text.lpc_mii_write
                0x0000eb90       0x64 C:\Users\nykos\src\cpu-achitecture\examples\lpc_board_nxp_lpcxpresso_1769\Debug\liblpc_board_nxp_lpcxpresso_1769.a(lpc_phy_smsc87x0.o)
 .text.lpc_mii_read
                0x0000ebf4       0x74 C:\Users\nykos\src\cpu-achitecture\examples\lpc_board_nxp_lpcxpresso_1769\Debug\liblpc_board_nxp_lpcxpresso_1769.a(lpc_phy_smsc87x0.o)
 .text.smsc_update_phy_sts
                0x0000ec68       0xe8 C:\Users\nykos\src\cpu-achitecture\examples\lpc_board_nxp_lpcxpresso_1769\Debug\liblpc_board_nxp_lpcxpresso_1769.a(lpc_phy_smsc87x0.o)
 .text.lpc_phy_init
                0x0000ed50       0xac C:\Users\nykos\src\cpu-achitecture\examples\lpc_board_nxp_lpcxpresso_1769\Debug\liblpc_board_nxp_lpcxpresso_1769.a(lpc_phy_smsc87x0.o)
                0x0000ed50                lpc_phy_init
 .text.lpcPHYStsPoll
                0x0000edfc       0xc8 C:\Users\nykos\src\cpu-achitecture\examples\lpc_board_nxp_lpcxpresso_1769\Debug\liblpc_board_nxp_lpcxpresso_1769.a(lpc_phy_smsc87x0.o)
                0x0000edfc                lpcPHYStsPoll
 .text.SystemCoreClockUpdate
                0x0000eec4       0x14 C:\Users\nykos\src\cpu-achitecture\examples\lpc_chip_175x_6x\Debug\liblpc_chip_175x_6x.a(chip_17xx_40xx.o)
                0x0000eec4                SystemCoreClockUpdate
 .text.Chip_Clock_IsMainPLLEnabled
                0x0000eed8       0x28 C:\Users\nykos\src\cpu-achitecture\examples\lpc_chip_175x_6x\Debug\liblpc_chip_175x_6x.a(clock_17xx_40xx.o)
 .text.Chip_Clock_IsMainPLLConnected
                0x0000ef00       0x28 C:\Users\nykos\src\cpu-achitecture\examples\lpc_chip_175x_6x\Debug\liblpc_chip_175x_6x.a(clock_17xx_40xx.o)
 .text.Chip_Clock_FeedPLL
                0x0000ef28       0x34 C:\Users\nykos\src\cpu-achitecture\examples\lpc_chip_175x_6x\Debug\liblpc_chip_175x_6x.a(clock_17xx_40xx.o)
 .text.Chip_Clock_GetMainPLLSource
                0x0000ef5c       0x20 C:\Users\nykos\src\cpu-achitecture\examples\lpc_chip_175x_6x\Debug\liblpc_chip_175x_6x.a(clock_17xx_40xx.o)
 .text.Chip_Clock_GetMainOscRate
                0x0000ef7c       0x18 C:\Users\nykos\src\cpu-achitecture\examples\lpc_chip_175x_6x\Debug\liblpc_chip_175x_6x.a(clock_17xx_40xx.o)
 .text.Chip_Clock_GetIntOscRate
                0x0000ef94       0x14 C:\Users\nykos\src\cpu-achitecture\examples\lpc_chip_175x_6x\Debug\liblpc_chip_175x_6x.a(clock_17xx_40xx.o)
 .text.Chip_Clock_GetRTCOscRate
                0x0000efa8       0x18 C:\Users\nykos\src\cpu-achitecture\examples\lpc_chip_175x_6x\Debug\liblpc_chip_175x_6x.a(clock_17xx_40xx.o)
 .text.Chip_Clock_GetMainPLLInClockRate
                0x0000efc0       0x10 C:\Users\nykos\src\cpu-achitecture\examples\lpc_chip_175x_6x\Debug\liblpc_chip_175x_6x.a(clock_17xx_40xx.o)
 .text.Chip_Clock_EnablePLL
                0x0000efd0       0x44 C:\Users\nykos\src\cpu-achitecture\examples\lpc_chip_175x_6x\Debug\liblpc_chip_175x_6x.a(clock_17xx_40xx.o)
                0x0000efd0                Chip_Clock_EnablePLL
 .text.Chip_Clock_DisablePLL
                0x0000f014       0x44 C:\Users\nykos\src\cpu-achitecture\examples\lpc_chip_175x_6x\Debug\liblpc_chip_175x_6x.a(clock_17xx_40xx.o)
                0x0000f014                Chip_Clock_DisablePLL
 .text.Chip_Clock_SetupPLL
                0x0000f058       0x58 C:\Users\nykos\src\cpu-achitecture\examples\lpc_chip_175x_6x\Debug\liblpc_chip_175x_6x.a(clock_17xx_40xx.o)
                0x0000f058                Chip_Clock_SetupPLL
 .text.Chip_Clock_EnablePeriphClock
                0x0000f0b0       0x34 C:\Users\nykos\src\cpu-achitecture\examples\lpc_chip_175x_6x\Debug\liblpc_chip_175x_6x.a(clock_17xx_40xx.o)
                0x0000f0b0                Chip_Clock_EnablePeriphClock
 .text.Chip_Clock_GetCPUClockSource
                0x0000f0e4       0x24 C:\Users\nykos\src\cpu-achitecture\examples\lpc_chip_175x_6x\Debug\liblpc_chip_175x_6x.a(clock_17xx_40xx.o)
                0x0000f0e4                Chip_Clock_GetCPUClockSource
 .text.Chip_Clock_SetCPUClockDiv
                0x0000f108       0x20 C:\Users\nykos\src\cpu-achitecture\examples\lpc_chip_175x_6x\Debug\liblpc_chip_175x_6x.a(clock_17xx_40xx.o)
                0x0000f108                Chip_Clock_SetCPUClockDiv
 .text.Chip_Clock_GetCPUClockDiv
                0x0000f128       0x1c C:\Users\nykos\src\cpu-achitecture\examples\lpc_chip_175x_6x\Debug\liblpc_chip_175x_6x.a(clock_17xx_40xx.o)
                0x0000f128                Chip_Clock_GetCPUClockDiv
 .text.Chip_Clock_GetPCLKDiv
                0x0000f144       0x90 C:\Users\nykos\src\cpu-achitecture\examples\lpc_chip_175x_6x\Debug\liblpc_chip_175x_6x.a(clock_17xx_40xx.o)
                0x0000f144                Chip_Clock_GetPCLKDiv
 .text.Chip_Clock_GetSYSCLKRate
                0x0000f1d4       0x34 C:\Users\nykos\src\cpu-achitecture\examples\lpc_chip_175x_6x\Debug\liblpc_chip_175x_6x.a(clock_17xx_40xx.o)
                0x0000f1d4                Chip_Clock_GetSYSCLKRate
 .text.Chip_Clock_GetMainPLLOutClockRate
                0x0000f208       0x54 C:\Users\nykos\src\cpu-achitecture\examples\lpc_chip_175x_6x\Debug\liblpc_chip_175x_6x.a(clock_17xx_40xx.o)
                0x0000f208                Chip_Clock_GetMainPLLOutClockRate
 .text.Chip_Clock_GetMainClockRate
                0x0000f25c       0x28 C:\Users\nykos\src\cpu-achitecture\examples\lpc_chip_175x_6x\Debug\liblpc_chip_175x_6x.a(clock_17xx_40xx.o)
                0x0000f25c                Chip_Clock_GetMainClockRate
 .text.Chip_Clock_GetSystemClockRate
                0x0000f284       0x18 C:\Users\nykos\src\cpu-achitecture\examples\lpc_chip_175x_6x\Debug\liblpc_chip_175x_6x.a(clock_17xx_40xx.o)
                0x0000f284                Chip_Clock_GetSystemClockRate
 .text.Chip_Clock_GetPeripheralClockRate
                0x0000f29c       0x28 C:\Users\nykos\src\cpu-achitecture\examples\lpc_chip_175x_6x\Debug\liblpc_chip_175x_6x.a(clock_17xx_40xx.o)
                0x0000f29c                Chip_Clock_GetPeripheralClockRate
 .text.Chip_Clock_GetENETClockRate
                0x0000f2c4       0x10 C:\Users\nykos\src\cpu-achitecture\examples\lpc_chip_175x_6x\Debug\liblpc_chip_175x_6x.a(enet_17xx_40xx.o)
 .text.Chip_ENET_Reset
                0x0000f2d4       0x24 C:\Users\nykos\src\cpu-achitecture\examples\lpc_chip_175x_6x\Debug\liblpc_chip_175x_6x.a(enet_17xx_40xx.o)
 .text.resetENET
                0x0000f2f8       0x28 C:\Users\nykos\src\cpu-achitecture\examples\lpc_chip_175x_6x\Debug\liblpc_chip_175x_6x.a(enet_17xx_40xx.o)
 .text.Chip_ENET_Init
                0x0000f320       0x8c C:\Users\nykos\src\cpu-achitecture\examples\lpc_chip_175x_6x\Debug\liblpc_chip_175x_6x.a(enet_17xx_40xx.o)
                0x0000f320                Chip_ENET_Init
 .text.Chip_ENET_SetupMII
                0x0000f3ac       0x48 C:\Users\nykos\src\cpu-achitecture\examples\lpc_chip_175x_6x\Debug\liblpc_chip_175x_6x.a(enet_17xx_40xx.o)
                0x0000f3ac                Chip_ENET_SetupMII
 .text.Chip_ENET_FindMIIDiv
                0x0000f3f4       0x50 C:\Users\nykos\src\cpu-achitecture\examples\lpc_chip_175x_6x\Debug\liblpc_chip_175x_6x.a(enet_17xx_40xx.o)
                0x0000f3f4                Chip_ENET_FindMIIDiv
 .text.Chip_ENET_StartMIIWrite
                0x0000f444       0x3c C:\Users\nykos\src\cpu-achitecture\examples\lpc_chip_175x_6x\Debug\liblpc_chip_175x_6x.a(enet_17xx_40xx.o)
                0x0000f444                Chip_ENET_StartMIIWrite
 .text.Chip_ENET_StartMIIRead
                0x0000f480       0x30 C:\Users\nykos\src\cpu-achitecture\examples\lpc_chip_175x_6x\Debug\liblpc_chip_175x_6x.a(enet_17xx_40xx.o)
                0x0000f480                Chip_ENET_StartMIIRead
 .text.Chip_ENET_ReadMIIData
                0x0000f4b0       0x20 C:\Users\nykos\src\cpu-achitecture\examples\lpc_chip_175x_6x\Debug\liblpc_chip_175x_6x.a(enet_17xx_40xx.o)
                0x0000f4b0                Chip_ENET_ReadMIIData
 .text.Chip_ENET_SetFullDuplex
                0x0000f4d0       0x34 C:\Users\nykos\src\cpu-achitecture\examples\lpc_chip_175x_6x\Debug\liblpc_chip_175x_6x.a(enet_17xx_40xx.o)
                0x0000f4d0                Chip_ENET_SetFullDuplex
 .text.Chip_ENET_SetHalfDuplex
                0x0000f504       0x34 C:\Users\nykos\src\cpu-achitecture\examples\lpc_chip_175x_6x\Debug\liblpc_chip_175x_6x.a(enet_17xx_40xx.o)
                0x0000f504                Chip_ENET_SetHalfDuplex
 .text.Chip_ENET_InitTxDescriptors
                0x0000f538       0x3c C:\Users\nykos\src\cpu-achitecture\examples\lpc_chip_175x_6x\Debug\liblpc_chip_175x_6x.a(enet_17xx_40xx.o)
                0x0000f538                Chip_ENET_InitTxDescriptors
 .text.Chip_ENET_InitRxDescriptors
                0x0000f574       0x3c C:\Users\nykos\src\cpu-achitecture\examples\lpc_chip_175x_6x\Debug\liblpc_chip_175x_6x.a(enet_17xx_40xx.o)
                0x0000f574                Chip_ENET_InitRxDescriptors
 .text.Chip_ENET_GetFillDescNum
                0x0000f5b0       0x4c C:\Users\nykos\src\cpu-achitecture\examples\lpc_chip_175x_6x\Debug\liblpc_chip_175x_6x.a(enet_17xx_40xx.o)
                0x0000f5b0                Chip_ENET_GetFillDescNum
 .text.Chip_ENET_IncTXProduceIndex
                0x0000f5fc       0x40 C:\Users\nykos\src\cpu-achitecture\examples\lpc_chip_175x_6x\Debug\liblpc_chip_175x_6x.a(enet_17xx_40xx.o)
                0x0000f5fc                Chip_ENET_IncTXProduceIndex
 .text.Chip_ENET_IncRXConsumeIndex
                0x0000f63c       0x40 C:\Users\nykos\src\cpu-achitecture\examples\lpc_chip_175x_6x\Debug\liblpc_chip_175x_6x.a(enet_17xx_40xx.o)
                0x0000f63c                Chip_ENET_IncRXConsumeIndex
 .text.Chip_IOCON_PinMuxSet
                0x0000f67c       0x34 C:\Users\nykos\src\cpu-achitecture\examples\lpc_chip_175x_6x\Debug\liblpc_chip_175x_6x.a(iocon_17xx_40xx.o)
                0x0000f67c                Chip_IOCON_PinMuxSet
 .text.Chip_IOCON_PinMux
                0x0000f6b0       0x94 C:\Users\nykos\src\cpu-achitecture\examples\lpc_chip_175x_6x\Debug\liblpc_chip_175x_6x.a(iocon_17xx_40xx.o)
                0x0000f6b0                Chip_IOCON_PinMux
 .text.Chip_IOCON_SetPinMuxing
                0x0000f744       0x60 C:\Users\nykos\src\cpu-achitecture\examples\lpc_chip_175x_6x\Debug\liblpc_chip_175x_6x.a(iocon_17xx_40xx.o)
                0x0000f744                Chip_IOCON_SetPinMuxing
 .text.Chip_Clock_IsMainPLLEnabled
                0x0000f7a4       0x28 C:\Users\nykos\src\cpu-achitecture\examples\lpc_chip_175x_6x\Debug\liblpc_chip_175x_6x.a(sysinit_17xx_40xx.o)
 .text.Chip_Clock_IsMainPLLLocked
                0x0000f7cc       0x28 C:\Users\nykos\src\cpu-achitecture\examples\lpc_chip_175x_6x\Debug\liblpc_chip_175x_6x.a(sysinit_17xx_40xx.o)
 .text.Chip_Clock_IsMainPLLConnected
                0x0000f7f4       0x28 C:\Users\nykos\src\cpu-achitecture\examples\lpc_chip_175x_6x\Debug\liblpc_chip_175x_6x.a(sysinit_17xx_40xx.o)
 .text.Chip_Clock_EnableCrystal
                0x0000f81c       0x20 C:\Users\nykos\src\cpu-achitecture\examples\lpc_chip_175x_6x\Debug\liblpc_chip_175x_6x.a(sysinit_17xx_40xx.o)
 .text.Chip_Clock_IsCrystalEnabled
                0x0000f83c       0x28 C:\Users\nykos\src\cpu-achitecture\examples\lpc_chip_175x_6x\Debug\liblpc_chip_175x_6x.a(sysinit_17xx_40xx.o)
 .text.Chip_Clock_SetMainPLLSource
                0x0000f864       0x20 C:\Users\nykos\src\cpu-achitecture\examples\lpc_chip_175x_6x\Debug\liblpc_chip_175x_6x.a(sysinit_17xx_40xx.o)
 .text.Chip_SetupXtalClocking
                0x0000f884       0x90 C:\Users\nykos\src\cpu-achitecture\examples\lpc_chip_175x_6x\Debug\liblpc_chip_175x_6x.a(sysinit_17xx_40xx.o)
                0x0000f884                Chip_SetupXtalClocking
 .text.Chip_UART_SetupFIFOS
                0x0000f914       0x1c C:\Users\nykos\src\cpu-achitecture\examples\lpc_chip_175x_6x\Debug\liblpc_chip_175x_6x.a(uart_17xx_40xx.o)
 .text.Chip_UART_ConfigData
                0x0000f930       0x1c C:\Users\nykos\src\cpu-achitecture\examples\lpc_chip_175x_6x\Debug\liblpc_chip_175x_6x.a(uart_17xx_40xx.o)
 .text.Chip_UART_EnableDivisorAccess
                0x0000f94c       0x20 C:\Users\nykos\src\cpu-achitecture\examples\lpc_chip_175x_6x\Debug\liblpc_chip_175x_6x.a(uart_17xx_40xx.o)
 .text.Chip_UART_DisableDivisorAccess
                0x0000f96c       0x20 C:\Users\nykos\src\cpu-achitecture\examples\lpc_chip_175x_6x\Debug\liblpc_chip_175x_6x.a(uart_17xx_40xx.o)
 .text.Chip_UART_SetDivisorLatches
                0x0000f98c       0x28 C:\Users\nykos\src\cpu-achitecture\examples\lpc_chip_175x_6x\Debug\liblpc_chip_175x_6x.a(uart_17xx_40xx.o)
 .text.Chip_UART_GetClockIndex
                0x0000f9b4       0x50 C:\Users\nykos\src\cpu-achitecture\examples\lpc_chip_175x_6x\Debug\liblpc_chip_175x_6x.a(uart_17xx_40xx.o)
 .text.Chip_UART_GetClkIndex
                0x0000fa04       0x50 C:\Users\nykos\src\cpu-achitecture\examples\lpc_chip_175x_6x\Debug\liblpc_chip_175x_6x.a(uart_17xx_40xx.o)
 .text.Chip_UART_Init
                0x0000fa54       0x74 C:\Users\nykos\src\cpu-achitecture\examples\lpc_chip_175x_6x\Debug\liblpc_chip_175x_6x.a(uart_17xx_40xx.o)
                0x0000fa54                Chip_UART_Init
 .text.Chip_UART_TXEnable
                0x0000fac8       0x18 C:\Users\nykos\src\cpu-achitecture\examples\lpc_chip_175x_6x\Debug\liblpc_chip_175x_6x.a(uart_17xx_40xx.o)
                0x0000fac8                Chip_UART_TXEnable
 .text.Chip_UART_TXDisable
                0x0000fae0       0x18 C:\Users\nykos\src\cpu-achitecture\examples\lpc_chip_175x_6x\Debug\liblpc_chip_175x_6x.a(uart_17xx_40xx.o)
                0x0000fae0                Chip_UART_TXDisable
 .text.Chip_UART_SetBaud
                0x0000faf8       0x64 C:\Users\nykos\src\cpu-achitecture\examples\lpc_chip_175x_6x\Debug\liblpc_chip_175x_6x.a(uart_17xx_40xx.o)
                0x0000faf8                Chip_UART_SetBaud
 .text.__main   0x0000fb5c       0x14 c:/nxp/lpcxpresso_7.9.2_493/lpcxpresso/tools/bin/../lib/gcc/arm-none-eabi/4.9.3/../../../../arm-none-eabi/lib/armv7-m\libcr_nohost.a(_cr__main.o)
                0x0000fb5c                __main
 .text.memcpy   0x0000fb70        0x4 c:/nxp/lpcxpresso_7.9.2_493/lpcxpresso/tools/bin/../lib/gcc/arm-none-eabi/4.9.3/../../../../arm-none-eabi/lib/armv7-m\libcr_c.a(memcpy.o)
                0x0000fb70                memcpy
 .text.memset   0x0000fb74        0x4 c:/nxp/lpcxpresso_7.9.2_493/lpcxpresso/tools/bin/../lib/gcc/arm-none-eabi/4.9.3/../../../../arm-none-eabi/lib/armv7-m\libcr_c.a(memset.o)
                0x0000fb74                memset
 .text.malloc   0x0000fb78       0xcc c:/nxp/lpcxpresso_7.9.2_493/lpcxpresso/tools/bin/../lib/gcc/arm-none-eabi/4.9.3/../../../../arm-none-eabi/lib/armv7-m\libcr_c.a(alloc.o)
                0x0000fb78                malloc
 .text.free     0x0000fc44       0x30 c:/nxp/lpcxpresso_7.9.2_493/lpcxpresso/tools/bin/../lib/gcc/arm-none-eabi/4.9.3/../../../../arm-none-eabi/lib/armv7-m\libcr_c.a(alloc.o)
                0x0000fc44                free
 .text._Csys_alloc
                0x0000fc74       0x20 c:/nxp/lpcxpresso_7.9.2_493/lpcxpresso/tools/bin/../lib/gcc/arm-none-eabi/4.9.3/../../../../arm-none-eabi/lib/armv7-m\libcr_c.a(alloc.o)
                0x0000fc74                _Csys_alloc
 .text.fp_round
                0x0000fc94       0x4a c:/nxp/lpcxpresso_7.9.2_493/lpcxpresso/tools/bin/../lib/gcc/arm-none-eabi/4.9.3/../../../../arm-none-eabi/lib/armv7-m\libcr_c.a(fpprintf.o)
 .text.pr_dec.constprop.1
                0x0000fcde       0x26 c:/nxp/lpcxpresso_7.9.2_493/lpcxpresso/tools/bin/../lib/gcc/arm-none-eabi/4.9.3/../../../../arm-none-eabi/lib/armv7-m\libcr_c.a(fpprintf.o)
 .text.sprintf  0x0000fd04       0x6c c:/nxp/lpcxpresso_7.9.2_493/lpcxpresso/tools/bin/../lib/gcc/arm-none-eabi/4.9.3/../../../../arm-none-eabi/lib/armv7-m\libcr_c.a(fpprintf.o)
                0x0000fd04                sprintf
 .text.fp_display
                0x0000fd70      0x900 c:/nxp/lpcxpresso_7.9.2_493/lpcxpresso/tools/bin/../lib/gcc/arm-none-eabi/4.9.3/../../../../arm-none-eabi/lib/armv7-m\libcr_c.a(fpprintf.o)
 .text.vsnprintf
                0x00010670       0x5c c:/nxp/lpcxpresso_7.9.2_493/lpcxpresso/tools/bin/../lib/gcc/arm-none-eabi/4.9.3/../../../../arm-none-eabi/lib/armv7-m\libcr_c.a(fpprintf.o)
                0x00010670                vsnprintf
 .text.printf   0x000106cc       0x54 c:/nxp/lpcxpresso_7.9.2_493/lpcxpresso/tools/bin/../lib/gcc/arm-none-eabi/4.9.3/../../../../arm-none-eabi/lib/armv7-m\libcr_c.a(fpprintf.o)
                0x000106cc                printf
 .text._initio  0x00010720       0xa4 c:/nxp/lpcxpresso_7.9.2_493/lpcxpresso/tools/bin/../lib/gcc/arm-none-eabi/4.9.3/../../../../arm-none-eabi/lib/armv7-m\libcr_c.a(initio.o)
                0x00010720                _initio
 .text.memcmp   0x000107c4       0x42 c:/nxp/lpcxpresso_7.9.2_493/lpcxpresso/tools/bin/../lib/gcc/arm-none-eabi/4.9.3/../../../../arm-none-eabi/lib/armv7-m\libcr_c.a(memcmp.o)
                0x000107c4                memcmp
 *fill*         0x00010806        0x2 
 .text.__vfprintf
                0x00010808      0xcc0 c:/nxp/lpcxpresso_7.9.2_493/lpcxpresso/tools/bin/../lib/gcc/arm-none-eabi/4.9.3/../../../../arm-none-eabi/lib/armv7-m\libcr_c.a(printf.o)
                0x00010808                __vfprintf
 .text.setvbuf  0x000114c8       0x40 c:/nxp/lpcxpresso_7.9.2_493/lpcxpresso/tools/bin/../lib/gcc/arm-none-eabi/4.9.3/../../../../arm-none-eabi/lib/armv7-m\libcr_c.a(setvbuf.o)
                0x000114c8                setvbuf
 .text.strlen   0x00011508       0x4a c:/nxp/lpcxpresso_7.9.2_493/lpcxpresso/tools/bin/../lib/gcc/arm-none-eabi/4.9.3/../../../../arm-none-eabi/lib/armv7-m\libcr_c.a(strlen.o)
                0x00011508                strlen
 *fill*         0x00011552        0x2 
 .text._sbrk    0x00011554       0x40 c:/nxp/lpcxpresso_7.9.2_493/lpcxpresso/tools/bin/../lib/gcc/arm-none-eabi/4.9.3/../../../../arm-none-eabi/lib/armv7-m\libcr_c.a(_cr_sbrk.o)
                0x00011554                _sbrk
 .text._deferredlazyseek
                0x00011594       0x44 c:/nxp/lpcxpresso_7.9.2_493/lpcxpresso/tools/bin/../lib/gcc/arm-none-eabi/4.9.3/../../../../arm-none-eabi/lib/armv7-m\libcr_c.a(_deferredlazyseek.o)
                0x00011594                _deferredlazyseek
 .text.__flsbuf
                0x000115d8      0x142 c:/nxp/lpcxpresso_7.9.2_493/lpcxpresso/tools/bin/../lib/gcc/arm-none-eabi/4.9.3/../../../../arm-none-eabi/lib/armv7-m\libcr_c.a(_deferredlazyseek.o)
                0x000115d8                __flsbuf
 .text._fdopen  0x0001171a       0x6a c:/nxp/lpcxpresso_7.9.2_493/lpcxpresso/tools/bin/../lib/gcc/arm-none-eabi/4.9.3/../../../../arm-none-eabi/lib/armv7-m\libcr_c.a(_fdopen.o)
                0x0001171a                _fdopen
 .text._fflush  0x00011784       0x58 c:/nxp/lpcxpresso_7.9.2_493/lpcxpresso/tools/bin/../lib/gcc/arm-none-eabi/4.9.3/../../../../arm-none-eabi/lib/armv7-m\libcr_c.a(_fflush.o)
                0x00011784                _fflush
 .text._frexpl  0x000117dc       0x5a c:/nxp/lpcxpresso_7.9.2_493/lpcxpresso/tools/bin/../lib/gcc/arm-none-eabi/4.9.3/../../../../arm-none-eabi/lib/armv7-m\libcr_c.a(_frexpl.o)
                0x000117dc                _frexpl
 *fill*         0x00011836        0x2 
 .text._ldexpl  0x00011838       0x4c c:/nxp/lpcxpresso_7.9.2_493/lpcxpresso/tools/bin/../lib/gcc/arm-none-eabi/4.9.3/../../../../arm-none-eabi/lib/armv7-m\libcr_c.a(_ldexpl.o)
                0x00011838                _ldexpl
 .text._Cwritebuf
                0x00011884       0x68 c:/nxp/lpcxpresso_7.9.2_493/lpcxpresso/tools/bin/../lib/gcc/arm-none-eabi/4.9.3/../../../../arm-none-eabi/lib/armv7-m\libcr_c.a(_writebuf.o)
                0x00011884                _Cwritebuf
 .text.fclose   0x000118ec       0x6c c:/nxp/lpcxpresso_7.9.2_493/lpcxpresso/tools/bin/../lib/gcc/arm-none-eabi/4.9.3/../../../../arm-none-eabi/lib/armv7-m\libcr_c.a(fclose.o)
                0x000118ec                fclose
 .text.fflush   0x00011958       0x30 c:/nxp/lpcxpresso_7.9.2_493/lpcxpresso/tools/bin/../lib/gcc/arm-none-eabi/4.9.3/../../../../arm-none-eabi/lib/armv7-m\libcr_c.a(fflush.o)
                0x00011958                fflush
 .text.fseek    0x00011988      0x110 c:/nxp/lpcxpresso_7.9.2_493/lpcxpresso/tools/bin/../lib/gcc/arm-none-eabi/4.9.3/../../../../arm-none-eabi/lib/armv7-m\libcr_c.a(fseek.o)
                0x00011988                fseek
 .text.ftell    0x00011a98       0x4c c:/nxp/lpcxpresso_7.9.2_493/lpcxpresso/tools/bin/../lib/gcc/arm-none-eabi/4.9.3/../../../../arm-none-eabi/lib/armv7-m\libcr_c.a(ftell.o)
                0x00011a98                ftell
 .text.remove   0x00011ae4       0x14 c:/nxp/lpcxpresso_7.9.2_493/lpcxpresso/tools/bin/../lib/gcc/arm-none-eabi/4.9.3/../../../../arm-none-eabi/lib/armv7-m\libcr_c.a(remove.o)
                0x00011ae4                remove
 .text._do_fflush
                0x00011af8       0x44 c:/nxp/lpcxpresso_7.9.2_493/lpcxpresso/tools/bin/../lib/gcc/arm-none-eabi/4.9.3/../../../../arm-none-eabi/lib/armv7-m\libcr_c.a(_do_fflush.o)
                0x00011af8                _do_fflush
 .text.__aeabi_dmul
                0x00011b3c      0x120 c:/nxp/lpcxpresso_7.9.2_493/lpcxpresso/tools/bin/../lib/gcc/arm-none-eabi/4.9.3/armv7-m\libcr_eabihelpers.a(double.o)
                0x00011b3c                __aeabi_dmul
 .text.__aeabi_ddiv
                0x00011c5c      0x150 c:/nxp/lpcxpresso_7.9.2_493/lpcxpresso/tools/bin/../lib/gcc/arm-none-eabi/4.9.3/armv7-m\libcr_eabihelpers.a(double.o)
                0x00011c5c                __aeabi_ddiv
 .text.__aeabi_dsub
                0x00011dac      0x1d8 c:/nxp/lpcxpresso_7.9.2_493/lpcxpresso/tools/bin/../lib/gcc/arm-none-eabi/4.9.3/armv7-m\libcr_eabihelpers.a(double.o)
                0x00011dac                __aeabi_dsub
 .text.__aeabi_dadd
                0x00011f84      0x134 c:/nxp/lpcxpresso_7.9.2_493/lpcxpresso/tools/bin/../lib/gcc/arm-none-eabi/4.9.3/armv7-m\libcr_eabihelpers.a(double.o)
                0x00011f84                __aeabi_dadd
 .text.__aeabi_d2iz
                0x000120b8       0x40 c:/nxp/lpcxpresso_7.9.2_493/lpcxpresso/tools/bin/../lib/gcc/arm-none-eabi/4.9.3/armv7-m\libcr_eabihelpers.a(double.o)
                0x000120b8                __aeabi_d2iz
 .text.__bhs_ui2d
                0x000120f8       0x48 c:/nxp/lpcxpresso_7.9.2_493/lpcxpresso/tools/bin/../lib/gcc/arm-none-eabi/4.9.3/armv7-m\libcr_eabihelpers.a(double.o)
                0x000120f8                __bhs_ui2d
 .text.__aeabi_i2d
                0x00012140       0x14 c:/nxp/lpcxpresso_7.9.2_493/lpcxpresso/tools/bin/../lib/gcc/arm-none-eabi/4.9.3/armv7-m\libcr_eabihelpers.a(double.o)
                0x00012140                __aeabi_i2d
 .text.__aeabi_dcmpeq
                0x00012154       0x2c c:/nxp/lpcxpresso_7.9.2_493/lpcxpresso/tools/bin/../lib/gcc/arm-none-eabi/4.9.3/armv7-m\libcr_eabihelpers.a(double.o)
                0x00012154                __aeabi_dcmpeq
 .text.__aeabi_dcmplt
                0x00012180       0x5c c:/nxp/lpcxpresso_7.9.2_493/lpcxpresso/tools/bin/../lib/gcc/arm-none-eabi/4.9.3/armv7-m\libcr_eabihelpers.a(double.o)
                0x00012180                __aeabi_dcmplt
 .text.__aeabi_dcmple
                0x000121dc       0x5c c:/nxp/lpcxpresso_7.9.2_493/lpcxpresso/tools/bin/../lib/gcc/arm-none-eabi/4.9.3/armv7-m\libcr_eabihelpers.a(double.o)
                0x000121dc                __aeabi_dcmple
 .text.__aeabi_dcmpge
                0x00012238       0x5c c:/nxp/lpcxpresso_7.9.2_493/lpcxpresso/tools/bin/../lib/gcc/arm-none-eabi/4.9.3/armv7-m\libcr_eabihelpers.a(double.o)
                0x00012238                __aeabi_dcmpge
 .text.__aeabi_memcpy
                0x00012294       0x34 c:/nxp/lpcxpresso_7.9.2_493/lpcxpresso/tools/bin/../lib/gcc/arm-none-eabi/4.9.3/armv7-m\libcr_eabihelpers.a(memcpy.o)
                0x00012294                __aeabi_memcpy
                0x0001229e                __aeabi_memcpy8
                0x0001229e                __aeabi_memcpy4
 .text.__aeabi_memset_lowlevel
                0x000122c8       0x32 c:/nxp/lpcxpresso_7.9.2_493/lpcxpresso/tools/bin/../lib/gcc/arm-none-eabi/4.9.3/armv7-m\libcr_eabihelpers.a(memcpy.o)
                0x000122c8                __aeabi_lowlevel_memset
 .text.__sys_appexit
                0x000122fa        0x2 c:/nxp/lpcxpresso_7.9.2_493/lpcxpresso/tools/bin/../lib/gcc/arm-none-eabi/4.9.3/../../../../arm-none-eabi/lib/armv7-m\libcr_nohost.a(__sys_appexit.o)
                0x000122fa                __sys_appexit
                0x000122fa                __exit
 .text.__sys_close
                0x000122fc        0x6 c:/nxp/lpcxpresso_7.9.2_493/lpcxpresso/tools/bin/../lib/gcc/arm-none-eabi/4.9.3/../../../../arm-none-eabi/lib/armv7-m\libcr_nohost.a(__sys_close.o)
                0x000122fc                __sys_close
 .text.__sys_flen
                0x00012302        0x6 c:/nxp/lpcxpresso_7.9.2_493/lpcxpresso/tools/bin/../lib/gcc/arm-none-eabi/4.9.3/../../../../arm-none-eabi/lib/armv7-m\libcr_nohost.a(__sys_flen.o)
                0x00012302                __sys_flen
 .text.__sys_istty
                0x00012308        0x6 c:/nxp/lpcxpresso_7.9.2_493/lpcxpresso/tools/bin/../lib/gcc/arm-none-eabi/4.9.3/../../../../arm-none-eabi/lib/armv7-m\libcr_nohost.a(__sys_istty.o)
                0x00012308                __sys_istty
 .text.__sys_remove
                0x0001230e        0x6 c:/nxp/lpcxpresso_7.9.2_493/lpcxpresso/tools/bin/../lib/gcc/arm-none-eabi/4.9.3/../../../../arm-none-eabi/lib/armv7-m\libcr_nohost.a(__sys_remove.o)
                0x0001230e                __sys_remove
 .text.__sys_seek
                0x00012314        0x6 c:/nxp/lpcxpresso_7.9.2_493/lpcxpresso/tools/bin/../lib/gcc/arm-none-eabi/4.9.3/../../../../arm-none-eabi/lib/armv7-m\libcr_nohost.a(__sys_seek.o)
                0x00012314                __sys_seek
 .text.__sys_tmpnam
                0x0001231a        0x6 c:/nxp/lpcxpresso_7.9.2_493/lpcxpresso/tools/bin/../lib/gcc/arm-none-eabi/4.9.3/../../../../arm-none-eabi/lib/armv7-m\libcr_nohost.a(__sys_tmpnam.o)
                0x0001231a                __sys_tmpnam
 *(.rodata .rodata.* .constdata .constdata.*)
 .rodata.ethbroadcast
                0x00012320        0x6 ./lwip/src/netif/etharp.o
                0x00012320                ethbroadcast
 *fill*         0x00012326        0x2 
 .rodata.ethzero
                0x00012328        0x6 ./lwip/src/netif/etharp.o
                0x00012328                ethzero
 *fill*         0x0001232e        0x2 
 .rodata.ip_addr_any
                0x00012330        0x4 ./lwip/src/core/ipv4/ip_addr.o
                0x00012330                ip_addr_any
 .rodata.ip_addr_broadcast
                0x00012334        0x4 ./lwip/src/core/ipv4/ip_addr.o
                0x00012334                ip_addr_broadcast
 .rodata.memp_sizes
                0x00012338       0x1a ./lwip/src/core/memp.o
                0x00012338                memp_sizes
 *fill*         0x00012352        0x2 
 .rodata.tcp_backoff
                0x00012354        0xd ./lwip/src/core/tcp.o
                0x00012354                tcp_backoff
 *fill*         0x00012361        0x3 
 .rodata.tcp_persist_backoff
                0x00012364        0x7 ./lwip/src/core/tcp.o
                0x00012364                tcp_persist_backoff
 *fill*         0x0001236b        0x1 
 .rodata.tcp_pcb_lists
                0x0001236c       0x10 ./lwip/src/core/tcp.o
                0x0001236c                tcp_pcb_lists
 .rodata        0x0001237c       0x27 ./lwip/src/arch/lpc17xx_40xx_emac.o
 *fill*         0x000123a3        0x1 
 .rodata        0x000123a4        0xd ./lwip/src/api/tcpip.o
 *fill*         0x000123b1        0x3 
 .rodata        0x000123b4       0x58 ./freertos/src/FreeRTOSCommonHooks.o
 .rodata        0x0001240c        0x5 ./freertos/src/tasks.o
 *fill*         0x00012411        0x3 
 .rodata        0x00012414       0x61 ./example/src/lwip_tcpecho_freertos.o
 *fill*         0x00012475        0x3 
 .rodata        0x00012478        0xf ./example/src/tcpecho.o
 *fill*         0x00012487        0x1 
 .rodata.OscRateIn
                0x00012488        0x4 C:\Users\nykos\src\cpu-achitecture\examples\lpc_board_nxp_lpcxpresso_1769\Debug\liblpc_board_nxp_lpcxpresso_1769.a(board.o)
                0x00012488                OscRateIn
 .rodata.RTCOscRateIn
                0x0001248c        0x4 C:\Users\nykos\src\cpu-achitecture\examples\lpc_board_nxp_lpcxpresso_1769\Debug\liblpc_board_nxp_lpcxpresso_1769.a(board.o)
                0x0001248c                RTCOscRateIn
 .rodata        0x00012490        0x6 C:\Users\nykos\src\cpu-achitecture\examples\lpc_board_nxp_lpcxpresso_1769\Debug\liblpc_board_nxp_lpcxpresso_1769.a(board.o)
 *fill*         0x00012496        0x2 
 .rodata.pinmuxing
                0x00012498       0x5c C:\Users\nykos\src\cpu-achitecture\examples\lpc_board_nxp_lpcxpresso_1769\Debug\liblpc_board_nxp_lpcxpresso_1769.a(board_sysinit.o)
 .rodata.EnetClkDiv
                0x000124f4        0xf C:\Users\nykos\src\cpu-achitecture\examples\lpc_chip_175x_6x\Debug\liblpc_chip_175x_6x.a(enet_17xx_40xx.o)
 .rodata.str1.1
                0x00012503       0x18 c:/nxp/lpcxpresso_7.9.2_493/lpcxpresso/tools/bin/../lib/gcc/arm-none-eabi/4.9.3/../../../../arm-none-eabi/lib/armv7-m\libcr_c.a(alloc.o)
 .rodata.str1.1
                0x0001251b       0x34 c:/nxp/lpcxpresso_7.9.2_493/lpcxpresso/tools/bin/../lib/gcc/arm-none-eabi/4.9.3/../../../../arm-none-eabi/lib/armv7-m\libcr_c.a(fpprintf.o)
                                 0x35 (size before relaxing)
 .rodata.str1.1
                0x0001254f        0x4 c:/nxp/lpcxpresso_7.9.2_493/lpcxpresso/tools/bin/../lib/gcc/arm-none-eabi/4.9.3/../../../../arm-none-eabi/lib/armv7-m\libcr_c.a(initio.o)
 .rodata.str1.1
                0x00012553       0x31 c:/nxp/lpcxpresso_7.9.2_493/lpcxpresso/tools/bin/../lib/gcc/arm-none-eabi/4.9.3/../../../../arm-none-eabi/lib/armv7-m\libcr_c.a(printf.o)
                                 0x38 (size before relaxing)
 *fill*         0x00012584        0x4 
 .rodata.__huge_vall
                0x00012588        0x8 c:/nxp/lpcxpresso_7.9.2_493/lpcxpresso/tools/bin/../lib/gcc/arm-none-eabi/4.9.3/../../../../arm-none-eabi/lib/armv7-m\libcr_c.a(_hugeval.o)
                0x00012588                __huge_vall
                0x00012590                . = ALIGN (0x4)

.glue_7         0x00012590        0x0
 .glue_7        0x00000000        0x0 linker stubs

.glue_7t        0x00012590        0x0
 .glue_7t       0x00000000        0x0 linker stubs

.vfp11_veneer   0x00012590        0x0
 .vfp11_veneer  0x00000000        0x0 linker stubs

.v4_bx          0x00012590        0x0
 .v4_bx         0x00000000        0x0 linker stubs

.iplt           0x00012590        0x0
 .iplt          0x00000000        0x0 ./lwip/src/netif/etharp.o

.rel.dyn        0x00012590        0x0
 .rel.iplt      0x00000000        0x0 ./lwip/src/netif/etharp.o

.ARM.extab
 *(.ARM.extab* .gnu.linkonce.armextab.*)
                0x00012590                __exidx_start = .

.ARM.exidx
 *(.ARM.exidx* .gnu.linkonce.armexidx.*)
                0x00012590                __exidx_end = .
                0x00012590                _etext = .

.data_RAM2      0x2007c000        0x0 load address 0x00012590
 FILL mask 0xff
                0x2007c000                PROVIDE (__start_data_RAM2, .)
 *(.ramfunc.$RAM2)
 *(.ramfunc.$RamAHB32)
 *(.data.$RAM2*)
 *(.data.$RamAHB32*)
                0x2007c000                . = ALIGN (0x4)
                0x2007c000                PROVIDE (__end_data_RAM2, .)

.uninit_RESERVED
                0x10000000        0x0
 *(.bss.$RESERVED*)
                0x10000000                . = ALIGN (0x4)
                0x10000000                _end_uninit_RESERVED = .

.data           0x10000000       0x18 load address 0x00012590
 FILL mask 0xff
                0x10000000                _data = .
 *(vtable)
 *(.ramfunc*)
 *(.data*)
 .data.xid.4901
                0x10000000        0x4 ./lwip/src/core/dhcp.o
 .data.tcp_port
                0x10000004        0x2 ./lwip/src/core/tcp.o
 *fill*         0x10000006        0x2 
 .data.iss.5013
                0x10000008        0x4 ./lwip/src/core/tcp.o
 .data.udp_port
                0x1000000c        0x2 ./lwip/src/core/udp.o
 *fill*         0x1000000e        0x2 
 .data.uxCriticalNesting
                0x10000010        0x4 ./freertos/src/port.o
 .data.xNextTaskUnblockTime
                0x10000014        0x4 ./freertos/src/tasks.o
                0x10000018                . = ALIGN (0x4)
                0x10000018                _edata = .

.igot.plt       0x10000018        0x0 load address 0x000125a8
 .igot.plt      0x00000000        0x0 ./lwip/src/netif/etharp.o

.bss_RAM2       0x2007c000        0x0
                0x2007c000                PROVIDE (__start_bss_RAM2, .)
 *(.bss.$RAM2*)
 *(.bss.$RamAHB32*)
                0x2007c000                . = ALIGN ((. != 0x0)?0x4:0x1)
                0x2007c000                PROVIDE (__end_bss_RAM2, .)

.bss            0x10000018      0x54c
                0x10000018                _bss = .
 *(.bss*)
 .bss.arp_table
                0x10000018       0xc8 ./lwip/src/netif/etharp.o
 .bss.etharp_cached_entry
                0x100000e0        0x1 ./lwip/src/netif/etharp.o
 *fill*         0x100000e1        0x1 
 .bss.ip_id     0x100000e2        0x2 ./lwip/src/core/ipv4/ip.o
 .bss.reassdatagrams
                0x100000e4        0x4 ./lwip/src/core/ipv4/ip_frag.o
 .bss.ip_reass_pbufcount
                0x100000e8        0x2 ./lwip/src/core/ipv4/ip_frag.o
 .bss.netif_num
                0x100000ea        0x1 ./lwip/src/core/netif.o
 .bss.tcp_timer
                0x100000eb        0x1 ./lwip/src/core/tcp.o
 .bss.tcp_timer_ctr
                0x100000ec        0x1 ./lwip/src/core/tcp.o
 *fill*         0x100000ed        0x3 
 .bss.inseg     0x100000f0       0x14 ./lwip/src/core/tcp_in.o
 .bss.tcphdr    0x10000104        0x4 ./lwip/src/core/tcp_in.o
 .bss.iphdr     0x10000108        0x4 ./lwip/src/core/tcp_in.o
 .bss.seqno     0x1000010c        0x4 ./lwip/src/core/tcp_in.o
 .bss.ackno     0x10000110        0x4 ./lwip/src/core/tcp_in.o
 .bss.flags     0x10000114        0x1 ./lwip/src/core/tcp_in.o
 *fill*         0x10000115        0x1 
 .bss.tcplen    0x10000116        0x2 ./lwip/src/core/tcp_in.o
 .bss.recv_flags
                0x10000118        0x1 ./lwip/src/core/tcp_in.o
 *fill*         0x10000119        0x3 
 .bss.recv_data
                0x1000011c        0x4 ./lwip/src/core/tcp_in.o
 .bss.next_timeout
                0x10000120        0x4 ./lwip/src/core/timers.o
 .bss.tcpip_tcp_timer_active
                0x10000124        0x4 ./lwip/src/core/timers.o
 .bss.tcpip_init_done
                0x10000128        0x4 ./lwip/src/api/tcpip.o
 .bss.tcpip_init_done_arg
                0x1000012c        0x4 ./lwip/src/api/tcpip.o
 .bss.mbox      0x10000130        0x4 ./lwip/src/api/tcpip.o
 .bss.pxCurrentTCB
                0x10000134        0x4 ./freertos/src/tasks.o
                0x10000134                pxCurrentTCB
 .bss.pxReadyTasksLists
                0x10000138       0x64 ./freertos/src/tasks.o
 .bss.xDelayedTaskList1
                0x1000019c       0x14 ./freertos/src/tasks.o
 .bss.xDelayedTaskList2
                0x100001b0       0x14 ./freertos/src/tasks.o
 .bss.pxDelayedTaskList
                0x100001c4        0x4 ./freertos/src/tasks.o
 .bss.pxOverflowDelayedTaskList
                0x100001c8        0x4 ./freertos/src/tasks.o
 .bss.xPendingReadyList
                0x100001cc       0x14 ./freertos/src/tasks.o
 .bss.xTasksWaitingTermination
                0x100001e0       0x14 ./freertos/src/tasks.o
 .bss.uxTasksDeleted
                0x100001f4        0x4 ./freertos/src/tasks.o
 .bss.xSuspendedTaskList
                0x100001f8       0x14 ./freertos/src/tasks.o
 .bss.uxCurrentNumberOfTasks
                0x1000020c        0x4 ./freertos/src/tasks.o
 .bss.xTickCount
                0x10000210        0x4 ./freertos/src/tasks.o
 .bss.uxTopReadyPriority
                0x10000214        0x4 ./freertos/src/tasks.o
 .bss.xSchedulerRunning
                0x10000218        0x4 ./freertos/src/tasks.o
 .bss.uxSchedulerSuspended
                0x1000021c        0x4 ./freertos/src/tasks.o
 .bss.uxPendedTicks
                0x10000220        0x4 ./freertos/src/tasks.o
 .bss.xYieldPending
                0x10000224        0x4 ./freertos/src/tasks.o
 .bss.xNumOfOverflows
                0x10000228        0x4 ./freertos/src/tasks.o
 .bss.uxTaskNumber
                0x1000022c        0x4 ./freertos/src/tasks.o
 .bss.lpc_netif
                0x10000230       0x38 ./example/src/lwip_tcpecho_freertos.o
 .bss.prt_ip.8531
                0x10000268        0x4 ./example/src/lwip_tcpecho_freertos.o
 .bss.tmp_buff.8535
                0x1000026c       0x10 ./example/src/lwip_tcpecho_freertos.o
 .bss.physts    0x1000027c        0x4 C:\Users\nykos\src\cpu-achitecture\examples\lpc_board_nxp_lpcxpresso_1769\Debug\liblpc_board_nxp_lpcxpresso_1769.a(lpc_phy_smsc87x0.o)
 .bss.olddphysts
                0x10000280        0x4 C:\Users\nykos\src\cpu-achitecture\examples\lpc_board_nxp_lpcxpresso_1769\Debug\liblpc_board_nxp_lpcxpresso_1769.a(lpc_phy_smsc87x0.o)
 .bss.phyustate
                0x10000284        0x4 C:\Users\nykos\src\cpu-achitecture\examples\lpc_board_nxp_lpcxpresso_1769\Debug\liblpc_board_nxp_lpcxpresso_1769.a(lpc_phy_smsc87x0.o)
 .bss.pDelayMs  0x10000288        0x4 C:\Users\nykos\src\cpu-achitecture\examples\lpc_board_nxp_lpcxpresso_1769\Debug\liblpc_board_nxp_lpcxpresso_1769.a(lpc_phy_smsc87x0.o)
 .bss.sts.7322  0x1000028c        0x2 C:\Users\nykos\src\cpu-achitecture\examples\lpc_board_nxp_lpcxpresso_1769\Debug\liblpc_board_nxp_lpcxpresso_1769.a(lpc_phy_smsc87x0.o)
 *fill*         0x1000028e        0x2 
 .bss.phyAddr   0x10000290        0x4 C:\Users\nykos\src\cpu-achitecture\examples\lpc_chip_175x_6x\Debug\liblpc_chip_175x_6x.a(enet_17xx_40xx.o)
 .bss.errno     0x10000294        0x4 c:/nxp/lpcxpresso_7.9.2_493/lpcxpresso/tools/bin/../lib/gcc/arm-none-eabi/4.9.3/../../../../arm-none-eabi/lib/armv7-m\libcr_c.a(errno.o)
                0x10000294                errno
 *(COMMON)
 COMMON         0x10000298       0x10 ./lwip/src/core/ipv4/ip.o
                0x10000298                current_iphdr_src
                0x1000029c                current_netif
                0x100002a0                current_iphdr_dest
                0x100002a4                current_header
 COMMON         0x100002a8       0x34 ./lwip/src/core/dhcp.o
                0x100002a8                dhcp_rx_options_given
                0x100002b4                dhcp_rx_options_val
 COMMON         0x100002dc        0x8 ./lwip/src/core/netif.o
                0x100002dc                netif_list
                0x100002e0                netif_default
 COMMON         0x100002e4        0x1 ./lwip/src/core/pbuf.o
                0x100002e4                pbuf_free_ooseq_pending
 *fill*         0x100002e5        0x3 
 COMMON         0x100002e8       0x1c ./lwip/src/core/tcp.o
                0x100002e8                tcp_active_pcbs_changed
                0x100002ec                tcp_active_pcbs
                0x100002f0                tcp_ticks
                0x100002f4                tcp_listen_pcbs
                0x100002f8                tcp_tmp_pcb
                0x100002fc                tcp_bound_pcbs
                0x10000300                tcp_tw_pcbs
 COMMON         0x10000304        0x4 ./lwip/src/core/tcp_in.o
                0x10000304                tcp_input_pcb
 COMMON         0x10000308        0x4 ./lwip/src/core/udp.o
                0x10000308                udp_pcbs
 *fill*         0x1000030c        0x4 
 COMMON         0x10000310       0xb4 ./lwip/src/arch/lpc17xx_40xx_emac.o
                0x10000310                lpc_enetdata
 COMMON         0x100003c4       0x50 ./freertos/src/queue.o
                0x100003c4                xQueueRegistry
 COMMON         0x10000414        0x4 C:\Users\nykos\src\cpu-achitecture\examples\lpc_chip_175x_6x\Debug\liblpc_chip_175x_6x.a(chip_17xx_40xx.o)
                0x10000414                SystemCoreClock