Archive member included because of file (symbol)

C:\Users\nykos\src\cpu-achitecture\examples\lpc_board_nxp_lpcxpresso_1769\Debug\liblpc_board_nxp_lpcxpresso_1769.a(board.o)
                              ./example/src/lwip_tcpecho_sa.o (Board_LED_Set)
C:\Users\nykos\src\cpu-achitecture\examples\lpc_board_nxp_lpcxpresso_1769\Debug\liblpc_board_nxp_lpcxpresso_1769.a(board_sysinit.o)
                              ./example/src/sysinit.o (Board_SystemInit)
C:\Users\nykos\src\cpu-achitecture\examples\lpc_board_nxp_lpcxpresso_1769\Debug\liblpc_board_nxp_lpcxpresso_1769.a(lpc_phy_smsc87x0.o)
                              ./lwip/src/arch/lpc17xx_40xx_emac.o (lpc_phy_init)
C:\Users\nykos\src\cpu-achitecture\examples\lpc_chip_175x_6x\Debug\liblpc_chip_175x_6x.a(chip_17xx_40xx.o)
                              ./lwip/src/arch/lpc17xx_40xx_systick_arch.o (SystemCoreClock)
C:\Users\nykos\src\cpu-achitecture\examples\lpc_chip_175x_6x\Debug\liblpc_chip_175x_6x.a(clock_17xx_40xx.o)
                              C:\Users\nykos\src\cpu-achitecture\examples\lpc_chip_175x_6x\Debug\liblpc_chip_175x_6x.a(chip_17xx_40xx.o) (Chip_Clock_EnablePLL)
C:\Users\nykos\src\cpu-achitecture\examples\lpc_chip_175x_6x\Debug\liblpc_chip_175x_6x.a(enet_17xx_40xx.o)
                              ./lwip/src/arch/lpc17xx_40xx_emac.o (Chip_ENET_Init)
C:\Users\nykos\src\cpu-achitecture\examples\lpc_chip_175x_6x\Debug\liblpc_chip_175x_6x.a(i2s_17xx_40xx.o)
                              C:\Users\nykos\src\cpu-achitecture\examples\lpc_board_nxp_lpcxpresso_1769\Debug\liblpc_board_nxp_lpcxpresso_1769.a(board.o) (Chip_I2S_Init)
C:\Users\nykos\src\cpu-achitecture\examples\lpc_chip_175x_6x\Debug\liblpc_chip_175x_6x.a(iocon_17xx_40xx.o)
                              C:\Users\nykos\src\cpu-achitecture\examples\lpc_board_nxp_lpcxpresso_1769\Debug\liblpc_board_nxp_lpcxpresso_1769.a(board.o) (Chip_IOCON_PinMux)
C:\Users\nykos\src\cpu-achitecture\examples\lpc_chip_175x_6x\Debug\liblpc_chip_175x_6x.a(sysinit_17xx_40xx.o)
                              C:\Users\nykos\src\cpu-achitecture\examples\lpc_board_nxp_lpcxpresso_1769\Debug\liblpc_board_nxp_lpcxpresso_1769.a(board_sysinit.o) (Chip_SetupXtalClocking)
C:\Users\nykos\src\cpu-achitecture\examples\lpc_chip_175x_6x\Debug\liblpc_chip_175x_6x.a(uart_17xx_40xx.o)
                              C:\Users\nykos\src\cpu-achitecture\examples\lpc_board_nxp_lpcxpresso_1769\Debug\liblpc_board_nxp_lpcxpresso_1769.a(board.o) (Chip_UART_Init)
C:\Users\nykos\src\cpu-achitecture\examples\lpc_chip_175x_6x\Debug\liblpc_chip_175x_6x.a(ring_buffer.o)
                              C:\Users\nykos\src\cpu-achitecture\examples\lpc_chip_175x_6x\Debug\liblpc_chip_175x_6x.a(uart_17xx_40xx.o) (RingBuffer_Insert)
c:/nxp/lpcxpresso_7.9.2_493/lpcxpresso/tools/bin/../lib/gcc/arm-none-eabi/4.9.3/../../../../arm-none-eabi/lib/armv7-m\libcr_nohost.a(_cr__main.o)
                              ./example/src/cr_startup_lpc175x_6x.o (__main)
c:/nxp/lpcxpresso_7.9.2_493/lpcxpresso/tools/bin/../lib/gcc/arm-none-eabi/4.9.3/../../../../arm-none-eabi/lib/armv7-m\libcr_c.a(memcpy.o)
                              ./lwip/src/netif/etharp.o (memcpy)
c:/nxp/lpcxpresso_7.9.2_493/lpcxpresso/tools/bin/../lib/gcc/arm-none-eabi/4.9.3/../../../../arm-none-eabi/lib/armv7-m\libcr_c.a(memset.o)
                              ./lwip/src/core/ipv4/ip_frag.o (memset)
c:/nxp/lpcxpresso_7.9.2_493/lpcxpresso/tools/bin/../lib/gcc/arm-none-eabi/4.9.3/../../../../arm-none-eabi/lib/armv7-m\libcr_c.a(alloc.o)
                              ./lwip/src/core/ipv4/ip_frag.o (malloc)
c:/nxp/lpcxpresso_7.9.2_493/lpcxpresso/tools/bin/../lib/gcc/arm-none-eabi/4.9.3/../../../../arm-none-eabi/lib/armv7-m\libcr_c.a(fpprintf.o)
                              ./example/src/lwip_tcpecho_sa.o (printf)
c:/nxp/lpcxpresso_7.9.2_493/lpcxpresso/tools/bin/../lib/gcc/arm-none-eabi/4.9.3/../../../../arm-none-eabi/lib/armv7-m\libcr_c.a(initio.o)
                              c:/nxp/lpcxpresso_7.9.2_493/lpcxpresso/tools/bin/../lib/gcc/arm-none-eabi/4.9.3/../../../../arm-none-eabi/lib/armv7-m\libcr_nohost.a(_cr__main.o) (_initio)
c:/nxp/lpcxpresso_7.9.2_493/lpcxpresso/tools/bin/../lib/gcc/arm-none-eabi/4.9.3/../../../../arm-none-eabi/lib/armv7-m\libcr_c.a(memcmp.o)
                              ./lwip/src/netif/etharp.o (memcmp)
c:/nxp/lpcxpresso_7.9.2_493/lpcxpresso/tools/bin/../lib/gcc/arm-none-eabi/4.9.3/../../../../arm-none-eabi/lib/armv7-m\libcr_c.a(printf.o)
                              c:/nxp/lpcxpresso_7.9.2_493/lpcxpresso/tools/bin/../lib/gcc/arm-none-eabi/4.9.3/../../../../arm-none-eabi/lib/armv7-m\libcr_c.a(fpprintf.o) (__vfprintf)
c:/nxp/lpcxpresso_7.9.2_493/lpcxpresso/tools/bin/../lib/gcc/arm-none-eabi/4.9.3/../../../../arm-none-eabi/lib/armv7-m\libcr_c.a(setvbuf.o)
                              c:/nxp/lpcxpresso_7.9.2_493/lpcxpresso/tools/bin/../lib/gcc/arm-none-eabi/4.9.3/../../../../arm-none-eabi/lib/armv7-m\libcr_c.a(initio.o) (setvbuf)
[...]
Memory Configuration

Name             Origin             Length             Attributes
MFlash512        0x00000000         0x00080000         xr
RamLoc32         0x10000000         0x00008000         xrw
RamAHB32         0x2007c000         0x00008000         xrw
*default*        0x00000000         0xffffffff

Linker script and memory map

LOAD ./lwip/src/netif/etharp.o
LOAD ./lwip/src/netif/ethernetif.o
LOAD ./lwip/src/core/ipv4/autoip.o
LOAD ./lwip/src/core/ipv4/icmp.o
LOAD ./lwip/src/core/ipv4/igmp.o
LOAD ./lwip/src/core/ipv4/inet.o
LOAD ./lwip/src/core/ipv4/inet_chksum.o
LOAD ./lwip/src/core/ipv4/ip.o
LOAD ./lwip/src/core/ipv4/ip_addr.o
LOAD ./lwip/src/core/ipv4/ip_frag.o
LOAD ./lwip/src/core/def.o
LOAD ./lwip/src/core/dhcp.o
LOAD ./lwip/src/core/dns.o
LOAD ./lwip/src/core/init.o
LOAD ./lwip/src/core/mem.o
LOAD ./lwip/src/core/memp.o
LOAD ./lwip/src/core/netif.o
LOAD ./lwip/src/core/pbuf.o
LOAD ./lwip/src/core/raw.o
LOAD ./lwip/src/core/stats.o
LOAD ./lwip/src/core/sys.o
LOAD ./lwip/src/core/tcp.o
LOAD ./lwip/src/core/tcp_in.o
LOAD ./lwip/src/core/tcp_out.o
LOAD ./lwip/src/core/timers.o
LOAD ./lwip/src/core/udp.o
LOAD ./lwip/src/arch/lpc17xx_40xx_emac.o
LOAD ./lwip/src/arch/lpc17xx_40xx_systick_arch.o
LOAD ./lwip/src/arch/lpc_debug.o
LOAD ./lwip/src/api/api_lib.o
LOAD ./lwip/src/api/api_msg.o
LOAD ./lwip/src/api/err.o
LOAD ./lwip/src/api/netbuf.o
LOAD ./lwip/src/api/netdb.o
LOAD ./lwip/src/api/netifapi.o
LOAD ./lwip/src/api/sockets.o
LOAD ./lwip/src/api/tcpip.o
LOAD ./example/src/cr_startup_lpc175x_6x.o
LOAD ./example/src/echo.o
LOAD ./example/src/lwip_tcpecho_sa.o
LOAD ./example/src/sysinit.o
LOAD C:\Users\nykos\src\cpu-achitecture\examples\lpc_board_nxp_lpcxpresso_1769\Debug\liblpc_board_nxp_lpcxpresso_1769.a
LOAD C:\Users\nykos\src\cpu-achitecture\examples\lpc_chip_175x_6x\Debug\liblpc_chip_175x_6x.a
START GROUP
LOAD c:/nxp/lpcxpresso_7.9.2_493/lpcxpresso/tools/bin/../lib/gcc/arm-none-eabi/4.9.3/../../../../arm-none-eabi/lib/armv7-m\libcr_nohost.a
LOAD c:/nxp/lpcxpresso_7.9.2_493/lpcxpresso/tools/bin/../lib/gcc/arm-none-eabi/4.9.3/../../../../arm-none-eabi/lib/armv7-m\libcr_c.a
LOAD c:/nxp/lpcxpresso_7.9.2_493/lpcxpresso/tools/bin/../lib/gcc/arm-none-eabi/4.9.3/armv7-m\libcr_eabihelpers.a
END GROUP
                0x00000000                __base_MFlash512 = 0x0
                0x00000000                __base_Flash = 0x0
                0x00080000                __top_MFlash512 = 0x80000
                0x00080000                __top_Flash = 0x80000
                0x10000000                __base_RamLoc32 = 0x10000000
                0x10000000                __base_RAM = 0x10000000
                0x10008000                __top_RamLoc32 = 0x10008000
                0x10008000                __top_RAM = 0x10008000
                0x2007c000                __base_RamAHB32 = 0x2007c000
                0x2007c000                __base_RAM2 = 0x2007c000
                0x20084000                __top_RamAHB32 = 0x20084000
                0x20084000                __top_RAM2 = 0x20084000

.text           0x00000000     0xf118
 FILL mask 0xff
                0x00000000                __vectors_start__ = ABSOLUTE (.)
 *(.isr_vector)
 .isr_vector    0x00000000       0xcc ./example/src/cr_startup_lpc175x_6x.o
                0x00000000                g_pfnVectors
                0x000000cc                . = ALIGN (0x4)
                0x000000cc                __section_table_start = .
                0x000000cc                __data_section_table = .
                0x000000cc        0x4 LONG 0xf118 LOADADDR (.data)
                0x000000d0        0x4 LONG 0x10000000 ADDR (.data)
                0x000000d4        0x4 LONG 0x10 SIZEOF (.data)
                0x000000d8        0x4 LONG 0xf118 LOADADDR (.data_RAM2)
                0x000000dc        0x4 LONG 0x2007c000 ADDR (.data_RAM2)
                0x000000e0        0x4 LONG 0x0 SIZEOF (.data_RAM2)
                0x000000e4                __data_section_table_end = .
                0x000000e4                __bss_section_table = .
                0x000000e4        0x4 LONG 0x10000010 ADDR (.bss)
                0x000000e8        0x4 LONG 0x3f0 SIZEOF (.bss)
                0x000000ec        0x4 LONG 0x2007c000 ADDR (.bss_RAM2)
                0x000000f0        0x4 LONG 0x0 SIZEOF (.bss_RAM2)
                0x000000f4                __bss_section_table_end = .
                0x000000f4                __section_table_end = .
 *(.after_vectors*)
 .after_vectors
                0x000000f4      0x144 ./example/src/cr_startup_lpc175x_6x.o
                0x000000f4                data_init
                0x00000138                bss_init
                0x00000170                ResetISR
                0x000001e8                NMI_Handler
                0x000001f0                HardFault_Handler
                0x000001f8                MemManage_Handler
                0x00000200                BusFault_Handler
                0x00000208                UsageFault_Handler
                0x00000210                SVC_Handler
                0x00000218                DebugMon_Handler
                0x00000220                PendSV_Handler
                0x00000230                UART1_IRQHandler
                0x00000230                EINT3_IRQHandler
                0x00000230                CANActivity_IRQHandler
                0x00000230                TIMER3_IRQHandler
                0x00000230                UART0_IRQHandler
                0x00000230                USBActivity_IRQHandler
                0x00000230                EINT2_IRQHandler
                0x00000230                IntDefaultHandler
                0x00000230                PLL0_IRQHandler
                0x00000230                CAN_IRQHandler
                0x00000230                I2C0_IRQHandler
                0x00000230                SSP0_IRQHandler
                0x00000230                I2C1_IRQHandler
                0x00000230                I2C2_IRQHandler
                0x00000230                RTC_IRQHandler
                0x00000230                TIMER0_IRQHandler
                0x00000230                SPI_IRQHandler
                0x00000230                RIT_IRQHandler
                0x00000230                EINT1_IRQHandler
                0x00000230                TIMER1_IRQHandler
                0x00000230                UART2_IRQHandler
                0x00000230                ADC_IRQHandler
                0x00000230                SSP1_IRQHandler
                0x00000230                USB_IRQHandler
                0x00000230                BOD_IRQHandler
                0x00000230                PWM1_IRQHandler
                0x00000230                WDT_IRQHandler
                0x00000230                I2S_IRQHandler
                0x00000230                QEI_IRQHandler
                0x00000230                EINT0_IRQHandler
                0x00000230                PLL1_IRQHandler
                0x00000230                DMA_IRQHandler
                0x00000230                TIMER2_IRQHandler
                0x00000230                UART3_IRQHandler
                0x00000230                MCPWM_IRQHandler
 *(.text*)
 .text.etharp_free_entry
                0x00000238       0x64 ./lwip/src/netif/etharp.o
 .text.etharp_tmr
                0x0000029c       0xdc ./lwip/src/netif/etharp.o
                0x0000029c                etharp_tmr
 .text.etharp_find_entry
                0x00000378      0x23c ./lwip/src/netif/etharp.o
 .text.etharp_send_ip
                0x000005b4       0x60 ./lwip/src/netif/etharp.o
 .text.etharp_update_arp_entry
                0x00000614      0x12c ./lwip/src/netif/etharp.o
 .text.etharp_cleanup_netif
                0x00000740       0x60 ./lwip/src/netif/etharp.o
                0x00000740                etharp_cleanup_netif
 .text.etharp_arp_input
                0x000007a0      0x1a0 ./lwip/src/netif/etharp.o
 .text.etharp_output_to_arp_index
                0x00000940       0xb8 ./lwip/src/netif/etharp.o
 .text.etharp_output
                0x000009f8      0x1b0 ./lwip/src/netif/etharp.o
                0x000009f8                etharp_output
 .text.etharp_query
                0x00000ba8      0x248 ./lwip/src/netif/etharp.o
                0x00000ba8                etharp_query
 .text.etharp_raw
                0x00000df0      0x118 ./lwip/src/netif/etharp.o
 .text.etharp_request
                0x00000f08       0x48 ./lwip/src/netif/etharp.o
                0x00000f08                etharp_request
 .text.ethernet_input
                0x00000f50      0x100 ./lwip/src/netif/etharp.o
                0x00000f50                ethernet_input
 .text.icmp_input
                0x00001050      0x210 ./lwip/src/core/ipv4/icmp.o
                0x00001050                icmp_input
 .text.icmp_dest_unreach
                0x00001260       0x20 ./lwip/src/core/ipv4/icmp.o
                0x00001260                icmp_dest_unreach
 .text.icmp_time_exceeded
                0x00001280       0x20 ./lwip/src/core/ipv4/icmp.o
                0x00001280                icmp_time_exceeded
 .text.icmp_send_response
                0x000012a0       0xb8 ./lwip/src/core/ipv4/icmp.o
 .text.lwip_standard_chksum
                0x00001358       0x9c ./lwip/src/core/ipv4/inet_chksum.o
 .text.inet_chksum_pseudo
                0x000013f4      0x110 ./lwip/src/core/ipv4/inet_chksum.o
                0x000013f4                inet_chksum_pseudo
 .text.inet_chksum_pseudo_partial
                0x00001504      0x13c ./lwip/src/core/ipv4/inet_chksum.o
                0x00001504                inet_chksum_pseudo_partial
 .text.inet_chksum
                0x00001640       0x24 ./lwip/src/core/ipv4/inet_chksum.o
                0x00001640                inet_chksum
 .text.inet_chksum_pbuf
                0x00001664       0x98 ./lwip/src/core/ipv4/inet_chksum.o
                0x00001664                inet_chksum_pbuf
 .text.lwip_chksum_copy
                0x000016fc       0x30 ./lwip/src/core/ipv4/inet_chksum.o
                0x000016fc                lwip_chksum_copy
 .text.ip_route
                0x0000172c       0x78 ./lwip/src/core/ipv4/ip.o
                0x0000172c                ip_route
 .text.ip_input
                0x000017a4      0x25c ./lwip/src/core/ipv4/ip.o
                0x000017a4                ip_input
 .text.ip_output_if
                0x00001a00      0x1c0 ./lwip/src/core/ipv4/ip.o
                0x00001a00                ip_output_if
 .text.ip_output
                0x00001bc0       0x58 ./lwip/src/core/ipv4/ip.o
                0x00001bc0                ip_output
 .text.ip4_addr_isbroadcast
                0x00001c18       0x78 ./lwip/src/core/ipv4/ip_addr.o
                0x00001c18                ip4_addr_isbroadcast
 .text.ipaddr_ntoa_r
                0x00001c90      0x104 ./lwip/src/core/ipv4/ip_addr.o
                0x00001c90                ipaddr_ntoa_r
 .text.ip_reass_tmr
                0x00001d94       0x54 ./lwip/src/core/ipv4/ip_frag.o
                0x00001d94                ip_reass_tmr
 .text.ip_reass_free_complete_datagram
                0x00001de8      0x10c ./lwip/src/core/ipv4/ip_frag.o
 .text.ip_reass_remove_oldest_datagram
                0x00001ef4       0xb8 ./lwip/src/core/ipv4/ip_frag.o
 .text.ip_reass_enqueue_new_datagram
                0x00001fac       0x80 ./lwip/src/core/ipv4/ip_frag.o
 .text.ip_reass_dequeue_datagram
                0x0000202c       0x40 ./lwip/src/core/ipv4/ip_frag.o
 .text.ip_reass_chain_frag_into_datagram_and_validate
                0x0000206c      0x250 ./lwip/src/core/ipv4/ip_frag.o
 .text.ip_reass
                0x000022bc      0x244 ./lwip/src/core/ipv4/ip_frag.o
                0x000022bc                ip_reass
 .text.ip_frag_alloc_pbuf_custom_ref
                0x00002500       0x18 ./lwip/src/core/ipv4/ip_frag.o
 .text.ip_frag_free_pbuf_custom_ref
                0x00002518       0x20 ./lwip/src/core/ipv4/ip_frag.o
 .text.ipfrag_free_pbuf_custom
                0x00002538       0x40 ./lwip/src/core/ipv4/ip_frag.o
 .text.ip_frag  0x00002578      0x208 ./lwip/src/core/ipv4/ip_frag.o
                0x00002578                ip_frag
 .text.lwip_htons
                0x00002780       0x2c ./lwip/src/core/def.o
                0x00002780                lwip_htons
 .text.lwip_ntohs
                0x000027ac       0x1c ./lwip/src/core/def.o
                0x000027ac                lwip_ntohs
 .text.lwip_htonl
                0x000027c8       0x34 ./lwip/src/core/def.o
                0x000027c8                lwip_htonl
 .text.lwip_ntohl
                0x000027fc       0x18 ./lwip/src/core/def.o
                0x000027fc                lwip_ntohl
 .text.dhcp_handle_nak
                0x00002814       0x44 ./lwip/src/core/dhcp.o
 .text.dhcp_check
                0x00002858       0x5c ./lwip/src/core/dhcp.o
 .text.dhcp_handle_offer
                0x000028b4       0x44 ./lwip/src/core/dhcp.o
 .text.dhcp_select
                0x000028f8      0x140 ./lwip/src/core/dhcp.o
 .text.dhcp_coarse_tmr
                0x00002a38       0x5c ./lwip/src/core/dhcp.o
                0x00002a38                dhcp_coarse_tmr
 .text.dhcp_fine_tmr
                0x00002a94       0x60 ./lwip/src/core/dhcp.o
                0x00002a94                dhcp_fine_tmr
 .text.dhcp_timeout
                0x00002af4       0xc8 ./lwip/src/core/dhcp.o
 .text.dhcp_t1_timeout
                0x00002bbc       0x34 ./lwip/src/core/dhcp.o
 .text.dhcp_t2_timeout
                0x00002bf0       0x34 ./lwip/src/core/dhcp.o
 .text.dhcp_handle_ack
                0x00002c24       0xb8 ./lwip/src/core/dhcp.o
 .text.dhcp_start
                0x00002cdc      0x13c ./lwip/src/core/dhcp.o
                0x00002cdc                dhcp_start
 .text.dhcp_network_changed
                0x00002e18       0x7c ./lwip/src/core/dhcp.o
                0x00002e18                dhcp_network_changed
 .text.dhcp_arp_reply
                0x00002e94       0x44 ./lwip/src/core/dhcp.o
                0x00002e94                dhcp_arp_reply
 .text.dhcp_decline
                0x00002ed8       0xc4 ./lwip/src/core/dhcp.o
 .text.dhcp_discover
                0x00002f9c      0x104 ./lwip/src/core/dhcp.o
 .text.dhcp_bind
                0x000030a0      0x150 ./lwip/src/core/dhcp.o
 .text.dhcp_renew
                0x000031f0       0xdc ./lwip/src/core/dhcp.o
                0x000031f0                dhcp_renew
 .text.dhcp_rebind
                0x000032cc       0xe0 ./lwip/src/core/dhcp.o
 .text.dhcp_reboot
                0x000033ac       0xf4 ./lwip/src/core/dhcp.o
 .text.dhcp_release
                0x000034a0      0x10c ./lwip/src/core/dhcp.o
                0x000034a0                dhcp_release
 .text.dhcp_stop
                0x000035ac       0x64 ./lwip/src/core/dhcp.o
                0x000035ac                dhcp_stop
 .text.dhcp_set_state
                0x00003610       0x34 ./lwip/src/core/dhcp.o
 .text.dhcp_option
                0x00003644       0x5c ./lwip/src/core/dhcp.o
 .text.dhcp_option_byte
                0x000036a0       0x38 ./lwip/src/core/dhcp.o
 .text.dhcp_option_short
                0x000036d8       0x60 ./lwip/src/core/dhcp.o
 .text.dhcp_option_long
                0x00003738       0xa4 ./lwip/src/core/dhcp.o
 .text.dhcp_option_hostname
                0x000037dc       0x7c ./lwip/src/core/dhcp.o
 .text.dhcp_parse_reply
                0x00003858      0x474 ./lwip/src/core/dhcp.o
 .text.dhcp_recv
                0x00003ccc      0x150 ./lwip/src/core/dhcp.o
 .text.dhcp_create_msg
                0x00003e1c      0x254 ./lwip/src/core/dhcp.o
 .text.dhcp_delete_msg
                0x00004070       0x50 ./lwip/src/core/dhcp.o
 .text.dhcp_option_trailer
                0x000040c0       0x80 ./lwip/src/core/dhcp.o
 .text.lwip_init
                0x00004140       0x18 ./lwip/src/core/init.o
                0x00004140                lwip_init
 .text.netif_init
                0x00004158        0xc ./lwip/src/core/netif.o
                0x00004158                netif_init
 .text.netif_add
                0x00004164       0x94 ./lwip/src/core/netif.o
                0x00004164                netif_add
 .text.netif_set_addr
                0x000041f8       0x2c ./lwip/src/core/netif.o
                0x000041f8                netif_set_addr
 .text.netif_set_ipaddr
                0x00004224       0xb0 ./lwip/src/core/netif.o
                0x00004224                netif_set_ipaddr
 .text.netif_set_gw
                0x000042d4       0x28 ./lwip/src/core/netif.o
                0x000042d4                netif_set_gw
 .text.netif_set_netmask
                0x000042fc       0x28 ./lwip/src/core/netif.o
                0x000042fc                netif_set_netmask
 .text.netif_set_default
                0x00004324       0x1c ./lwip/src/core/netif.o
                0x00004324                netif_set_default
 .text.netif_set_up
                0x00004340       0x58 ./lwip/src/core/netif.o
                0x00004340                netif_set_up
 .text.netif_set_down
                0x00004398       0x44 ./lwip/src/core/netif.o
                0x00004398                netif_set_down
 .text.netif_set_link_up
                0x000043dc       0x64 ./lwip/src/core/netif.o
                0x000043dc                netif_set_link_up
 .text.netif_set_link_down
                0x00004440       0x34 ./lwip/src/core/netif.o
                0x00004440                netif_set_link_down
 .text.pbuf_free_ooseq
                0x00004474       0x48 ./lwip/src/core/pbuf.o
                0x00004474                pbuf_free_ooseq
 .text.pbuf_pool_is_empty
                0x000044bc       0x18 ./lwip/src/core/pbuf.o
 .text.pbuf_alloc
                0x000044d4      0x294 ./lwip/src/core/pbuf.o
                0x000044d4                pbuf_alloc
 .text.pbuf_alloced_custom
                0x00004768       0xb4 ./lwip/src/core/pbuf.o
                0x00004768                pbuf_alloced_custom
 .text.pbuf_realloc
                0x0000481c       0xe4 ./lwip/src/core/pbuf.o
                0x0000481c                pbuf_realloc
 .text.pbuf_header
                0x00004900       0xf0 ./lwip/src/core/pbuf.o
                0x00004900                pbuf_header
 .text.pbuf_free
                0x000049f0       0xe4 ./lwip/src/core/pbuf.o
                0x000049f0                pbuf_free
 .text.pbuf_clen
                0x00004ad4       0x30 ./lwip/src/core/pbuf.o
                0x00004ad4                pbuf_clen
 .text.pbuf_ref
                0x00004b04       0x24 ./lwip/src/core/pbuf.o
                0x00004b04                pbuf_ref
 .text.pbuf_cat
                0x00004b28       0x78 ./lwip/src/core/pbuf.o
                0x00004b28                pbuf_cat
 .text.pbuf_chain
                0x00004ba0       0x20 ./lwip/src/core/pbuf.o
                0x00004ba0                pbuf_chain
 .text.pbuf_copy
                0x00004bc0      0x13c ./lwip/src/core/pbuf.o
                0x00004bc0                pbuf_copy
 .text.pbuf_copy_partial
                0x00004cfc       0xd4 ./lwip/src/core/pbuf.o
                0x00004cfc                pbuf_copy_partial
 .text.raw_input
                0x00004dd0       0xdc ./lwip/src/core/raw.o
                0x00004dd0                raw_input
 .text.tcp_init
                0x00004eac        0xc ./lwip/src/core/tcp.o
                0x00004eac                tcp_init
 .text.tcp_tmr  0x00004eb8       0x2c ./lwip/src/core/tcp.o
                0x00004eb8                tcp_tmr
 .text.tcp_close_shutdown
                0x00004ee4      0x254 ./lwip/src/core/tcp.o
 .text.tcp_close
                0x00005138       0x30 ./lwip/src/core/tcp.o
                0x00005138                tcp_close
 .text.tcp_abandon
                0x00005168       0xd8 ./lwip/src/core/tcp.o
                0x00005168                tcp_abandon
 .text.tcp_abort
                0x00005240       0x18 ./lwip/src/core/tcp.o
                0x00005240                tcp_abort
 .text.tcp_bind
                0x00005258       0xe0 ./lwip/src/core/tcp.o
                0x00005258                tcp_bind
 .text.tcp_accept_null
                0x00005338       0x20 ./lwip/src/core/tcp.o
 .text.tcp_listen_with_backlog
                0x00005358      0x120 ./lwip/src/core/tcp.o
                0x00005358                tcp_listen_with_backlog
 .text.tcp_update_rcv_ann_wnd
                0x00005478       0x8c ./lwip/src/core/tcp.o
                0x00005478                tcp_update_rcv_ann_wnd
 .text.tcp_recved
                0x00005504       0x7c ./lwip/src/core/tcp.o
                0x00005504                tcp_recved
 .text.tcp_new_port
                0x00005580       0x8c ./lwip/src/core/tcp.o
 .text.tcp_slowtmr
                0x0000560c      0x4c8 ./lwip/src/core/tcp.o
                0x0000560c                tcp_slowtmr
 .text.tcp_fasttmr
                0x00005ad4       0xa0 ./lwip/src/core/tcp.o
                0x00005ad4                tcp_fasttmr
 .text.tcp_process_refused_data
                0x00005b74       0xd0 ./lwip/src/core/tcp.o
                0x00005b74                tcp_process_refused_data
 .text.tcp_segs_free
                0x00005c44       0x28 ./lwip/src/core/tcp.o
                0x00005c44                tcp_segs_free
 .text.tcp_seg_free
                0x00005c6c       0x2c ./lwip/src/core/tcp.o
                0x00005c6c                tcp_seg_free
 .text.tcp_setprio
                0x00005c98       0x1c ./lwip/src/core/tcp.o
                0x00005c98                tcp_setprio
 .text.tcp_seg_copy
                0x00005cb4       0x40 ./lwip/src/core/tcp.o
                0x00005cb4                tcp_seg_copy
 .text.tcp_recv_null
                0x00005cf4       0x48 ./lwip/src/core/tcp.o
                0x00005cf4                tcp_recv_null
 .text.tcp_kill_prio
                0x00005d3c       0x80 ./lwip/src/core/tcp.o
 .text.tcp_kill_timewait
                0x00005dbc       0x5c ./lwip/src/core/tcp.o
 .text.tcp_alloc
                0x00005e18      0x128 ./lwip/src/core/tcp.o
                0x00005e18                tcp_alloc
 .text.tcp_new  0x00005f40       0x10 ./lwip/src/core/tcp.o
                0x00005f40                tcp_new
 .text.tcp_arg  0x00005f50       0x1c ./lwip/src/core/tcp.o
                0x00005f50                tcp_arg
 .text.tcp_recv
                0x00005f6c       0x24 ./lwip/src/core/tcp.o
                0x00005f6c                tcp_recv
 .text.tcp_sent
                0x00005f90       0x24 ./lwip/src/core/tcp.o
                0x00005f90                tcp_sent
 .text.tcp_err  0x00005fb4       0x24 ./lwip/src/core/tcp.o
                0x00005fb4                tcp_err
 .text.tcp_accept
                0x00005fd8       0x1c ./lwip/src/core/tcp.o
                0x00005fd8                tcp_accept
 .text.tcp_poll
                0x00005ff4       0x30 ./lwip/src/core/tcp.o
                0x00005ff4                tcp_poll
 .text.tcp_pcb_purge
                0x00006024       0x80 ./lwip/src/core/tcp.o
                0x00006024                tcp_pcb_purge
 .text.tcp_pcb_remove
                0x000060a4       0xcc ./lwip/src/core/tcp.o
                0x000060a4                tcp_pcb_remove
 .text.tcp_next_iss
                0x00006170       0x28 ./lwip/src/core/tcp.o
                0x00006170                tcp_next_iss
 .text.tcp_eff_send_mss
                0x00006198       0x40 ./lwip/src/core/tcp.o
                0x00006198                tcp_eff_send_mss
 .text.tcp_input
                0x000061d8      0x670 ./lwip/src/core/tcp_in.o
                0x000061d8                tcp_input
 .text.tcp_listen_input
                0x00006848      0x194 ./lwip/src/core/tcp_in.o
 .text.tcp_timewait_input
                0x000069dc       0xd8 ./lwip/src/core/tcp_in.o
 .text.tcp_process
                0x00006ab4      0x6d8 ./lwip/src/core/tcp_in.o
 .text.tcp_oos_insert_segment
                0x0000718c       0xec ./lwip/src/core/tcp_in.o
 .text.tcp_receive
                0x00007278      0xf70 ./lwip/src/core/tcp_in.o
 .text.tcp_parseopt
                0x000081e8      0x104 ./lwip/src/core/tcp_in.o
 .text.tcp_output_alloc_header
                0x000082ec       0xe4 ./lwip/src/core/tcp_out.o
 .text.tcp_send_fin
                0x000083d0       0x80 ./lwip/src/core/tcp_out.o
                0x000083d0                tcp_send_fin
 .text.tcp_create_segment
                0x00008450      0x128 ./lwip/src/core/tcp_out.o
 .text.tcp_pbuf_prealloc
                0x00008578       0xb0 ./lwip/src/core/tcp_out.o
 .text.tcp_seg_add_chksum
                0x00008628       0x68 ./lwip/src/core/tcp_out.o
 .text.tcp_write_checks
                0x00008690       0xc4 ./lwip/src/core/tcp_out.o
 .text.tcp_write
                0x00008754      0x5ec ./lwip/src/core/tcp_out.o
                0x00008754                tcp_write
 .text.tcp_enqueue_flags
                0x00008d40      0x1d4 ./lwip/src/core/tcp_out.o
                0x00008d40                tcp_enqueue_flags
 .text.tcp_send_empty_ack
                0x00008f14       0x90 ./lwip/src/core/tcp_out.o
                0x00008f14                tcp_send_empty_ack
 .text.tcp_output
                0x00008fa4      0x2c0 ./lwip/src/core/tcp_out.o
                0x00008fa4                tcp_output
 .text.tcp_output_segment
                0x00009264      0x20c ./lwip/src/core/tcp_out.o
 .text.tcp_rst  0x00009470       0xdc ./lwip/src/core/tcp_out.o
                0x00009470                tcp_rst
 .text.tcp_rexmit_rto
                0x0000954c       0x60 ./lwip/src/core/tcp_out.o
                0x0000954c                tcp_rexmit_rto
 .text.tcp_rexmit
                0x000095ac       0x94 ./lwip/src/core/tcp_out.o
                0x000095ac                tcp_rexmit
 .text.tcp_rexmit_fast
                0x00009640       0xa4 ./lwip/src/core/tcp_out.o
                0x00009640                tcp_rexmit_fast
 .text.tcp_keepalive
                0x000096e4       0x74 ./lwip/src/core/tcp_out.o
                0x000096e4                tcp_keepalive
 .text.tcp_zero_window_probe
                0x00009758      0x10c ./lwip/src/core/tcp_out.o
                0x00009758                tcp_zero_window_probe
 .text.tcpip_tcp_timer
                0x00009864       0x44 ./lwip/src/core/timers.o
 .text.tcp_timer_needed
                0x000098a8       0x40 ./lwip/src/core/timers.o
                0x000098a8                tcp_timer_needed
 .text.ip_reass_timer
                0x000098e8       0x24 ./lwip/src/core/timers.o
 .text.arp_timer
                0x0000990c       0x24 ./lwip/src/core/timers.o
 .text.dhcp_timer_coarse
                0x00009930       0x24 ./lwip/src/core/timers.o
 .text.dhcp_timer_fine
                0x00009954       0x24 ./lwip/src/core/timers.o
 .text.sys_timeouts_init
                0x00009978       0x54 ./lwip/src/core/timers.o
                0x00009978                sys_timeouts_init
 .text.sys_timeout
                0x000099cc       0xf0 ./lwip/src/core/timers.o
                0x000099cc                sys_timeout
 .text.sys_check_timeouts
                0x00009abc       0x98 ./lwip/src/core/timers.o
                0x00009abc                sys_check_timeouts
 .text.udp_init
                0x00009b54        0xc ./lwip/src/core/udp.o
                0x00009b54                udp_init
 .text.udp_new_port
                0x00009b60       0x74 ./lwip/src/core/udp.o
 .text.udp_input
                0x00009bd4      0x2c4 ./lwip/src/core/udp.o
                0x00009bd4                udp_input
 .text.udp_sendto_if
                0x00009e98       0x34 ./lwip/src/core/udp.o
                0x00009e98                udp_sendto_if
 .text.udp_sendto_if_chksum
                0x00009ecc      0x1d4 ./lwip/src/core/udp.o
                0x00009ecc                udp_sendto_if_chksum
 .text.udp_bind
                0x0000a0a0       0xc8 ./lwip/src/core/udp.o
                0x0000a0a0                udp_bind
 .text.udp_connect
                0x0000a168       0x9c ./lwip/src/core/udp.o
                0x0000a168                udp_connect
 .text.udp_recv
                0x0000a204       0x24 ./lwip/src/core/udp.o
                0x0000a204                udp_recv
 .text.udp_remove
                0x0000a228       0x5c ./lwip/src/core/udp.o
                0x0000a228                udp_remove
 .text.udp_new  0x0000a284       0x38 ./lwip/src/core/udp.o
                0x0000a284                udp_new
 .text.NVIC_DisableIRQ
                0x0000a2bc       0x34 ./lwip/src/arch/lpc17xx_40xx_emac.o
 .text.Chip_ENET_SetADDR
                0x0000a2f0       0x50 ./lwip/src/arch/lpc17xx_40xx_emac.o
 .text.Chip_ENET_TXEnable
                0x0000a340       0x24 ./lwip/src/arch/lpc17xx_40xx_emac.o
 .text.Chip_ENET_RXEnable
                0x0000a364       0x30 ./lwip/src/arch/lpc17xx_40xx_emac.o
 .text.Chip_ENET_RXDisable
                0x0000a394       0x30 ./lwip/src/arch/lpc17xx_40xx_emac.o
 .text.Chip_ENET_ResetRXLogic
                0x0000a3c4       0x20 ./lwip/src/arch/lpc17xx_40xx_emac.o
 .text.Chip_ENET_EnableRXFilter
                0x0000a3e4       0x34 ./lwip/src/arch/lpc17xx_40xx_emac.o
 .text.Chip_ENET_GetTXProduceIndex
                0x0000a418       0x1c ./lwip/src/arch/lpc17xx_40xx_emac.o
 .text.Chip_ENET_GetTXConsumeIndex
                0x0000a434       0x1c ./lwip/src/arch/lpc17xx_40xx_emac.o
 .text.Chip_ENET_GetRXConsumeIndex
                0x0000a450       0x1c ./lwip/src/arch/lpc17xx_40xx_emac.o
 .text.Chip_ENET_GetFreeDescNum
                0x0000a46c       0x38 ./lwip/src/arch/lpc17xx_40xx_emac.o
 .text.Chip_ENET_IsRxEmpty
                0x0000a4a4       0x30 ./lwip/src/arch/lpc17xx_40xx_emac.o
 .text.Chip_ENET_EnableInt
                0x0000a4d4       0x24 ./lwip/src/arch/lpc17xx_40xx_emac.o
 .text.Chip_ENET_GetIntStatus
                0x0000a4f8       0x1c ./lwip/src/arch/lpc17xx_40xx_emac.o
 .text.Chip_ENET_ClearIntStatus
                0x0000a514       0x1c ./lwip/src/arch/lpc17xx_40xx_emac.o
 .text.lpc_rxqueue_pbuf
                0x0000a530       0x94 ./lwip/src/arch/lpc17xx_40xx_emac.o
 .text.lpc_rx_setup
                0x0000a5c4       0x44 ./lwip/src/arch/lpc17xx_40xx_emac.o
 .text.lpc_low_level_input
                0x0000a608      0x178 ./lwip/src/arch/lpc17xx_40xx_emac.o
 .text.lpc_packet_addr_notsafe
                0x0000a780       0x5c ./lwip/src/arch/lpc17xx_40xx_emac.o
 .text.lpc_tx_setup
                0x0000a7dc       0x64 ./lwip/src/arch/lpc17xx_40xx_emac.o
 .text.lpc_tx_reclaim_st
                0x0000a840       0x7c ./lwip/src/arch/lpc17xx_40xx_emac.o
 .text.lpc_low_level_output
                0x0000a8bc      0x184 ./lwip/src/arch/lpc17xx_40xx_emac.o
 .text.low_level_init
                0x0000aa40       0xac ./lwip/src/arch/lpc17xx_40xx_emac.o
 .text.lpc_etharp_output
                0x0000aaec       0x34 ./lwip/src/arch/lpc17xx_40xx_emac.o
 .text.lpc_rx_queue
                0x0000ab20       0x60 ./lwip/src/arch/lpc17xx_40xx_emac.o
                0x0000ab20                lpc_rx_queue
 .text.lpc_enetif_input
                0x0000ab80       0x64 ./lwip/src/arch/lpc17xx_40xx_emac.o
                0x0000ab80                lpc_enetif_input
 .text.lpc_tx_reclaim
                0x0000abe4       0x24 ./lwip/src/arch/lpc17xx_40xx_emac.o
                0x0000abe4                lpc_tx_reclaim
 .text.lpc_tx_ready
                0x0000ac08       0x40 ./lwip/src/arch/lpc17xx_40xx_emac.o
                0x0000ac08                lpc_tx_ready
 .text.ETH_IRQHandler
                0x0000ac48        0xc ./lwip/src/arch/lpc17xx_40xx_emac.o
                0x0000ac48                ETH_IRQHandler
 .text.lpc_enetif_init
                0x0000ac54       0x94 ./lwip/src/arch/lpc17xx_40xx_emac.o
                0x0000ac54                lpc_enetif_init
 .text.NVIC_SetPriority
                0x0000ace8       0x54 ./lwip/src/arch/lpc17xx_40xx_systick_arch.o
 .text.SysTick_Config
                0x0000ad3c       0x44 ./lwip/src/arch/lpc17xx_40xx_systick_arch.o
 .text.SysTick_Enable
                0x0000ad80       0x38 ./lwip/src/arch/lpc17xx_40xx_systick_arch.o
                0x0000ad80                SysTick_Enable
 .text.SysTick_Handler
                0x0000adb8       0x24 ./lwip/src/arch/lpc17xx_40xx_systick_arch.o
                0x0000adb8                SysTick_Handler
 .text.SysTick_GetMS
                0x0000addc       0x18 ./lwip/src/arch/lpc17xx_40xx_systick_arch.o
                0x0000addc                SysTick_GetMS
 .text.msDelay  0x0000adf4       0x2c ./lwip/src/arch/lpc17xx_40xx_systick_arch.o
                0x0000adf4                msDelay
 .text.sys_now  0x0000ae20       0x10 ./lwip/src/arch/lpc17xx_40xx_systick_arch.o
                0x0000ae20                sys_now
 .text.assert_loop
                0x0000ae30        0x8 ./lwip/src/arch/lpc_debug.o
                0x0000ae30                assert_loop
 .text.echo_init
                0x0000ae38       0x64 ./example/src/echo.o
                0x0000ae38                echo_init
 .text.echo_accept
                0x0000ae9c       0x80 ./example/src/echo.o
                0x0000ae9c                echo_accept
 .text.echo_recv
                0x0000af1c      0x128 ./example/src/echo.o
                0x0000af1c                echo_recv
 .text.echo_error
                0x0000b044       0x24 ./example/src/echo.o
                0x0000b044                echo_error
 .text.echo_poll
                0x0000b068       0x60 ./example/src/echo.o
                0x0000b068                echo_poll
 .text.echo_sent
                0x0000b0c8       0x54 ./example/src/echo.o
                0x0000b0c8                echo_sent
 .text.echo_send
                0x0000b11c       0xa8 ./example/src/echo.o
                0x0000b11c                echo_send
 .text.echo_close
                0x0000b1c4       0x4c ./example/src/echo.o
                0x0000b1c4                echo_close
 .text.Chip_ENET_Set100Mbps
                0x0000b210       0x1c ./example/src/lwip_tcpecho_sa.o
 .text.Chip_ENET_Set10Mbps
                0x0000b22c       0x18 ./example/src/lwip_tcpecho_sa.o
 .text.prvSetupHardware
                0x0000b244       0x1c ./example/src/lwip_tcpecho_sa.o
 .text.main     0x0000b260      0x170 ./example/src/lwip_tcpecho_sa.o
                0x0000b260                main
 .text.SystemInit
                0x0000b3d0       0x24 ./example/src/sysinit.o
                0x0000b3d0                SystemInit
 .text.Chip_IOCON_Init
                0x0000b3f4       0x14 C:\Users\nykos\src\cpu-achitecture\examples\lpc_board_nxp_lpcxpresso_1769\Debug\liblpc_board_nxp_lpcxpresso_1769.a(board.o)
 .text.Chip_GPIO_Init
                0x0000b408       0x14 C:\Users\nykos\src\cpu-achitecture\examples\lpc_board_nxp_lpcxpresso_1769\Debug\liblpc_board_nxp_lpcxpresso_1769.a(board.o)
 .text.Chip_GPIO_SetPinState
                0x0000b41c       0x68 C:\Users\nykos\src\cpu-achitecture\examples\lpc_board_nxp_lpcxpresso_1769\Debug\liblpc_board_nxp_lpcxpresso_1769.a(board.o)
 .text.Chip_GPIO_WritePortBit
                0x0000b484       0x2c C:\Users\nykos\src\cpu-achitecture\examples\lpc_board_nxp_lpcxpresso_1769\Debug\liblpc_board_nxp_lpcxpresso_1769.a(board.o)
 .text.Chip_GPIO_SetPinDIROutput
                0x0000b4b0       0x38 C:\Users\nykos\src\cpu-achitecture\examples\lpc_board_nxp_lpcxpresso_1769\Debug\liblpc_board_nxp_lpcxpresso_1769.a(board.o)
 .text.Chip_GPIO_SetPinDIRInput
                0x0000b4e8       0x3c C:\Users\nykos\src\cpu-achitecture\examples\lpc_board_nxp_lpcxpresso_1769\Debug\liblpc_board_nxp_lpcxpresso_1769.a(board.o)
 .text.Chip_GPIO_SetPinDIR
                0x0000b524       0x44 C:\Users\nykos\src\cpu-achitecture\examples\lpc_board_nxp_lpcxpresso_1769\Debug\liblpc_board_nxp_lpcxpresso_1769.a(board.o)
 .text.Chip_GPIO_WriteDirBit
                0x0000b568       0x2c C:\Users\nykos\src\cpu-achitecture\examples\lpc_board_nxp_lpcxpresso_1769\Debug\liblpc_board_nxp_lpcxpresso_1769.a(board.o)
 .text.Chip_UART_SendByte
                0x0000b594       0x1c C:\Users\nykos\src\cpu-achitecture\examples\lpc_board_nxp_lpcxpresso_1769\Debug\liblpc_board_nxp_lpcxpresso_1769.a(board.o)
 .text.Chip_UART_ConfigData
                0x0000b5b0       0x1c C:\Users\nykos\src\cpu-achitecture\examples\lpc_board_nxp_lpcxpresso_1769\Debug\liblpc_board_nxp_lpcxpresso_1769.a(board.o)
 .text.Chip_UART_ReadLineStatus
                0x0000b5cc       0x18 C:\Users\nykos\src\cpu-achitecture\examples\lpc_board_nxp_lpcxpresso_1769\Debug\liblpc_board_nxp_lpcxpresso_1769.a(board.o)
 .text.__sys_write
                0x0000b5e4       0x38 C:\Users\nykos\src\cpu-achitecture\examples\lpc_board_nxp_lpcxpresso_1769\Debug\liblpc_board_nxp_lpcxpresso_1769.a(board.o)
                0x0000b5e4                __sys_write
 .text.Board_LED_Init
                0x0000b61c       0x18 C:\Users\nykos\src\cpu-achitecture\examples\lpc_board_nxp_lpcxpresso_1769\Debug\liblpc_board_nxp_lpcxpresso_1769.a(board.o)
 .text.Board_UART_Init
                0x0000b634       0x14 C:\Users\nykos\src\cpu-achitecture\examples\lpc_board_nxp_lpcxpresso_1769\Debug\liblpc_board_nxp_lpcxpresso_1769.a(board.o)
                0x0000b634                Board_UART_Init
 .text.Board_Debug_Init
                0x0000b648       0x30 C:\Users\nykos\src\cpu-achitecture\examples\lpc_board_nxp_lpcxpresso_1769\Debug\liblpc_board_nxp_lpcxpresso_1769.a(board.o)
                0x0000b648                Board_Debug_Init
 .text.Board_UARTPutChar
                0x0000b678       0x30 C:\Users\nykos\src\cpu-achitecture\examples\lpc_board_nxp_lpcxpresso_1769\Debug\liblpc_board_nxp_lpcxpresso_1769.a(board.o)
                0x0000b678                Board_UARTPutChar
 .text.Board_LED_Set
                0x0000b6a8       0x2c C:\Users\nykos\src\cpu-achitecture\examples\lpc_board_nxp_lpcxpresso_1769\Debug\liblpc_board_nxp_lpcxpresso_1769.a(board.o)
                0x0000b6a8                Board_LED_Set
 .text.Board_Init
                0x0000b6d4       0x24 C:\Users\nykos\src\cpu-achitecture\examples\lpc_board_nxp_lpcxpresso_1769\Debug\liblpc_board_nxp_lpcxpresso_1769.a(board.o)
                0x0000b6d4                Board_Init
 .text.Board_ENET_GetMacADDR
                0x0000b6f8       0x30 C:\Users\nykos\src\cpu-achitecture\examples\lpc_board_nxp_lpcxpresso_1769\Debug\liblpc_board_nxp_lpcxpresso_1769.a(board.o)
                0x0000b6f8                Board_ENET_GetMacADDR
 .text.Chip_SYSCTL_SetFLASHAccess
                0x0000b728       0x30 C:\Users\nykos\src\cpu-achitecture\examples\lpc_board_nxp_lpcxpresso_1769\Debug\liblpc_board_nxp_lpcxpresso_1769.a(board_sysinit.o)
 .text.Board_SetupMuxing
                0x0000b758       0x18 C:\Users\nykos\src\cpu-achitecture\examples\lpc_board_nxp_lpcxpresso_1769\Debug\liblpc_board_nxp_lpcxpresso_1769.a(board_sysinit.o)
                0x0000b758                Board_SetupMuxing
 .text.Board_SetupClocking
                0x0000b770       0x10 C:\Users\nykos\src\cpu-achitecture\examples\lpc_board_nxp_lpcxpresso_1769\Debug\liblpc_board_nxp_lpcxpresso_1769.a(board_sysinit.o)
                0x0000b770                Board_SetupClocking
 .text.Board_SystemInit
                0x0000b780       0x10 C:\Users\nykos\src\cpu-achitecture\examples\lpc_board_nxp_lpcxpresso_1769\Debug\liblpc_board_nxp_lpcxpresso_1769.a(board_sysinit.o)
                0x0000b780                Board_SystemInit
 .text.Chip_ENET_IsMIIBusy
                0x0000b790       0x28 C:\Users\nykos\src\cpu-achitecture\examples\lpc_board_nxp_lpcxpresso_1769\Debug\liblpc_board_nxp_lpcxpresso_1769.a(lpc_phy_smsc87x0.o)
 .text.lpc_mii_write
                0x0000b7b8       0x64 C:\Users\nykos\src\cpu-achitecture\examples\lpc_board_nxp_lpcxpresso_1769\Debug\liblpc_board_nxp_lpcxpresso_1769.a(lpc_phy_smsc87x0.o)
 .text.lpc_mii_read
                0x0000b81c       0x74 C:\Users\nykos\src\cpu-achitecture\examples\lpc_board_nxp_lpcxpresso_1769\Debug\liblpc_board_nxp_lpcxpresso_1769.a(lpc_phy_smsc87x0.o)
 .text.smsc_update_phy_sts
                0x0000b890       0xe8 C:\Users\nykos\src\cpu-achitecture\examples\lpc_board_nxp_lpcxpresso_1769\Debug\liblpc_board_nxp_lpcxpresso_1769.a(lpc_phy_smsc87x0.o)
 .text.lpc_phy_init
                0x0000b978       0xac C:\Users\nykos\src\cpu-achitecture\examples\lpc_board_nxp_lpcxpresso_1769\Debug\liblpc_board_nxp_lpcxpresso_1769.a(lpc_phy_smsc87x0.o)
                0x0000b978                lpc_phy_init
 .text.lpcPHYStsPoll
                0x0000ba24       0xc8 C:\Users\nykos\src\cpu-achitecture\examples\lpc_board_nxp_lpcxpresso_1769\Debug\liblpc_board_nxp_lpcxpresso_1769.a(lpc_phy_smsc87x0.o)
                0x0000ba24                lpcPHYStsPoll
 .text.SystemCoreClockUpdate
                0x0000baec       0x14 C:\Users\nykos\src\cpu-achitecture\examples\lpc_chip_175x_6x\Debug\liblpc_chip_175x_6x.a(chip_17xx_40xx.o)
                0x0000baec                SystemCoreClockUpdate
 .text.Chip_Clock_IsMainPLLEnabled
                0x0000bb00       0x28 C:\Users\nykos\src\cpu-achitecture\examples\lpc_chip_175x_6x\Debug\liblpc_chip_175x_6x.a(clock_17xx_40xx.o)
 .text.Chip_Clock_IsMainPLLConnected
                0x0000bb28       0x28 C:\Users\nykos\src\cpu-achitecture\examples\lpc_chip_175x_6x\Debug\liblpc_chip_175x_6x.a(clock_17xx_40xx.o)
 .text.Chip_Clock_FeedPLL
                0x0000bb50       0x34 C:\Users\nykos\src\cpu-achitecture\examples\lpc_chip_175x_6x\Debug\liblpc_chip_175x_6x.a(clock_17xx_40xx.o)
 .text.Chip_Clock_GetMainPLLSource
                0x0000bb84       0x20 C:\Users\nykos\src\cpu-achitecture\examples\lpc_chip_175x_6x\Debug\liblpc_chip_175x_6x.a(clock_17xx_40xx.o)
 .text.Chip_Clock_GetMainOscRate
                0x0000bba4       0x18 C:\Users\nykos\src\cpu-achitecture\examples\lpc_chip_175x_6x\Debug\liblpc_chip_175x_6x.a(clock_17xx_40xx.o)
 .text.Chip_Clock_GetIntOscRate
                0x0000bbbc       0x14 C:\Users\nykos\src\cpu-achitecture\examples\lpc_chip_175x_6x\Debug\liblpc_chip_175x_6x.a(clock_17xx_40xx.o)
 .text.Chip_Clock_GetRTCOscRate
                0x0000bbd0       0x18 C:\Users\nykos\src\cpu-achitecture\examples\lpc_chip_175x_6x\Debug\liblpc_chip_175x_6x.a(clock_17xx_40xx.o)
 .text.Chip_Clock_GetMainPLLInClockRate
                0x0000bbe8       0x10 C:\Users\nykos\src\cpu-achitecture\examples\lpc_chip_175x_6x\Debug\liblpc_chip_175x_6x.a(clock_17xx_40xx.o)
 .text.Chip_Clock_EnablePLL
                0x0000bbf8       0x44 C:\Users\nykos\src\cpu-achitecture\examples\lpc_chip_175x_6x\Debug\liblpc_chip_175x_6x.a(clock_17xx_40xx.o)
                0x0000bbf8                Chip_Clock_EnablePLL
 .text.Chip_Clock_DisablePLL
                0x0000bc3c       0x44 C:\Users\nykos\src\cpu-achitecture\examples\lpc_chip_175x_6x\Debug\liblpc_chip_175x_6x.a(clock_17xx_40xx.o)
                0x0000bc3c                Chip_Clock_DisablePLL
 .text.Chip_Clock_SetupPLL
                0x0000bc80       0x58 C:\Users\nykos\src\cpu-achitecture\examples\lpc_chip_175x_6x\Debug\liblpc_chip_175x_6x.a(clock_17xx_40xx.o)
                0x0000bc80                Chip_Clock_SetupPLL
 .text.Chip_Clock_EnablePeriphClock
                0x0000bcd8       0x34 C:\Users\nykos\src\cpu-achitecture\examples\lpc_chip_175x_6x\Debug\liblpc_chip_175x_6x.a(clock_17xx_40xx.o)
                0x0000bcd8                Chip_Clock_EnablePeriphClock
 .text.Chip_Clock_GetCPUClockSource
                0x0000bd0c       0x24 C:\Users\nykos\src\cpu-achitecture\examples\lpc_chip_175x_6x\Debug\liblpc_chip_175x_6x.a(clock_17xx_40xx.o)
                0x0000bd0c                Chip_Clock_GetCPUClockSource
 .text.Chip_Clock_SetCPUClockDiv
                0x0000bd30       0x20 C:\Users\nykos\src\cpu-achitecture\examples\lpc_chip_175x_6x\Debug\liblpc_chip_175x_6x.a(clock_17xx_40xx.o)
                0x0000bd30                Chip_Clock_SetCPUClockDiv
 .text.Chip_Clock_GetCPUClockDiv
                0x0000bd50       0x1c C:\Users\nykos\src\cpu-achitecture\examples\lpc_chip_175x_6x\Debug\liblpc_chip_175x_6x.a(clock_17xx_40xx.o)
                0x0000bd50                Chip_Clock_GetCPUClockDiv
 .text.Chip_Clock_GetPCLKDiv
                0x0000bd6c       0x90 C:\Users\nykos\src\cpu-achitecture\examples\lpc_chip_175x_6x\Debug\liblpc_chip_175x_6x.a(clock_17xx_40xx.o)
                0x0000bd6c                Chip_Clock_GetPCLKDiv
 .text.Chip_Clock_GetSYSCLKRate
                0x0000bdfc       0x34 C:\Users\nykos\src\cpu-achitecture\examples\lpc_chip_175x_6x\Debug\liblpc_chip_175x_6x.a(clock_17xx_40xx.o)
                0x0000bdfc                Chip_Clock_GetSYSCLKRate
 .text.Chip_Clock_GetMainPLLOutClockRate
                0x0000be30       0x54 C:\Users\nykos\src\cpu-achitecture\examples\lpc_chip_175x_6x\Debug\liblpc_chip_175x_6x.a(clock_17xx_40xx.o)
                0x0000be30                Chip_Clock_GetMainPLLOutClockRate
 .text.Chip_Clock_GetMainClockRate
                0x0000be84       0x28 C:\Users\nykos\src\cpu-achitecture\examples\lpc_chip_175x_6x\Debug\liblpc_chip_175x_6x.a(clock_17xx_40xx.o)
                0x0000be84                Chip_Clock_GetMainClockRate
 .text.Chip_Clock_GetSystemClockRate
                0x0000beac       0x18 C:\Users\nykos\src\cpu-achitecture\examples\lpc_chip_175x_6x\Debug\liblpc_chip_175x_6x.a(clock_17xx_40xx.o)
                0x0000beac                Chip_Clock_GetSystemClockRate
 .text.Chip_Clock_GetPeripheralClockRate
                0x0000bec4       0x28 C:\Users\nykos\src\cpu-achitecture\examples\lpc_chip_175x_6x\Debug\liblpc_chip_175x_6x.a(clock_17xx_40xx.o)
                0x0000bec4                Chip_Clock_GetPeripheralClockRate
 .text.Chip_Clock_GetENETClockRate
                0x0000beec       0x10 C:\Users\nykos\src\cpu-achitecture\examples\lpc_chip_175x_6x\Debug\liblpc_chip_175x_6x.a(enet_17xx_40xx.o)
 .text.Chip_ENET_Reset
                0x0000befc       0x24 C:\Users\nykos\src\cpu-achitecture\examples\lpc_chip_175x_6x\Debug\liblpc_chip_175x_6x.a(enet_17xx_40xx.o)
 .text.resetENET
                0x0000bf20       0x28 C:\Users\nykos\src\cpu-achitecture\examples\lpc_chip_175x_6x\Debug\liblpc_chip_175x_6x.a(enet_17xx_40xx.o)
 .text.Chip_ENET_Init
                0x0000bf48       0x8c C:\Users\nykos\src\cpu-achitecture\examples\lpc_chip_175x_6x\Debug\liblpc_chip_175x_6x.a(enet_17xx_40xx.o)
                0x0000bf48                Chip_ENET_Init
 .text.Chip_ENET_SetupMII
                0x0000bfd4       0x48 C:\Users\nykos\src\cpu-achitecture\examples\lpc_chip_175x_6x\Debug\liblpc_chip_175x_6x.a(enet_17xx_40xx.o)
                0x0000bfd4                Chip_ENET_SetupMII
 .text.Chip_ENET_FindMIIDiv
                0x0000c01c       0x50 C:\Users\nykos\src\cpu-achitecture\examples\lpc_chip_175x_6x\Debug\liblpc_chip_175x_6x.a(enet_17xx_40xx.o)
                0x0000c01c                Chip_ENET_FindMIIDiv
 .text.Chip_ENET_StartMIIWrite
                0x0000c06c       0x3c C:\Users\nykos\src\cpu-achitecture\examples\lpc_chip_175x_6x\Debug\liblpc_chip_175x_6x.a(enet_17xx_40xx.o)
                0x0000c06c                Chip_ENET_StartMIIWrite
 .text.Chip_ENET_StartMIIRead
                0x0000c0a8       0x30 C:\Users\nykos\src\cpu-achitecture\examples\lpc_chip_175x_6x\Debug\liblpc_chip_175x_6x.a(enet_17xx_40xx.o)
                0x0000c0a8                Chip_ENET_StartMIIRead
 .text.Chip_ENET_ReadMIIData
                0x0000c0d8       0x20 C:\Users\nykos\src\cpu-achitecture\examples\lpc_chip_175x_6x\Debug\liblpc_chip_175x_6x.a(enet_17xx_40xx.o)
                0x0000c0d8                Chip_ENET_ReadMIIData
 .text.Chip_ENET_SetFullDuplex
                0x0000c0f8       0x34 C:\Users\nykos\src\cpu-achitecture\examples\lpc_chip_175x_6x\Debug\liblpc_chip_175x_6x.a(enet_17xx_40xx.o)
                0x0000c0f8                Chip_ENET_SetFullDuplex
 .text.Chip_ENET_SetHalfDuplex
                0x0000c12c       0x34 C:\Users\nykos\src\cpu-achitecture\examples\lpc_chip_175x_6x\Debug\liblpc_chip_175x_6x.a(enet_17xx_40xx.o)
                0x0000c12c                Chip_ENET_SetHalfDuplex
 .text.Chip_ENET_InitTxDescriptors
                0x0000c160       0x3c C:\Users\nykos\src\cpu-achitecture\examples\lpc_chip_175x_6x\Debug\liblpc_chip_175x_6x.a(enet_17xx_40xx.o)
                0x0000c160                Chip_ENET_InitTxDescriptors
 .text.Chip_ENET_InitRxDescriptors
                0x0000c19c       0x3c C:\Users\nykos\src\cpu-achitecture\examples\lpc_chip_175x_6x\Debug\liblpc_chip_175x_6x.a(enet_17xx_40xx.o)
                0x0000c19c                Chip_ENET_InitRxDescriptors
 .text.Chip_ENET_GetFillDescNum
                0x0000c1d8       0x4c C:\Users\nykos\src\cpu-achitecture\examples\lpc_chip_175x_6x\Debug\liblpc_chip_175x_6x.a(enet_17xx_40xx.o)
                0x0000c1d8                Chip_ENET_GetFillDescNum
 .text.Chip_ENET_IncTXProduceIndex
                0x0000c224       0x40 C:\Users\nykos\src\cpu-achitecture\examples\lpc_chip_175x_6x\Debug\liblpc_chip_175x_6x.a(enet_17xx_40xx.o)
                0x0000c224                Chip_ENET_IncTXProduceIndex
 .text.Chip_ENET_IncRXConsumeIndex
                0x0000c264       0x40 C:\Users\nykos\src\cpu-achitecture\examples\lpc_chip_175x_6x\Debug\liblpc_chip_175x_6x.a(enet_17xx_40xx.o)
                0x0000c264                Chip_ENET_IncRXConsumeIndex
 .text.Chip_IOCON_PinMuxSet
                0x0000c2a4       0x34 C:\Users\nykos\src\cpu-achitecture\examples\lpc_chip_175x_6x\Debug\liblpc_chip_175x_6x.a(iocon_17xx_40xx.o)
                0x0000c2a4                Chip_IOCON_PinMuxSet
 .text.Chip_IOCON_PinMux
                0x0000c2d8       0x94 C:\Users\nykos\src\cpu-achitecture\examples\lpc_chip_175x_6x\Debug\liblpc_chip_175x_6x.a(iocon_17xx_40xx.o)
                0x0000c2d8                Chip_IOCON_PinMux
 .text.Chip_IOCON_SetPinMuxing
                0x0000c36c       0x60 C:\Users\nykos\src\cpu-achitecture\examples\lpc_chip_175x_6x\Debug\liblpc_chip_175x_6x.a(iocon_17xx_40xx.o)
                0x0000c36c                Chip_IOCON_SetPinMuxing
 .text.Chip_Clock_IsMainPLLEnabled
                0x0000c3cc       0x28 C:\Users\nykos\src\cpu-achitecture\examples\lpc_chip_175x_6x\Debug\liblpc_chip_175x_6x.a(sysinit_17xx_40xx.o)
 .text.Chip_Clock_IsMainPLLLocked
                0x0000c3f4       0x28 C:\Users\nykos\src\cpu-achitecture\examples\lpc_chip_175x_6x\Debug\liblpc_chip_175x_6x.a(sysinit_17xx_40xx.o)
 .text.Chip_Clock_IsMainPLLConnected
                0x0000c41c       0x28 C:\Users\nykos\src\cpu-achitecture\examples\lpc_chip_175x_6x\Debug\liblpc_chip_175x_6x.a(sysinit_17xx_40xx.o)
 .text.Chip_Clock_EnableCrystal
                0x0000c444       0x20 C:\Users\nykos\src\cpu-achitecture\examples\lpc_chip_175x_6x\Debug\liblpc_chip_175x_6x.a(sysinit_17xx_40xx.o)
 .text.Chip_Clock_IsCrystalEnabled
                0x0000c464       0x28 C:\Users\nykos\src\cpu-achitecture\examples\lpc_chip_175x_6x\Debug\liblpc_chip_175x_6x.a(sysinit_17xx_40xx.o)
 .text.Chip_Clock_SetMainPLLSource
                0x0000c48c       0x20 C:\Users\nykos\src\cpu-achitecture\examples\lpc_chip_175x_6x\Debug\liblpc_chip_175x_6x.a(sysinit_17xx_40xx.o)
 .text.Chip_SetupXtalClocking
                0x0000c4ac       0x90 C:\Users\nykos\src\cpu-achitecture\examples\lpc_chip_175x_6x\Debug\liblpc_chip_175x_6x.a(sysinit_17xx_40xx.o)
                0x0000c4ac                Chip_SetupXtalClocking
 .text.Chip_UART_SetupFIFOS
                0x0000c53c       0x1c C:\Users\nykos\src\cpu-achitecture\examples\lpc_chip_175x_6x\Debug\liblpc_chip_175x_6x.a(uart_17xx_40xx.o)
 .text.Chip_UART_ConfigData
                0x0000c558       0x1c C:\Users\nykos\src\cpu-achitecture\examples\lpc_chip_175x_6x\Debug\liblpc_chip_175x_6x.a(uart_17xx_40xx.o)
 .text.Chip_UART_EnableDivisorAccess
                0x0000c574       0x20 C:\Users\nykos\src\cpu-achitecture\examples\lpc_chip_175x_6x\Debug\liblpc_chip_175x_6x.a(uart_17xx_40xx.o)
 .text.Chip_UART_DisableDivisorAccess
                0x0000c594       0x20 C:\Users\nykos\src\cpu-achitecture\examples\lpc_chip_175x_6x\Debug\liblpc_chip_175x_6x.a(uart_17xx_40xx.o)
 .text.Chip_UART_SetDivisorLatches
                0x0000c5b4       0x28 C:\Users\nykos\src\cpu-achitecture\examples\lpc_chip_175x_6x\Debug\liblpc_chip_175x_6x.a(uart_17xx_40xx.o)
 .text.Chip_UART_GetClockIndex
                0x0000c5dc       0x50 C:\Users\nykos\src\cpu-achitecture\examples\lpc_chip_175x_6x\Debug\liblpc_chip_175x_6x.a(uart_17xx_40xx.o)
 .text.Chip_UART_GetClkIndex
                0x0000c62c       0x50 C:\Users\nykos\src\cpu-achitecture\examples\lpc_chip_175x_6x\Debug\liblpc_chip_175x_6x.a(uart_17xx_40xx.o)
 .text.Chip_UART_Init
                0x0000c67c       0x74 C:\Users\nykos\src\cpu-achitecture\examples\lpc_chip_175x_6x\Debug\liblpc_chip_175x_6x.a(uart_17xx_40xx.o)
                0x0000c67c                Chip_UART_Init
 .text.Chip_UART_TXEnable
                0x0000c6f0       0x18 C:\Users\nykos\src\cpu-achitecture\examples\lpc_chip_175x_6x\Debug\liblpc_chip_175x_6x.a(uart_17xx_40xx.o)
                0x0000c6f0                Chip_UART_TXEnable
 .text.Chip_UART_TXDisable
                0x0000c708       0x18 C:\Users\nykos\src\cpu-achitecture\examples\lpc_chip_175x_6x\Debug\liblpc_chip_175x_6x.a(uart_17xx_40xx.o)
                0x0000c708                Chip_UART_TXDisable
 .text.Chip_UART_SetBaud
                0x0000c720       0x64 C:\Users\nykos\src\cpu-achitecture\examples\lpc_chip_175x_6x\Debug\liblpc_chip_175x_6x.a(uart_17xx_40xx.o)
                0x0000c720                Chip_UART_SetBaud
 .text.__main   0x0000c784       0x14 c:/nxp/lpcxpresso_7.9.2_493/lpcxpresso/tools/bin/../lib/gcc/arm-none-eabi/4.9.3/../../../../arm-none-eabi/lib/armv7-m\libcr_nohost.a(_cr__main.o)
                0x0000c784                __main
 .text.memcpy   0x0000c798        0x4 c:/nxp/lpcxpresso_7.9.2_493/lpcxpresso/tools/bin/../lib/gcc/arm-none-eabi/4.9.3/../../../../arm-none-eabi/lib/armv7-m\libcr_c.a(memcpy.o)
                0x0000c798                memcpy
 .text.memset   0x0000c79c        0x4 c:/nxp/lpcxpresso_7.9.2_493/lpcxpresso/tools/bin/../lib/gcc/arm-none-eabi/4.9.3/../../../../arm-none-eabi/lib/armv7-m\libcr_c.a(memset.o)
                0x0000c79c                memset
 .text.malloc   0x0000c7a0       0xcc c:/nxp/lpcxpresso_7.9.2_493/lpcxpresso/tools/bin/../lib/gcc/arm-none-eabi/4.9.3/../../../../arm-none-eabi/lib/armv7-m\libcr_c.a(alloc.o)
                0x0000c7a0                malloc
 .text.free     0x0000c86c       0x30 c:/nxp/lpcxpresso_7.9.2_493/lpcxpresso/tools/bin/../lib/gcc/arm-none-eabi/4.9.3/../../../../arm-none-eabi/lib/armv7-m\libcr_c.a(alloc.o)
                0x0000c86c                free
 .text._Csys_alloc
                0x0000c89c       0x20 c:/nxp/lpcxpresso_7.9.2_493/lpcxpresso/tools/bin/../lib/gcc/arm-none-eabi/4.9.3/../../../../arm-none-eabi/lib/armv7-m\libcr_c.a(alloc.o)
                0x0000c89c                _Csys_alloc
 .text.fp_round
                0x0000c8bc       0x4a c:/nxp/lpcxpresso_7.9.2_493/lpcxpresso/tools/bin/../lib/gcc/arm-none-eabi/4.9.3/../../../../arm-none-eabi/lib/armv7-m\libcr_c.a(fpprintf.o)
 .text.pr_dec.constprop.1
                0x0000c906       0x26 c:/nxp/lpcxpresso_7.9.2_493/lpcxpresso/tools/bin/../lib/gcc/arm-none-eabi/4.9.3/../../../../arm-none-eabi/lib/armv7-m\libcr_c.a(fpprintf.o)
 .text.sprintf  0x0000c92c       0x6c c:/nxp/lpcxpresso_7.9.2_493/lpcxpresso/tools/bin/../lib/gcc/arm-none-eabi/4.9.3/../../../../arm-none-eabi/lib/armv7-m\libcr_c.a(fpprintf.o)
                0x0000c92c                sprintf
 .text.fp_display
                0x0000c998      0x900 c:/nxp/lpcxpresso_7.9.2_493/lpcxpresso/tools/bin/../lib/gcc/arm-none-eabi/4.9.3/../../../../arm-none-eabi/lib/armv7-m\libcr_c.a(fpprintf.o)
 .text.vsnprintf
                0x0000d298       0x5c c:/nxp/lpcxpresso_7.9.2_493/lpcxpresso/tools/bin/../lib/gcc/arm-none-eabi/4.9.3/../../../../arm-none-eabi/lib/armv7-m\libcr_c.a(fpprintf.o)
                0x0000d298                vsnprintf
 .text.printf   0x0000d2f4       0x54 c:/nxp/lpcxpresso_7.9.2_493/lpcxpresso/tools/bin/../lib/gcc/arm-none-eabi/4.9.3/../../../../arm-none-eabi/lib/armv7-m\libcr_c.a(fpprintf.o)
                0x0000d2f4                printf
 .text._initio  0x0000d348       0xa4 c:/nxp/lpcxpresso_7.9.2_493/lpcxpresso/tools/bin/../lib/gcc/arm-none-eabi/4.9.3/../../../../arm-none-eabi/lib/armv7-m\libcr_c.a(initio.o)
                0x0000d348                _initio
 .text.memcmp   0x0000d3ec       0x42 c:/nxp/lpcxpresso_7.9.2_493/lpcxpresso/tools/bin/../lib/gcc/arm-none-eabi/4.9.3/../../../../arm-none-eabi/lib/armv7-m\libcr_c.a(memcmp.o)
                0x0000d3ec                memcmp
 *fill*         0x0000d42e        0x2 
 .text.__vfprintf
                0x0000d430      0xcc0 c:/nxp/lpcxpresso_7.9.2_493/lpcxpresso/tools/bin/../lib/gcc/arm-none-eabi/4.9.3/../../../../arm-none-eabi/lib/armv7-m\libcr_c.a(printf.o)
                0x0000d430                __vfprintf
 .text.setvbuf  0x0000e0f0       0x40 c:/nxp/lpcxpresso_7.9.2_493/lpcxpresso/tools/bin/../lib/gcc/arm-none-eabi/4.9.3/../../../../arm-none-eabi/lib/armv7-m\libcr_c.a(setvbuf.o)
                0x0000e0f0                setvbuf
 .text.strlen   0x0000e130       0x4a c:/nxp/lpcxpresso_7.9.2_493/lpcxpresso/tools/bin/../lib/gcc/arm-none-eabi/4.9.3/../../../../arm-none-eabi/lib/armv7-m\libcr_c.a(strlen.o)
                0x0000e130                strlen
 *fill*         0x0000e17a        0x2 
 .text._sbrk    0x0000e17c       0x40 c:/nxp/lpcxpresso_7.9.2_493/lpcxpresso/tools/bin/../lib/gcc/arm-none-eabi/4.9.3/../../../../arm-none-eabi/lib/armv7-m\libcr_c.a(_cr_sbrk.o)
                0x0000e17c                _sbrk
 .text._deferredlazyseek
                0x0000e1bc       0x44 c:/nxp/lpcxpresso_7.9.2_493/lpcxpresso/tools/bin/../lib/gcc/arm-none-eabi/4.9.3/../../../../arm-none-eabi/lib/armv7-m\libcr_c.a(_deferredlazyseek.o)
                0x0000e1bc                _deferredlazyseek
 .text.__flsbuf
                0x0000e200      0x142 c:/nxp/lpcxpresso_7.9.2_493/lpcxpresso/tools/bin/../lib/gcc/arm-none-eabi/4.9.3/../../../../arm-none-eabi/lib/armv7-m\libcr_c.a(_deferredlazyseek.o)
                0x0000e200                __flsbuf
 .text._fdopen  0x0000e342       0x6a c:/nxp/lpcxpresso_7.9.2_493/lpcxpresso/tools/bin/../lib/gcc/arm-none-eabi/4.9.3/../../../../arm-none-eabi/lib/armv7-m\libcr_c.a(_fdopen.o)
                0x0000e342                _fdopen
 .text._fflush  0x0000e3ac       0x58 c:/nxp/lpcxpresso_7.9.2_493/lpcxpresso/tools/bin/../lib/gcc/arm-none-eabi/4.9.3/../../../../arm-none-eabi/lib/armv7-m\libcr_c.a(_fflush.o)
                0x0000e3ac                _fflush
 .text._frexpl  0x0000e404       0x5a c:/nxp/lpcxpresso_7.9.2_493/lpcxpresso/tools/bin/../lib/gcc/arm-none-eabi/4.9.3/../../../../arm-none-eabi/lib/armv7-m\libcr_c.a(_frexpl.o)
                0x0000e404                _frexpl
 *fill*         0x0000e45e        0x2 
 .text._ldexpl  0x0000e460       0x4c c:/nxp/lpcxpresso_7.9.2_493/lpcxpresso/tools/bin/../lib/gcc/arm-none-eabi/4.9.3/../../../../arm-none-eabi/lib/armv7-m\libcr_c.a(_ldexpl.o)
                0x0000e460                _ldexpl
 .text._Cwritebuf
                0x0000e4ac       0x68 c:/nxp/lpcxpresso_7.9.2_493/lpcxpresso/tools/bin/../lib/gcc/arm-none-eabi/4.9.3/../../../../arm-none-eabi/lib/armv7-m\libcr_c.a(_writebuf.o)
                0x0000e4ac                _Cwritebuf
 .text.fclose   0x0000e514       0x6c c:/nxp/lpcxpresso_7.9.2_493/lpcxpresso/tools/bin/../lib/gcc/arm-none-eabi/4.9.3/../../../../arm-none-eabi/lib/armv7-m\libcr_c.a(fclose.o)
                0x0000e514                fclose
 .text.fflush   0x0000e580       0x30 c:/nxp/lpcxpresso_7.9.2_493/lpcxpresso/tools/bin/../lib/gcc/arm-none-eabi/4.9.3/../../../../arm-none-eabi/lib/armv7-m\libcr_c.a(fflush.o)
                0x0000e580                fflush
 .text.fseek    0x0000e5b0      0x110 c:/nxp/lpcxpresso_7.9.2_493/lpcxpresso/tools/bin/../lib/gcc/arm-none-eabi/4.9.3/../../../../arm-none-eabi/lib/armv7-m\libcr_c.a(fseek.o)
                0x0000e5b0                fseek
 .text.ftell    0x0000e6c0       0x4c c:/nxp/lpcxpresso_7.9.2_493/lpcxpresso/tools/bin/../lib/gcc/arm-none-eabi/4.9.3/../../../../arm-none-eabi/lib/armv7-m\libcr_c.a(ftell.o)
                0x0000e6c0                ftell
 .text.remove   0x0000e70c       0x14 c:/nxp/lpcxpresso_7.9.2_493/lpcxpresso/tools/bin/../lib/gcc/arm-none-eabi/4.9.3/../../../../arm-none-eabi/lib/armv7-m\libcr_c.a(remove.o)
                0x0000e70c                remove
 .text.__check_heap_overflow
                0x0000e720       0x18 c:/nxp/lpcxpresso_7.9.2_493/lpcxpresso/tools/bin/../lib/gcc/arm-none-eabi/4.9.3/../../../../arm-none-eabi/lib/armv7-m\libcr_c.a(_cr_check_heap.o)
                0x0000e720                __check_heap_overflow
 .text._do_fflush
                0x0000e738       0x44 c:/nxp/lpcxpresso_7.9.2_493/lpcxpresso/tools/bin/../lib/gcc/arm-none-eabi/4.9.3/../../../../arm-none-eabi/lib/armv7-m\libcr_c.a(_do_fflush.o)
                0x0000e738                _do_fflush
 .text.__aeabi_dmul
                0x0000e77c      0x120 c:/nxp/lpcxpresso_7.9.2_493/lpcxpresso/tools/bin/../lib/gcc/arm-none-eabi/4.9.3/armv7-m\libcr_eabihelpers.a(double.o)
                0x0000e77c                __aeabi_dmul
 .text.__aeabi_ddiv
                0x0000e89c      0x150 c:/nxp/lpcxpresso_7.9.2_493/lpcxpresso/tools/bin/../lib/gcc/arm-none-eabi/4.9.3/armv7-m\libcr_eabihelpers.a(double.o)
                0x0000e89c                __aeabi_ddiv
 .text.__aeabi_dsub
                0x0000e9ec      0x1d8 c:/nxp/lpcxpresso_7.9.2_493/lpcxpresso/tools/bin/../lib/gcc/arm-none-eabi/4.9.3/armv7-m\libcr_eabihelpers.a(double.o)
                0x0000e9ec                __aeabi_dsub
 .text.__aeabi_dadd
                0x0000ebc4      0x134 c:/nxp/lpcxpresso_7.9.2_493/lpcxpresso/tools/bin/../lib/gcc/arm-none-eabi/4.9.3/armv7-m\libcr_eabihelpers.a(double.o)
                0x0000ebc4                __aeabi_dadd
 .text.__aeabi_d2iz
                0x0000ecf8       0x40 c:/nxp/lpcxpresso_7.9.2_493/lpcxpresso/tools/bin/../lib/gcc/arm-none-eabi/4.9.3/armv7-m\libcr_eabihelpers.a(double.o)
                0x0000ecf8                __aeabi_d2iz
 .text.__bhs_ui2d
                0x0000ed38       0x48 c:/nxp/lpcxpresso_7.9.2_493/lpcxpresso/tools/bin/../lib/gcc/arm-none-eabi/4.9.3/armv7-m\libcr_eabihelpers.a(double.o)
                0x0000ed38                __bhs_ui2d
 .text.__aeabi_i2d
                0x0000ed80       0x14 c:/nxp/lpcxpresso_7.9.2_493/lpcxpresso/tools/bin/../lib/gcc/arm-none-eabi/4.9.3/armv7-m\libcr_eabihelpers.a(double.o)
                0x0000ed80                __aeabi_i2d
 .text.__aeabi_dcmpeq
                0x0000ed94       0x2c c:/nxp/lpcxpresso_7.9.2_493/lpcxpresso/tools/bin/../lib/gcc/arm-none-eabi/4.9.3/armv7-m\libcr_eabihelpers.a(double.o)
                0x0000ed94                __aeabi_dcmpeq
 .text.__aeabi_dcmplt
                0x0000edc0       0x5c c:/nxp/lpcxpresso_7.9.2_493/lpcxpresso/tools/bin/../lib/gcc/arm-none-eabi/4.9.3/armv7-m\libcr_eabihelpers.a(double.o)
                0x0000edc0                __aeabi_dcmplt
 .text.__aeabi_dcmple
                0x0000ee1c       0x5c c:/nxp/lpcxpresso_7.9.2_493/lpcxpresso/tools/bin/../lib/gcc/arm-none-eabi/4.9.3/armv7-m\libcr_eabihelpers.a(double.o)
                0x0000ee1c                __aeabi_dcmple
 .text.__aeabi_dcmpge
                0x0000ee78       0x5c c:/nxp/lpcxpresso_7.9.2_493/lpcxpresso/tools/bin/../lib/gcc/arm-none-eabi/4.9.3/armv7-m\libcr_eabihelpers.a(double.o)
                0x0000ee78                __aeabi_dcmpge
 .text.__aeabi_memcpy
                0x0000eed4       0x34 c:/nxp/lpcxpresso_7.9.2_493/lpcxpresso/tools/bin/../lib/gcc/arm-none-eabi/4.9.3/armv7-m\libcr_eabihelpers.a(memcpy.o)
                0x0000eed4                __aeabi_memcpy
                0x0000eede                __aeabi_memcpy8
                0x0000eede                __aeabi_memcpy4
 .text.__aeabi_memset_lowlevel
                0x0000ef08       0x32 c:/nxp/lpcxpresso_7.9.2_493/lpcxpresso/tools/bin/../lib/gcc/arm-none-eabi/4.9.3/armv7-m\libcr_eabihelpers.a(memcpy.o)
                0x0000ef08                __aeabi_lowlevel_memset
 .text.__sys_appexit
                0x0000ef3a        0x2 c:/nxp/lpcxpresso_7.9.2_493/lpcxpresso/tools/bin/../lib/gcc/arm-none-eabi/4.9.3/../../../../arm-none-eabi/lib/armv7-m\libcr_nohost.a(__sys_appexit.o)
                0x0000ef3a                __sys_appexit
                0x0000ef3a                __exit
 .text.__sys_close
                0x0000ef3c        0x6 c:/nxp/lpcxpresso_7.9.2_493/lpcxpresso/tools/bin/../lib/gcc/arm-none-eabi/4.9.3/../../../../arm-none-eabi/lib/armv7-m\libcr_nohost.a(__sys_close.o)
                0x0000ef3c                __sys_close
 .text.__sys_flen
                0x0000ef42        0x6 c:/nxp/lpcxpresso_7.9.2_493/lpcxpresso/tools/bin/../lib/gcc/arm-none-eabi/4.9.3/../../../../arm-none-eabi/lib/armv7-m\libcr_nohost.a(__sys_flen.o)
                0x0000ef42                __sys_flen
 .text.__sys_istty
                0x0000ef48        0x6 c:/nxp/lpcxpresso_7.9.2_493/lpcxpresso/tools/bin/../lib/gcc/arm-none-eabi/4.9.3/../../../../arm-none-eabi/lib/armv7-m\libcr_nohost.a(__sys_istty.o)
                0x0000ef48                __sys_istty
 .text.__sys_remove
                0x0000ef4e        0x6 c:/nxp/lpcxpresso_7.9.2_493/lpcxpresso/tools/bin/../lib/gcc/arm-none-eabi/4.9.3/../../../../arm-none-eabi/lib/armv7-m\libcr_nohost.a(__sys_remove.o)
                0x0000ef4e                __sys_remove
 .text.__sys_seek
                0x0000ef54        0x6 c:/nxp/lpcxpresso_7.9.2_493/lpcxpresso/tools/bin/../lib/gcc/arm-none-eabi/4.9.3/../../../../arm-none-eabi/lib/armv7-m\libcr_nohost.a(__sys_seek.o)
                0x0000ef54                __sys_seek
 .text.__sys_tmpnam
                0x0000ef5a        0x6 c:/nxp/lpcxpresso_7.9.2_493/lpcxpresso/tools/bin/../lib/gcc/arm-none-eabi/4.9.3/../../../../arm-none-eabi/lib/armv7-m\libcr_nohost.a(__sys_tmpnam.o)
                0x0000ef5a                __sys_tmpnam
 *(.rodata .rodata.* .constdata .constdata.*)
 .rodata.ethbroadcast
                0x0000ef60        0x6 ./lwip/src/netif/etharp.o
                0x0000ef60                ethbroadcast
 *fill*         0x0000ef66        0x2 
 .rodata.ethzero
                0x0000ef68        0x6 ./lwip/src/netif/etharp.o
                0x0000ef68                ethzero
 *fill*         0x0000ef6e        0x2 
 .rodata.ip_addr_any
                0x0000ef70        0x4 ./lwip/src/core/ipv4/ip_addr.o
                0x0000ef70                ip_addr_any
 .rodata.ip_addr_broadcast
                0x0000ef74        0x4 ./lwip/src/core/ipv4/ip_addr.o
                0x0000ef74                ip_addr_broadcast
 .rodata.memp_sizes
                0x0000ef78       0x14 ./lwip/src/core/memp.o
                0x0000ef78                memp_sizes
 .rodata.tcp_backoff
                0x0000ef8c        0xd ./lwip/src/core/tcp.o
                0x0000ef8c                tcp_backoff
 *fill*         0x0000ef99        0x3 
 .rodata.tcp_persist_backoff
                0x0000ef9c        0x7 ./lwip/src/core/tcp.o
                0x0000ef9c                tcp_persist_backoff
 *fill*         0x0000efa3        0x1 
 .rodata.tcp_pcb_lists
                0x0000efa4       0x10 ./lwip/src/core/tcp.o
                0x0000efa4                tcp_pcb_lists
 .rodata        0x0000efb4        0x8 ./lwip/src/arch/lpc17xx_40xx_emac.o
 .rodata        0x0000efbc       0x56 ./example/src/lwip_tcpecho_sa.o
 *fill*         0x0000f012        0x2 
 .rodata.OscRateIn
                0x0000f014        0x4 C:\Users\nykos\src\cpu-achitecture\examples\lpc_board_nxp_lpcxpresso_1769\Debug\liblpc_board_nxp_lpcxpresso_1769.a(board.o)
                0x0000f014                OscRateIn
 .rodata.RTCOscRateIn
                0x0000f018        0x4 C:\Users\nykos\src\cpu-achitecture\examples\lpc_board_nxp_lpcxpresso_1769\Debug\liblpc_board_nxp_lpcxpresso_1769.a(board.o)
                0x0000f018                RTCOscRateIn
 .rodata        0x0000f01c        0x6 C:\Users\nykos\src\cpu-achitecture\examples\lpc_board_nxp_lpcxpresso_1769\Debug\liblpc_board_nxp_lpcxpresso_1769.a(board.o)
 *fill*         0x0000f022        0x2 
 .rodata.pinmuxing
                0x0000f024       0x5c C:\Users\nykos\src\cpu-achitecture\examples\lpc_board_nxp_lpcxpresso_1769\Debug\liblpc_board_nxp_lpcxpresso_1769.a(board_sysinit.o)
 .rodata.EnetClkDiv
                0x0000f080        0xf C:\Users\nykos\src\cpu-achitecture\examples\lpc_chip_175x_6x\Debug\liblpc_chip_175x_6x.a(enet_17xx_40xx.o)
 .rodata.str1.1
                0x0000f08f       0x18 c:/nxp/lpcxpresso_7.9.2_493/lpcxpresso/tools/bin/../lib/gcc/arm-none-eabi/4.9.3/../../../../arm-none-eabi/lib/armv7-m\libcr_c.a(alloc.o)
 .rodata.str1.1
                0x0000f0a7       0x34 c:/nxp/lpcxpresso_7.9.2_493/lpcxpresso/tools/bin/../lib/gcc/arm-none-eabi/4.9.3/../../../../arm-none-eabi/lib/armv7-m\libcr_c.a(fpprintf.o)
                                 0x35 (size before relaxing)
 .rodata.str1.1
                0x0000f0db        0x4 c:/nxp/lpcxpresso_7.9.2_493/lpcxpresso/tools/bin/../lib/gcc/arm-none-eabi/4.9.3/../../../../arm-none-eabi/lib/armv7-m\libcr_c.a(initio.o)
 .rodata.str1.1
                0x0000f0df       0x31 c:/nxp/lpcxpresso_7.9.2_493/lpcxpresso/tools/bin/../lib/gcc/arm-none-eabi/4.9.3/../../../../arm-none-eabi/lib/armv7-m\libcr_c.a(printf.o)
                                 0x38 (size before relaxing)
 .rodata.__huge_vall
                0x0000f110        0x8 c:/nxp/lpcxpresso_7.9.2_493/lpcxpresso/tools/bin/../lib/gcc/arm-none-eabi/4.9.3/../../../../arm-none-eabi/lib/armv7-m\libcr_c.a(_hugeval.o)
                0x0000f110                __huge_vall
                0x0000f118                . = ALIGN (0x4)

.glue_7         0x0000f118        0x0
 .glue_7        0x00000000        0x0 linker stubs

.glue_7t        0x0000f118        0x0
 .glue_7t       0x00000000        0x0 linker stubs

.vfp11_veneer   0x0000f118        0x0
 .vfp11_veneer  0x00000000        0x0 linker stubs

.v4_bx          0x0000f118        0x0
 .v4_bx         0x00000000        0x0 linker stubs

.iplt           0x0000f118        0x0
 .iplt          0x00000000        0x0 ./lwip/src/netif/etharp.o

.rel.dyn        0x0000f118        0x0
 .rel.iplt      0x00000000        0x0 ./lwip/src/netif/etharp.o

.ARM.extab
 *(.ARM.extab* .gnu.linkonce.armextab.*)
                0x0000f118                __exidx_start = .

.ARM.exidx
 *(.ARM.exidx* .gnu.linkonce.armexidx.*)
                0x0000f118                __exidx_end = .
                0x0000f118                _etext = .

.data_RAM2      0x2007c000        0x0 load address 0x0000f118
 FILL mask 0xff
                0x2007c000                PROVIDE (__start_data_RAM2, .)
 *(.ramfunc.$RAM2)
 *(.ramfunc.$RamAHB32)
 *(.data.$RAM2*)
 *(.data.$RamAHB32*)
                0x2007c000                . = ALIGN (0x4)
                0x2007c000                PROVIDE (__end_data_RAM2, .)

.uninit_RESERVED
                0x10000000        0x0
 *(.bss.$RESERVED*)
                0x10000000                . = ALIGN (0x4)
                0x10000000                _end_uninit_RESERVED = .

.data           0x10000000       0x10 load address 0x0000f118
 FILL mask 0xff
                0x10000000                _data = .
 *(vtable)
 *(.ramfunc*)
 *(.data*)
 .data.xid.4901
                0x10000000        0x4 ./lwip/src/core/dhcp.o
 .data.tcp_port
                0x10000004        0x2 ./lwip/src/core/tcp.o
 *fill*         0x10000006        0x2 
 .data.iss.5013
                0x10000008        0x4 ./lwip/src/core/tcp.o
 .data.udp_port
                0x1000000c        0x2 ./lwip/src/core/udp.o
                0x10000010                . = ALIGN (0x4)
 *fill*         0x1000000e        0x2 ff
                0x10000010                _edata = .

.igot.plt       0x10000010        0x0 load address 0x0000f128
 .igot.plt      0x00000000        0x0 ./lwip/src/netif/etharp.o

.bss_RAM2       0x2007c000        0x0
                0x2007c000                PROVIDE (__start_bss_RAM2, .)
 *(.bss.$RAM2*)
 *(.bss.$RamAHB32*)
                0x2007c000                . = ALIGN ((. != 0x0)?0x4:0x1)
                0x2007c000                PROVIDE (__end_bss_RAM2, .)

.bss            0x10000010      0x3f0
                0x10000010                _bss = .
 *(.bss*)
 .bss.arp_table
                0x10000010       0xc8 ./lwip/src/netif/etharp.o
 .bss.etharp_cached_entry
                0x100000d8        0x1 ./lwip/src/netif/etharp.o
 *fill*         0x100000d9        0x1 
 .bss.ip_id     0x100000da        0x2 ./lwip/src/core/ipv4/ip.o
 .bss.reassdatagrams
                0x100000dc        0x4 ./lwip/src/core/ipv4/ip_frag.o
 .bss.ip_reass_pbufcount
                0x100000e0        0x2 ./lwip/src/core/ipv4/ip_frag.o
 .bss.netif_num
                0x100000e2        0x1 ./lwip/src/core/netif.o
 *fill*         0x100000e3        0x1 
 .bss.raw_pcbs  0x100000e4        0x4 ./lwip/src/core/raw.o
 .bss.tcp_timer
                0x100000e8        0x1 ./lwip/src/core/tcp.o
 .bss.tcp_timer_ctr
                0x100000e9        0x1 ./lwip/src/core/tcp.o
 *fill*         0x100000ea        0x2 
 .bss.inseg     0x100000ec       0x14 ./lwip/src/core/tcp_in.o
 .bss.tcphdr    0x10000100        0x4 ./lwip/src/core/tcp_in.o
 .bss.iphdr     0x10000104        0x4 ./lwip/src/core/tcp_in.o
 .bss.seqno     0x10000108        0x4 ./lwip/src/core/tcp_in.o
 .bss.ackno     0x1000010c        0x4 ./lwip/src/core/tcp_in.o
 .bss.flags     0x10000110        0x1 ./lwip/src/core/tcp_in.o
 *fill*         0x10000111        0x1 
 .bss.tcplen    0x10000112        0x2 ./lwip/src/core/tcp_in.o
 .bss.recv_flags
                0x10000114        0x1 ./lwip/src/core/tcp_in.o
 *fill*         0x10000115        0x3 
 .bss.recv_data
                0x10000118        0x4 ./lwip/src/core/tcp_in.o
 .bss.next_timeout
                0x1000011c        0x4 ./lwip/src/core/timers.o
 .bss.timeouts_last_time
                0x10000120        0x4 ./lwip/src/core/timers.o
 .bss.tcpip_tcp_timer_active
                0x10000124        0x4 ./lwip/src/core/timers.o
 .bss.saved_period
                0x10000128        0x4 ./lwip/src/arch/lpc17xx_40xx_systick_arch.o
 .bss.systick_timems
                0x1000012c        0x4 ./lwip/src/arch/lpc17xx_40xx_systick_arch.o
 .bss.echo_pcb  0x10000130        0x4 ./example/src/echo.o
 .bss.lpc_netif
                0x10000134       0x38 ./example/src/lwip_tcpecho_sa.o
 .bss.prt_ip.7911
                0x1000016c        0x4 ./example/src/lwip_tcpecho_sa.o
 .bss.tmp_buff.7912
                0x10000170       0x10 ./example/src/lwip_tcpecho_sa.o
 .bss.physts    0x10000180        0x4 C:\Users\nykos\src\cpu-achitecture\examples\lpc_board_nxp_lpcxpresso_1769\Debug\liblpc_board_nxp_lpcxpresso_1769.a(lpc_phy_smsc87x0.o)
 .bss.olddphysts
                0x10000184        0x4 C:\Users\nykos\src\cpu-achitecture\examples\lpc_board_nxp_lpcxpresso_1769\Debug\liblpc_board_nxp_lpcxpresso_1769.a(lpc_phy_smsc87x0.o)
 .bss.phyustate
                0x10000188        0x4 C:\Users\nykos\src\cpu-achitecture\examples\lpc_board_nxp_lpcxpresso_1769\Debug\liblpc_board_nxp_lpcxpresso_1769.a(lpc_phy_smsc87x0.o)
 .bss.pDelayMs  0x1000018c        0x4 C:\Users\nykos\src\cpu-achitecture\examples\lpc_board_nxp_lpcxpresso_1769\Debug\liblpc_board_nxp_lpcxpresso_1769.a(lpc_phy_smsc87x0.o)
 .bss.sts.7322  0x10000190        0x2 C:\Users\nykos\src\cpu-achitecture\examples\lpc_board_nxp_lpcxpresso_1769\Debug\liblpc_board_nxp_lpcxpresso_1769.a(lpc_phy_smsc87x0.o)
 *fill*         0x10000192        0x2 
 .bss.phyAddr   0x10000194        0x4 C:\Users\nykos\src\cpu-achitecture\examples\lpc_chip_175x_6x\Debug\liblpc_chip_175x_6x.a(enet_17xx_40xx.o)
 .bss.errno     0x10000198        0x4 c:/nxp/lpcxpresso_7.9.2_493/lpcxpresso/tools/bin/../lib/gcc/arm-none-eabi/4.9.3/../../../../arm-none-eabi/lib/armv7-m\libcr_c.a(errno.o)
                0x10000198                errno
 *(COMMON)
 COMMON         0x1000019c       0x10 ./lwip/src/core/ipv4/ip.o
                0x1000019c                current_iphdr_src
                0x100001a0                current_netif
                0x100001a4                current_iphdr_dest
                0x100001a8                current_header
 COMMON         0x100001ac       0x34 ./lwip/src/core/dhcp.o
                0x100001ac                dhcp_rx_options_given
                0x100001b8                dhcp_rx_options_val
 COMMON         0x100001e0        0x8 ./lwip/src/core/netif.o
                0x100001e0                netif_list
                0x100001e4                netif_default
 COMMON         0x100001e8        0x1 ./lwip/src/core/pbuf.o
                0x100001e8                pbuf_free_ooseq_pending
 *fill*         0x100001e9        0x3 
 COMMON         0x100001ec       0x1c ./lwip/src/core/tcp.o
                0x100001ec                tcp_active_pcbs_changed
                0x100001f0                tcp_active_pcbs
                0x100001f4                tcp_ticks
                0x100001f8                tcp_listen_pcbs
                0x100001fc                tcp_tmp_pcb
                0x10000200                tcp_bound_pcbs
                0x10000204                tcp_tw_pcbs
 COMMON         0x10000208        0x4 ./lwip/src/core/tcp_in.o
                0x10000208                tcp_input_pcb
 COMMON         0x1000020c        0x4 ./lwip/src/core/udp.o
                0x1000020c                udp_pcbs
 COMMON         0x10000210       0xa0 ./lwip/src/arch/lpc17xx_40xx_emac.o
                0x10000210                lpc_enetdata
 COMMON         0x100002b0        0x4 C:\Users\nykos\src\cpu-achitecture\examples\lpc_chip_175x_6x\Debug\liblpc_chip_175x_6x.a(chip_17xx_40xx.o)
                0x100002b0                SystemCoreClock
 COMMON         0x100002b4        0x4 c:/nxp/lpcxpresso_7.9.2_493/lpcxpresso/tools/bin/../lib/gcc/arm-none-eabi/4.9.3/../../../../arm-none-eabi/lib/armv7-m\libcr_c.a(initio.o)
                0x100002b4                _extra
 COMMON         0x100002b8      0x140 c:/nxp/lpcxpresso_7.9.2_493/lpcxpresso/tools/bin/../lib/gcc/arm-none-eabi/4.9.3/../../../../arm-none-eabi/lib/armv7-m\libcr_c.a(stdio.o)
                0x100002b8                __Ciob
 COMMON         0x100003f8        0x8 c:/nxp/lpcxpresso_7.9.2_493/lpcxpresso/tools/bin/../lib/gcc/arm-none-eabi/4.9.3/../../../../arm-none-eabi/lib/armv7-m\libcr_c.a(__init_alloc.o)
                0x100003f8                __heaps
                0x100003fc                __end_of_heap
                0x10000400                . = ALIGN (0x4)
                0x10000400                _ebss = .
                0x10000400                PROVIDE (end, .)

.noinit_RAM2    0x2007c000        0x0
 *(.noinit.$RAM2*)
 *(.noinit.$RamAHB32*)
                0x2007c000                . = ALIGN (0x4)

.noinit         0x10000400        0x0
                0x10000400                _noinit = .
 *(.noinit*)
                0x10000400                . = ALIGN (0x4)
                0x10000400                _end_noinit = .
                0x10000400                PROVIDE (_pvHeapStart, DEFINED (__user_heap_base)?__user_heap_base:.)
                0x10008000                PROVIDE (_vStackTop, DEFINED (__user_stack_top)?__user_stack_top:(__top_RamLoc32 - 0x0))
                0xefff74b2                PROVIDE (__valid_user_code_checksum, (0x0 - ((((((_vStackTop + (ResetISR + 0x1)) + (NMI_Handler + 0x1)) + (HardFault_Handler + 0x1)) + (DEFINED (MemManage_Handler)?MemManage_Handler:0x0 + 0x1)) + (DEFINED (BusFault_Handler)?BusFault_Handler:0x0 + 0x1)) + (DEFINED (UsageFault_Handler)?UsageFault_Handler:0x0 + 0x1))))
OUTPUT(lwip_tcpecho_sa.axf elf32-littlearm)

.debug_info     0x00000000    0x13a62
 .debug_info    0x00000000      0xe8d ./lwip/src/netif/etharp.o
 .debug_info    0x00000e8d      0x651 ./lwip/src/core/ipv4/icmp.o
 .debug_info    0x000014de      0x3ee ./lwip/src/core/ipv4/inet_chksum.o
 .debug_info    0x000018cc      0x9d4 ./lwip/src/core/ipv4/ip.o
 .debug_info    0x000022a0      0x59c ./lwip/src/core/ipv4/ip_addr.o
 .debug_info    0x0000283c      0xa6a ./lwip/src/core/ipv4/ip_frag.o
 .debug_info    0x000032a6      0x137 ./lwip/src/core/def.o
 .debug_info    0x000033dd     0x1193 ./lwip/src/core/dhcp.o
 .debug_info    0x00004570       0x97 ./lwip/src/core/init.o
 .debug_info    0x00004607      0x104 ./lwip/src/core/memp.o
 .debug_info    0x0000470b      0xf1d ./lwip/src/core/netif.o
 .debug_info    0x00005628      0xf7d ./lwip/src/core/pbuf.o
 .debug_info    0x000065a5      0x77c ./lwip/src/core/raw.o
 .debug_info    0x00006d21     0x1448 ./lwip/src/core/tcp.o
 .debug_info    0x00008169      0xdac ./lwip/src/core/tcp_in.o
 .debug_info    0x00008f15     0x115c ./lwip/src/core/tcp_out.o
 .debug_info    0x0000a071      0x97d ./lwip/src/core/timers.o
 .debug_info    0x0000a9ee      0xd34 ./lwip/src/core/udp.o
 .debug_info    0x0000b722     0x1388 ./lwip/src/arch/lpc17xx_40xx_emac.o
 .debug_info    0x0000caaa      0x705 ./lwip/src/arch/lpc17xx_40xx_systick_arch.o
 .debug_info    0x0000d1af       0x88 ./lwip/src/arch/lpc_debug.o
 .debug_info    0x0000d237      0x24b ./example/src/cr_startup_lpc175x_6x.o
 .debug_info    0x0000d482      0x8e7 ./example/src/echo.o
 .debug_info    0x0000dd69      0xb51 ./example/src/lwip_tcpecho_sa.o
 .debug_info    0x0000e8ba      0x110 ./example/src/sysinit.o
 .debug_info    0x0000e9ca     0x1392 C:\Users\nykos\src\cpu-achitecture\examples\lpc_board_nxp_lpcxpresso_1769\Debug\liblpc_board_nxp_lpcxpresso_1769.a(board.o)
 .debug_info    0x0000fd5c      0x558 C:\Users\nykos\src\cpu-achitecture\examples\lpc_board_nxp_lpcxpresso_1769\Debug\liblpc_board_nxp_lpcxpresso_1769.a(board_sysinit.o)
 .debug_info    0x000102b4      0x6d6 C:\Users\nykos\src\cpu-achitecture\examples\lpc_board_nxp_lpcxpresso_1769\Debug\liblpc_board_nxp_lpcxpresso_1769.a(lpc_phy_smsc87x0.o)
 .debug_info    0x0001098a      0x50a C:\Users\nykos\src\cpu-achitecture\examples\lpc_chip_175x_6x\Debug\liblpc_chip_175x_6x.a(chip_17xx_40xx.o)
 .debug_info    0x00010e94      0xb46 C:\Users\nykos\src\cpu-achitecture\examples\lpc_chip_175x_6x\Debug\liblpc_chip_175x_6x.a(clock_17xx_40xx.o)
 .debug_info    0x000119da      0xac5 C:\Users\nykos\src\cpu-achitecture\examples\lpc_chip_175x_6x\Debug\liblpc_chip_175x_6x.a(enet_17xx_40xx.o)
 .debug_info    0x0001249f      0x2d9 C:\Users\nykos\src\cpu-achitecture\examples\lpc_chip_175x_6x\Debug\liblpc_chip_175x_6x.a(iocon_17xx_40xx.o)
 .debug_info    0x00012778      0x431 C:\Users\nykos\src\cpu-achitecture\examples\lpc_chip_175x_6x\Debug\liblpc_chip_175x_6x.a(sysinit_17xx_40xx.o)
 .debug_info    0x00012ba9      0xeb9 C:\Users\nykos\src\cpu-achitecture\examples\lpc_chip_175x_6x\Debug\liblpc_chip_175x_6x.a(uart_17xx_40xx.o)

.debug_abbrev   0x00000000     0x3c48
 .debug_abbrev  0x00000000      0x209 ./lwip/src/netif/etharp.o
 .debug_abbrev  0x00000209      0x1b0 ./lwip/src/core/ipv4/icmp.o
 .debug_abbrev  0x000003b9      0x12a ./lwip/src/core/ipv4/inet_chksum.o
 .debug_abbrev  0x000004e3      0x198 ./lwip/src/core/ipv4/ip.o
 .debug_abbrev  0x0000067b      0x1a4 ./lwip/src/core/ipv4/ip_addr.o
 .debug_abbrev  0x0000081f      0x212 ./lwip/src/core/ipv4/ip_frag.o
 .debug_abbrev  0x00000a31       0x9b ./lwip/src/core/def.o
 .debug_abbrev  0x00000acc      0x205 ./lwip/src/core/dhcp.o
 .debug_abbrev  0x00000cd1       0x45 ./lwip/src/core/init.o
 .debug_abbrev  0x00000d16       0x76 ./lwip/src/core/memp.o
 .debug_abbrev  0x00000d8c      0x253 ./lwip/src/core/netif.o
 .debug_abbrev  0x00000fdf      0x266 ./lwip/src/core/pbuf.o
 .debug_abbrev  0x00001245      0x1d2 ./lwip/src/core/raw.o
 .debug_abbrev  0x00001417      0x2df ./lwip/src/core/tcp.o
 .debug_abbrev  0x000016f6      0x224 ./lwip/src/core/tcp_in.o
 .debug_abbrev  0x0000191a      0x27c ./lwip/src/core/tcp_out.o
 .debug_abbrev  0x00001b96      0x1eb ./lwip/src/core/timers.o
 .debug_abbrev  0x00001d81      0x229 ./lwip/src/core/udp.o
 .debug_abbrev  0x00001faa      0x2dd ./lwip/src/arch/lpc17xx_40xx_emac.o
 .debug_abbrev  0x00002287      0x1fb ./lwip/src/arch/lpc17xx_40xx_systick_arch.o
 .debug_abbrev  0x00002482       0x45 ./lwip/src/arch/lpc_debug.o
 .debug_abbrev  0x000024c7       0xf5 ./example/src/cr_startup_lpc175x_6x.o
 .debug_abbrev  0x000025bc      0x1d4 ./example/src/echo.o
 .debug_abbrev  0x00002790      0x1ab ./example/src/lwip_tcpecho_sa.o
 .debug_abbrev  0x0000293b       0xa3 ./example/src/sysinit.o
 .debug_abbrev  0x000029de      0x373 C:\Users\nykos\src\cpu-achitecture\examples\lpc_board_nxp_lpcxpresso_1769\Debug\liblpc_board_nxp_lpcxpresso_1769.a(board.o)
 .debug_abbrev  0x00002d51      0x15a C:\Users\nykos\src\cpu-achitecture\examples\lpc_board_nxp_lpcxpresso_1769\Debug\liblpc_board_nxp_lpcxpresso_1769.a(board_sysinit.o)
 .debug_abbrev  0x00002eab      0x1ae C:\Users\nykos\src\cpu-achitecture\examples\lpc_board_nxp_lpcxpresso_1769\Debug\liblpc_board_nxp_lpcxpresso_1769.a(lpc_phy_smsc87x0.o)
 .debug_abbrev  0x00003059      0x138 C:\Users\nykos\src\cpu-achitecture\examples\lpc_chip_175x_6x\Debug\liblpc_chip_175x_6x.a(chip_17xx_40xx.o)
 .debug_abbrev  0x00003191      0x2e4 C:\Users\nykos\src\cpu-achitecture\examples\lpc_chip_175x_6x\Debug\liblpc_chip_175x_6x.a(clock_17xx_40xx.o)
 .debug_abbrev  0x00003475      0x25a C:\Users\nykos\src\cpu-achitecture\examples\lpc_chip_175x_6x\Debug\liblpc_chip_175x_6x.a(enet_17xx_40xx.o)
 .debug_abbrev  0x000036cf      0x126 C:\Users\nykos\src\cpu-achitecture\examples\lpc_chip_175x_6x\Debug\liblpc_chip_175x_6x.a(iocon_17xx_40xx.o)
 .debug_abbrev  0x000037f5      0x171 C:\Users\nykos\src\cpu-achitecture\examples\lpc_chip_175x_6x\Debug\liblpc_chip_175x_6x.a(sysinit_17xx_40xx.o)
 .debug_abbrev  0x00003966      0x2e2 C:\Users\nykos\src\cpu-achitecture\examples\lpc_chip_175x_6x\Debug\liblpc_chip_175x_6x.a(uart_17xx_40xx.o)

.debug_aranges  0x00000000     0x10c8
 .debug_aranges
                0x00000000       0x88 ./lwip/src/netif/etharp.o
 .debug_aranges
                0x00000088       0x38 ./lwip/src/core/ipv4/icmp.o
 .debug_aranges
                0x000000c0       0x48 ./lwip/src/core/ipv4/inet_chksum.o
 .debug_aranges
                0x00000108       0x38 ./lwip/src/core/ipv4/ip.o
 .debug_aranges
                0x00000140       0x48 ./lwip/src/core/ipv4/ip_addr.o
 .debug_aranges
                0x00000188       0x70 ./lwip/src/core/ipv4/ip_frag.o
 .debug_aranges
                0x000001f8       0x38 ./lwip/src/core/def.o
 .debug_aranges
                0x00000230      0x130 ./lwip/src/core/dhcp.o
 .debug_aranges
                0x00000360       0x20 ./lwip/src/core/init.o
 .debug_aranges
                0x00000380       0x18 ./lwip/src/core/memp.o
 .debug_aranges
                0x00000398       0x80 ./lwip/src/core/netif.o
 .debug_aranges
                0x00000418       0xc0 ./lwip/src/core/pbuf.o
 .debug_aranges
                0x000004d8       0x58 ./lwip/src/core/raw.o
 .debug_aranges
                0x00000530      0x140 ./lwip/src/core/tcp.o
 .debug_aranges
                0x00000670       0x50 ./lwip/src/core/tcp_in.o
 .debug_aranges
                0x000006c0       0xa0 ./lwip/src/core/tcp_out.o
 .debug_aranges
                0x00000760       0x70 ./lwip/src/core/timers.o
 .debug_aranges
                0x000007d0       0x90 ./lwip/src/core/udp.o
 .debug_aranges
                0x00000860      0x128 ./lwip/src/arch/lpc17xx_40xx_emac.o
 .debug_aranges
                0x00000988       0x58 ./lwip/src/arch/lpc17xx_40xx_systick_arch.o
 .debug_aranges
                0x000009e0       0x20 ./lwip/src/arch/lpc_debug.o
 .debug_aranges
                0x00000a00       0x80 ./example/src/cr_startup_lpc175x_6x.o
 .debug_aranges
                0x00000a80       0x58 ./example/src/echo.o
 .debug_aranges
                0x00000ad8       0x38 ./example/src/lwip_tcpecho_sa.o
 .debug_aranges
                0x00000b10       0x20 ./example/src/sysinit.o
 .debug_aranges
                0x00000b30      0x160 C:\Users\nykos\src\cpu-achitecture\examples\lpc_board_nxp_lpcxpresso_1769\Debug\liblpc_board_nxp_lpcxpresso_1769.a(board.o)
 .debug_aranges
                0x00000c90       0x38 C:\Users\nykos\src\cpu-achitecture\examples\lpc_board_nxp_lpcxpresso_1769\Debug\liblpc_board_nxp_lpcxpresso_1769.a(board_sysinit.o)
 .debug_aranges
                0x00000cc8       0x48 C:\Users\nykos\src\cpu-achitecture\examples\lpc_board_nxp_lpcxpresso_1769\Debug\liblpc_board_nxp_lpcxpresso_1769.a(lpc_phy_smsc87x0.o)
 .debug_aranges
                0x00000d10       0x38 C:\Users\nykos\src\cpu-achitecture\examples\lpc_chip_175x_6x\Debug\liblpc_chip_175x_6x.a(chip_17xx_40xx.o)
 .debug_aranges
                0x00000d48      0x120 C:\Users\nykos\src\cpu-achitecture\examples\lpc_chip_175x_6x\Debug\liblpc_chip_175x_6x.a(clock_17xx_40xx.o)
 .debug_aranges
                0x00000e68       0xa8 C:\Users\nykos\src\cpu-achitecture\examples\lpc_chip_175x_6x\Debug\liblpc_chip_175x_6x.a(enet_17xx_40xx.o)
 .debug_aranges
                0x00000f10       0x30 C:\Users\nykos\src\cpu-achitecture\examples\lpc_chip_175x_6x\Debug\liblpc_chip_175x_6x.a(iocon_17xx_40xx.o)
 .debug_aranges
                0x00000f40       0x60 C:\Users\nykos\src\cpu-achitecture\examples\lpc_chip_175x_6x\Debug\liblpc_chip_175x_6x.a(sysinit_17xx_40xx.o)
 .debug_aranges
                0x00000fa0      0x128 C:\Users\nykos\src\cpu-achitecture\examples\lpc_chip_175x_6x\Debug\liblpc_chip_175x_6x.a(uart_17xx_40xx.o)

.debug_ranges   0x00000000      0xea0
 .debug_ranges  0x00000000       0x78 ./lwip/src/netif/etharp.o
 .debug_ranges  0x00000078       0x28 ./lwip/src/core/ipv4/icmp.o
 .debug_ranges  0x000000a0       0x38 ./lwip/src/core/ipv4/inet_chksum.o
 .debug_ranges  0x000000d8       0x28 ./lwip/src/core/ipv4/ip.o
 .debug_ranges  0x00000100       0x38 ./lwip/src/core/ipv4/ip_addr.o
 .debug_ranges  0x00000138       0x60 ./lwip/src/core/ipv4/ip_frag.o
 .debug_ranges  0x00000198       0x28 ./lwip/src/core/def.o
 .debug_ranges  0x000001c0      0x120 ./lwip/src/core/dhcp.o
 .debug_ranges  0x000002e0       0x10 ./lwip/src/core/init.o
 .debug_ranges  0x000002f0       0x70 ./lwip/src/core/netif.o
 .debug_ranges  0x00000360       0xb0 ./lwip/src/core/pbuf.o
 .debug_ranges  0x00000410       0x48 ./lwip/src/core/raw.o
 .debug_ranges  0x00000458      0x130 ./lwip/src/core/tcp.o
 .debug_ranges  0x00000588       0x40 ./lwip/src/core/tcp_in.o
 .debug_ranges  0x000005c8       0x90 ./lwip/src/core/tcp_out.o
 .debug_ranges  0x00000658       0x60 ./lwip/src/core/timers.o
 .debug_ranges  0x000006b8       0x80 ./lwip/src/core/udp.o
 .debug_ranges  0x00000738      0x118 ./lwip/src/arch/lpc17xx_40xx_emac.o
 .debug_ranges  0x00000850       0x48 ./lwip/src/arch/lpc17xx_40xx_systick_arch.o
 .debug_ranges  0x00000898       0x10 ./lwip/src/arch/lpc_debug.o
 .debug_ranges  0x000008a8       0x70 ./example/src/cr_startup_lpc175x_6x.o
 .debug_ranges  0x00000918       0x48 ./example/src/echo.o
 .debug_ranges  0x00000960       0x28 ./example/src/lwip_tcpecho_sa.o
 .debug_ranges  0x00000988       0x10 ./example/src/sysinit.o
 .debug_ranges  0x00000998      0x150 C:\Users\nykos\src\cpu-achitecture\examples\lpc_board_nxp_lpcxpresso_1769\Debug\liblpc_board_nxp_lpcxpresso_1769.a(board.o)
 .debug_ranges  0x00000ae8       0x28 C:\Users\nykos\src\cpu-achitecture\examples\lpc_board_nxp_lpcxpresso_1769\Debug\liblpc_board_nxp_lpcxpresso_1769.a(board_sysinit.o)
 .debug_ranges  0x00000b10       0x38 C:\Users\nykos\src\cpu-achitecture\examples\lpc_board_nxp_lpcxpresso_1769\Debug\liblpc_board_nxp_lpcxpresso_1769.a(lpc_phy_smsc87x0.o)
 .debug_ranges  0x00000b48       0x28 C:\Users\nykos\src\cpu-achitecture\examples\lpc_chip_175x_6x\Debug\liblpc_chip_175x_6x.a(chip_17xx_40xx.o)
 .debug_ranges  0x00000b70      0x110 C:\Users\nykos\src\cpu-achitecture\examples\lpc_chip_175x_6x\Debug\liblpc_chip_175x_6x.a(clock_17xx_40xx.o)
 .debug_ranges  0x00000c80       0x98 C:\Users\nykos\src\cpu-achitecture\examples\lpc_chip_175x_6x\Debug\liblpc_chip_175x_6x.a(enet_17xx_40xx.o)
 .debug_ranges  0x00000d18       0x20 C:\Users\nykos\src\cpu-achitecture\examples\lpc_chip_175x_6x\Debug\liblpc_chip_175x_6x.a(iocon_17xx_40xx.o)
 .debug_ranges  0x00000d38       0x50 C:\Users\nykos\src\cpu-achitecture\examples\lpc_chip_175x_6x\Debug\liblpc_chip_175x_6x.a(sysinit_17xx_40xx.o)
 .debug_ranges  0x00000d88      0x118 C:\Users\nykos\src\cpu-achitecture\examples\lpc_chip_175x_6x\Debug\liblpc_chip_175x_6x.a(uart_17xx_40xx.o)

.debug_macro    0x00000000     0x9bfe
 .debug_macro   0x00000000      0x1c7 ./lwip/src/netif/etharp.o
 .debug_macro   0x000001c7      0x874 ./lwip/src/netif/etharp.o
 .debug_macro   0x00000a3b      0x106 ./lwip/src/netif/etharp.o
 .debug_macro   0x00000b41       0x10 ./lwip/src/netif/etharp.o
 .debug_macro   0x00000b51      0x12d ./lwip/src/netif/etharp.o
 .debug_macro   0x00000c7e       0x28 ./lwip/src/netif/etharp.o
 .debug_macro   0x00000ca6       0x16 ./lwip/src/netif/etharp.o
 .debug_macro   0x00000cbc      0x5b2 ./lwip/src/netif/etharp.o
 .debug_macro   0x0000126e       0x9a ./lwip/src/netif/etharp.o
 .debug_macro   0x00001308       0x6a ./lwip/src/netif/etharp.o
 .debug_macro   0x00001372      0x343 ./lwip/src/netif/etharp.o
 .debug_macro   0x000016b5       0x5e ./lwip/src/netif/etharp.o
 .debug_macro   0x00001713      0x4ee ./lwip/src/netif/etharp.o
 .debug_macro   0x00001c01       0x4c ./lwip/src/netif/etharp.o
 .debug_macro   0x00001c4d      0x175 ./lwip/src/netif/etharp.o
 .debug_macro   0x00001dc2       0x76 ./lwip/src/netif/etharp.o
 .debug_macro   0x00001e38       0x4f ./lwip/src/netif/etharp.o
 .debug_macro   0x00001e87       0x70 ./lwip/src/netif/etharp.o
 .debug_macro   0x00001ef7      0x135 ./lwip/src/netif/etharp.o
 .debug_macro   0x0000202c       0x3a ./lwip/src/netif/etharp.o
 .debug_macro   0x00002066       0x10 ./lwip/src/netif/etharp.o
 .debug_macro   0x00002076       0x3a ./lwip/src/netif/etharp.o
 .debug_macro   0x000020b0       0x16 ./lwip/src/netif/etharp.o
 .debug_macro   0x000020c6      0x11c ./lwip/src/netif/etharp.o
 .debug_macro   0x000021e2      0x321 ./lwip/src/netif/etharp.o
 .debug_macro   0x00002503       0x3d ./lwip/src/netif/etharp.o
 .debug_macro   0x00002540      0x240 ./lwip/src/netif/etharp.o
 .debug_macro   0x00002780       0x86 ./lwip/src/netif/etharp.o
 .debug_macro   0x00002806      0x174 ./lwip/src/core/ipv4/icmp.o
 .debug_macro   0x0000297a       0x5e ./lwip/src/core/ipv4/icmp.o
 .debug_macro   0x000029d8       0x22 ./lwip/src/core/ipv4/icmp.o
 .debug_macro   0x000029fa      0x13b ./lwip/src/core/ipv4/icmp.o
 .debug_macro   0x00002b35      0x111 ./lwip/src/core/ipv4/inet_chksum.o
 .debug_macro   0x00002c46       0x1c ./lwip/src/core/ipv4/inet_chksum.o
 .debug_macro   0x00002c62      0x1d3 ./lwip/src/core/ipv4/ip.o
 .debug_macro   0x00002e35       0x10 ./lwip/src/core/ipv4/ip.o
 .debug_macro   0x00002e45       0x64 ./lwip/src/core/ipv4/ip.o